[warning] method.kind = "bse-tda" is Smoke-grade (see docs/VALIDATION.md): only excitation ordering and a physicality gate are checked; the excitation-energy gap error is inherited directly from the underlying GW quasiparticle gap (also Smoke-grade).
[ferric] memory budget: 10.73 GiB  [source: auto (0.8 × available RAM)]
ferric-gw: redressed eigenpotentials, max |‖V_α‖² − 1| = 1.710e-13
ferric-gw WARNING: G0W0 QP Newton solve did not converge for 1/105 state(s) (MO indices [93]); returned ε_qp for these states is the last Newton iterate, not a converged root.
warning: QP Newton solve did not converge for MO(s) [93] (root near a Σc pole?); those QP energies are best-effort
ferric BSE diag: λ_max(0)=2.5977  GW gap=0.4099 Ha (11.153 eV)  IP=10.420 eV
BSE-TDA[G0W0@HF]/aug-cc-pvdz (aux: aug-cc-pvdz-rifit) on testdata/molecules/thiel_set/acetaldehyde.xyz
  nbasis     = 105
  RHF energy = -152.9385405154 Hartree
  nocc = 12  nvir = 93  (1116 singlet states)
     n   Omega (eV)      f_osc
     1       5.3113    0.00016
     2       7.3043    0.01974
     3       8.0143    0.06607
     4       8.1719    0.00947
     5       8.3824    0.02482
     6       9.1219    0.00984
     7       9.2341    0.00226
     8       9.3522    0.04533
     9      10.0121    0.01201
    10      10.0483    0.00044
    11      10.1041    0.00090
    12      10.2763    0.14418
    13      10.3576    0.09188
    14      10.4585    0.00067
    15      10.7154    0.16074
    16      10.7988    0.01371
    17      10.8402    0.00293
    18      10.9640    0.08129
    19      11.1653    0.06794
    20      11.2536    0.06889
    21      11.4242    0.03528
    22      11.6193    0.01087
    23      11.9221    0.00180
    24      11.9768    0.00388
    25      12.0234    0.00043
    26      12.0398    0.05192
    27      12.0904    0.01720
    28      12.1956    0.02176
    29      12.2890    0.00303
    30      12.3198    0.02913
    31      12.3805    0.00776
    32      12.5542    0.07179
    33      12.5807    0.00306
    34      12.6536    0.02822
    35      12.7702    0.02028
    36      12.7825    0.04991
    37      12.9455    0.01584
    38      12.9730    0.00002
    39      13.1607    0.00049
    40      13.1620    0.02380
    41      13.2729    0.00130
    42      13.3091    0.00726
    43      13.3584    0.00020
    44      13.4005    0.03368
    45      13.5293    0.00211
    46      13.5808    0.00631
    47      13.6066    0.00004
    48      13.7344    0.09890
    49      13.8073    0.08882
    50      13.8972    0.01684
    51      13.9158    0.00184
    52      14.0055    0.03024
    53      14.0137    0.04502
    54      14.1643    0.07727
    55      14.2424    0.02825
    56      14.3286    0.05020
    57      14.3500    0.07253
    58      14.4077    0.02163
    59      14.4543    0.08320
    60      14.5369    0.01558
    61      14.5491    0.12670
    62      14.6455    0.08820
    63      14.6516    0.03846
    64      14.6964    0.01120
    65      14.7271    0.00020
    66      14.8025    0.00766
    67      14.8733    0.00750
    68      14.9475    0.02697
    69      14.9822    0.01447
    70      15.0150    0.01809
    71      15.0791    0.00614
    72      15.1797    0.00957
    73      15.2417    0.00864
    74      15.3074    0.00078
    75      15.3168    0.03815
    76      15.3980    0.12639
    77      15.5367    0.00016
    78      15.5588    0.00305
    79      15.6006    0.01865
    80      15.6361    0.11563
    81      15.6819    0.01396
    82      15.7062    0.01700
    83      15.7380    0.04768
    84      15.7661    0.00125
    85      15.9343    0.10707
    86      15.9816    0.11662
    87      16.0851    0.00917
    88      16.2307    0.03459
    89      16.3158    0.02622
    90      16.3613    0.10593
    91      16.4076    0.00170
    92      16.4519    0.03218
    93      16.5489    0.00928
    94      16.5717    0.06092
    95      16.5873    0.00826
    96      16.5992    0.02088
    97      16.6356    0.02218
    98      16.8126    0.00069
    99      16.8219    0.13931
   100      16.8342    0.01157
   101      16.8924    0.07993
   102      16.9212    0.15101
   103      17.0530    0.03445
   104      17.1127    0.02127
   105      17.1309    0.04311
   106      17.1838    0.03552
   107      17.2653    0.02801
   108      17.3367    0.21672
   109      17.4092    0.18756
   110      17.4946    0.02672
   111      17.5761    0.01431
   112      17.7308    0.01566
   113      17.8056    0.03338
   114      17.8946    0.03574
   115      17.9100    0.07877
   116      17.9611    0.00043
   117      18.0152    0.18463
   118      18.0406    0.00025
   119      18.1269    0.07787
   120      18.2254    0.00000
   121      18.2267    0.16683
   122      18.3535    0.00901
   123      18.4102    0.03732
   124      18.4143    0.00179
   125      18.4542    0.04988
   126      18.5244    0.02685
   127      18.5463    0.05834
   128      18.6238    0.08727
   129      18.8232    0.00354
   130      18.8308    0.03037
   131      18.9061    0.10321
   132      18.9080    0.07978
   133      18.9979    0.03302
   134      19.0079    0.07344
   135      19.0939    0.01094
   136      19.0948    0.07353
   137      19.1482    0.00013
   138      19.1892    0.03933
   139      19.2665    0.05774
   140      19.3370    0.06160
   141      19.3773    0.05927
   142      19.3904    0.00717
   143      19.4690    0.03200
   144      19.6925    0.02169
   145      19.6953    0.01171
   146      19.8369    0.30367
   147      19.8906    0.01887
   148      19.9474    0.04731
   149      19.9568    0.09068
   150      20.0429    0.00894
   151      20.0436    0.00601
   152      20.1055    0.02290
   153      20.1186    0.01780
   154      20.1546    0.00009
   155      20.2102    0.03102
   156      20.2842    0.01103
   157      20.2918    0.12766
   158      20.4311    0.00776
   159      20.4316    0.00239
   160      20.4726    0.05359
   161      20.5719    0.03373
   162      20.6158    0.03102
   163      20.7312    0.00623
   164      20.7826    0.05181
   165      20.8210    0.01161
   166      20.9230    0.03281
   167      20.9692    0.03038
   168      20.9849    0.04327
   169      21.0434    0.09323
   170      21.1615    0.02303
   171      21.2245    0.00255
   172      21.2529    0.05207
   173      21.3207    0.00391
   174      21.3444    0.00672
   175      21.4155    0.00239
   176      21.4352    0.01490
   177      21.5282    0.00770
   178      21.5837    0.07463
   179      21.6028    0.00528
   180      21.7263    0.14830
   181      21.7446    0.02010
   182      21.7886    0.00020
   183      21.8104    0.02572
   184      21.9162    0.00982
   185      21.9644    0.03507
   186      22.0482    0.01151
   187      22.1030    0.03492
   188      22.1541    0.08966
   189      22.1731    0.02023
   190      22.1867    0.07936
   191      22.2567    0.07405
   192      22.2749    0.00287
   193      22.3592    0.01249
   194      22.3801    0.00007
   195      22.4807    0.04116
   196      22.6054    0.02324
   197      22.6113    0.02923
   198      22.7450    0.02798
   199      22.7988    0.00018
   200      22.7998    0.00845
   201      22.9150    0.01521
   202      22.9481    0.00943
   203      23.0029    0.00949
   204      23.0310    0.00002
   205      23.0882    0.07178
   206      23.1603    0.00759
   207      23.1806    0.04501
   208      23.2303    0.00163
   209      23.2830    0.01002
   210      23.3779    0.04441
   211      23.4292    0.00667
   212      23.4799    0.12146
   213      23.4909    0.00085
   214      23.5074    0.02714
   215      23.5931    0.00392
   216      23.7004    0.00009
   217      23.7223    0.03005
   218      23.8395    0.01457
   219      23.8779    0.00002
   220      23.9344    0.04385
   221      24.0285    0.09181
   222      24.1043    0.03805
   223      24.2544    0.01470
   224      24.2767    0.00282
   225      24.2803    0.00261
   226      24.3559    0.01642
   227      24.3861    0.03943
   228      24.5372    0.01387
   229      24.5713    0.01648
   230      24.6498    0.03264
   231      24.7008    0.00476
   232      24.7536    0.04938
   233      24.8616    0.01013
   234      24.9286    0.00023
   235      24.9324    0.00150
   236      24.9536    0.09721
   237      24.9598    0.00028
   238      25.0199    0.00397
   239      25.0768    0.09601
   240      25.0999    0.02331
   241      25.1374    0.06274
   242      25.1938    0.14376
   243      25.1989    0.08798
   244      25.2582    0.02715
   245      25.3366    0.00750
   246      25.3933    0.01281
   247      25.4390    0.03673
   248      25.5897    0.02565
   249      25.6797    0.02278
   250      25.7342    0.00240
   251      25.7872    0.01072
   252      25.7897    0.00000
   253      25.8483    0.03557
   254      25.9125    0.02763
   255      25.9906    0.01247
   256      26.0289    0.01222
   257      26.1219    0.04990
   258      26.1294    0.01144
   259      26.2092    0.03449
   260      26.2487    0.00918
   261      26.2835    0.02012
   262      26.4138    0.02548
   263      26.4267    0.00001
   264      26.4773    0.00890
   265      26.4842    0.00187
   266      26.5710    0.00023
   267      26.6416    0.04071
   268      26.7045    0.03164
   269      26.7154    0.10483
   270      26.8220    0.10006
   271      26.9337    0.00600
   272      26.9429    0.06516
   273      26.9527    0.11274
   274      27.1012    0.00024
   275      27.1506    0.00192
   276      27.2969    0.00387
   277      27.2987    0.00100
   278      27.4435    0.09734
   279      27.4712    0.04824
   280      27.4775    0.08412
   281      27.5398    0.04827
   282      27.6124    0.21193
   283      27.6683    0.02791
   284      27.7083    0.37174
   285      27.8065    0.01585
   286      27.8928    0.00706
   287      27.9093    0.05131
   288      27.9540    0.00396
   289      27.9993    0.08691
   290      28.1181    0.00959
   291      28.2177    0.26837
   292      28.2276    0.00190
   293      28.2639    0.02164
   294      28.3499    0.01106
   295      28.3804    0.10613
   296      28.4176    0.04941
   297      28.4457    0.04385
   298      28.5252    0.01441
   299      28.5487    0.05600
   300      28.6086    0.02818
   301      28.7307    0.13205
   302      28.7438    0.00000
   303      28.8797    0.02291
   304      28.8824    0.15681
   305      29.0207    0.02208
   306      29.0780    0.03477
   307      29.2172    0.01085
   308      29.3201    0.01029
   309      29.3484    0.02731
   310      29.3837    0.00121
   311      29.5454    0.10807
   312      29.6589    0.00345
   313      29.8304    0.02466
   314      29.9739    0.00138
   315      30.0260    0.00596
   316      30.1821    0.12239
   317      30.2332    0.17889
   318      30.2392    0.01722
   319      30.3764    0.00746
   320      30.5118    0.00458
   321      30.6760    0.01723
   322      30.6947    0.00105
   323      30.7950    0.00085
   324      30.9002    0.00779
   325      30.9124    0.05451
   326      31.0276    0.00101
   327      31.1091    0.02043
   328      31.1352    0.02732
   329      31.1369    0.03939
   330      31.1378    0.00664
   331      31.2524    0.00290
   332      31.2580    0.10737
   333      31.3649    0.06177
   334      31.4412    0.00330
   335      31.5062    0.01008
   336      31.5526    0.04132
   337      31.6457    0.04253
   338      31.7325    0.11017
   339      31.8888    0.01328
   340      32.0867    0.00890
   341      32.1343    0.00279
   342      32.1396    0.05936
   343      32.2184    0.01833
   344      32.3065    0.00803
   345      32.3781    0.00524
   346      32.5001    0.02837
   347      32.5301    0.00319
   348      32.6124    0.02639
   349      32.7581    0.00250
   350      32.7882    0.00247
   351      32.8288    0.15375
   352      33.0195    0.03448
   353      33.0335    0.00729
   354      33.0955    0.01901
   355      33.1574    0.03558
   356      33.2131    0.00054
   357      33.2842    0.02502
   358      33.3317    0.03143
   359      33.4487    0.01687
   360      33.4639    0.00542
   361      33.4786    0.00036
   362      33.5549    0.00383
   363      33.5905    0.05034
   364      33.7842    0.00497
   365      33.8362    0.03502
   366      33.8514    0.00475
   367      33.9780    0.00549
   368      34.2087    0.02881
   369      34.3537    0.00595
   370      34.4235    0.01719
   371      34.4782    0.00221
   372      34.4874    0.03697
   373      34.5164    0.00003
   374      34.5734    0.01498
   375      34.5896    0.00014
   376      34.7095    0.00251
   377      34.8442    0.00929
   378      34.8563    0.00395
   379      34.8773    0.07545
   380      34.8986    0.01125
   381      35.0046    0.00082
   382      35.0309    0.00734
   383      35.1734    0.00426
   384      35.1953    0.04188
   385      35.2983    0.01601
   386      35.4474    0.00102
   387      35.5318    0.02406
   388      35.5400    0.00946
   389      35.7595    0.13194
   390      35.8569    0.00396
   391      36.0322    0.01458
   392      36.0727    0.04329
   393      36.1371    0.00098
   394      36.1903    0.00853
   395      36.2501    0.00124
   396      36.3276    0.06272
   397      36.4617    0.00045
   398      36.4697    0.07425
   399      36.6652    0.00752
   400      36.7448    0.01810
   401      36.8426    0.05784
   402      36.9176    0.01952
   403      37.0388    0.00907
   404      37.1235    0.04713
   405      37.2033    0.05349
   406      37.2303    0.09073
   407      37.2525    0.07585
   408      37.3775    0.00421
   409      37.4088    0.04860
   410      37.4670    0.14952
   411      37.5896    0.00117
   412      37.6171    0.01022
   413      37.7456    0.03879
   414      37.7599    0.03806
   415      37.8747    0.04605
   416      37.9092    0.00296
   417      38.1172    0.00182
   418      38.2095    0.01832
   419      38.2707    0.00275
   420      38.3560    0.01122
   421      38.5836    0.01316
   422      38.6204    0.01846
   423      38.7357    0.02677
   424      38.7909    0.00585
   425      38.8335    0.01364
   426      39.0375    0.00998
   427      39.2072    0.07361
   428      39.2978    0.02458
   429      39.4089    0.05742
   430      39.4583    0.04814
   431      39.5321    0.09093
   432      39.6907    0.00006
   433      39.7068    0.26518
   434      39.7387    0.01523
   435      39.9052    0.07255
   436      39.9267    0.00886
   437      40.1284    0.11667
   438      40.2172    0.03562
   439      40.3880    0.01986
   440      40.7471    0.00721
   441      41.0017    0.11929
   442      41.1216    0.03858
   443      41.1872    0.00288
   444      41.2643    0.05984
   445      41.3336    0.09058
   446      41.3733    0.04480
   447      41.4018    0.00538
   448      41.5372    0.02741
   449      41.5970    0.10434
   450      41.6312    0.11798
   451      41.6623    0.10627
   452      41.8043    0.06089
   453      41.9986    0.00521
   454      42.0845    0.00154
   455      42.0935    0.00802
   456      42.5150    0.15013
   457      42.5291    0.05146
   458      42.6580    0.10603
   459      42.6863    0.01711
   460      42.8199    0.01048
   461      42.8866    0.00373
   462      43.1911    0.00517
   463      43.2277    0.00006
   464      43.3368    0.00037
   465      43.3815    0.00557
   466      43.3926    0.02175
   467      43.5570    0.00033
   468      43.5653    0.01175
   469      43.6735    0.00378
   470      43.7128    0.00849
   471      43.8202    0.00298
   472      43.8741    0.00263
   473      43.9958    0.00197
   474      44.0802    0.00967
   475      44.1018    0.00009
   476      44.3336    0.00342
   477      44.4148    0.00099
   478      44.4785    0.01687
   479      44.6106    0.02310
   480      44.7650    0.01648
   481      44.9108    0.00728
   482      45.1371    0.05884
   483      45.1963    0.02610
   484      45.2741    0.02360
   485      45.2811    0.01486
   486      45.3816    0.08577
   487      45.4897    0.00677
   488      45.6174    0.05235
   489      45.6957    0.00618
   490      45.7951    0.00245
   491      45.8618    0.00558
   492      45.8985    0.05103
   493      46.0288    0.00404
   494      46.0623    0.08654
   495      46.0694    0.07759
   496      46.1678    0.00324
   497      46.4005    0.00117
   498      46.4025    0.08042
   499      46.6147    0.00559
   500      46.7496    0.00428
   501      46.7788    0.04746
   502      47.0064    0.00689
   503      47.1700    0.00462
   504      47.2083    0.00012
   505      47.3670    0.00300
   506      47.7818    0.00373
   507      48.2413    0.00033
   508      48.3046    0.02388
   509      48.5201    0.04123
   510      48.5908    0.01918
   511      48.8781    0.02484
   512      49.0301    0.00463
   513      49.0468    0.00140
   514      49.1396    0.05310
   515      49.3306    0.00115
   516      49.4054    0.11569
   517      49.7311    0.01583
   518      49.7714    0.00163
   519      49.9233    0.00358
   520      50.0092    0.00415
   521      50.1835    0.03568
   522      50.4098    0.03511
   523      50.4850    0.01441
   524      50.5662    0.01740
   525      50.9479    0.01157
   526      51.0228    0.01568
   527      51.1124    0.00019
   528      51.1220    0.04050
   529      51.2236    0.00599
   530      51.2741    0.00055
   531      51.3324    0.00100
   532      51.5258    0.01655
   533      51.7067    0.00591
   534      51.7933    0.00414
   535      51.9604    0.01395
   536      52.0255    0.00964
   537      52.1450    0.01086
   538      52.3759    0.07085
   539      52.5848    0.03107
   540      52.6502    0.14428
   541      52.7540    0.01828
   542      52.8237    0.00094
   543      53.0940    0.05538
   544      53.2051    0.04498
   545      53.2989    0.08645
   546      53.3902    0.02380
   547      53.4426    0.03060
   548      53.4717    0.02060
   549      53.5929    0.03929
   550      53.7535    0.00634
   551      53.7733    0.07188
   552      53.8613    0.01950
   553      54.1953    0.00952
   554      54.2582    0.11511
   555      54.2980    0.08373
   556      54.4842    0.01092
   557      54.6897    0.00826
   558      54.7356    0.02559
   559      54.8716    0.00587
   560      54.9121    0.02808
   561      54.9935    0.02558
   562      55.3061    0.00325
   563      55.4118    0.04057
   564      55.4677    0.06472
   565      55.8261    0.01109
   566      55.8856    0.00001
   567      55.9654    0.01242
   568      56.1064    0.00137
   569      56.1146    0.01395
   570      56.1577    0.00512
   571      56.2574    0.07788
   572      56.3905    0.00009
   573      56.5107    0.01657
   574      56.6673    0.01097
   575      56.6906    0.00881
   576      56.7809    0.00196
   577      57.1432    0.00809
   578      57.1826    0.04379
   579      57.2103    0.02944
   580      57.2800    0.03220
   581      57.4197    0.00517
   582      57.7119    0.00739
   583      57.8908    0.01675
   584      57.9720    0.00000
   585      58.0285    0.00466
   586      58.0978    0.00406
   587      58.2015    0.00471
   588      58.2752    0.01347
   589      58.4800    0.05192
   590      58.5496    0.03118
   591      58.6999    0.02276
   592      58.8877    0.02747
   593      58.9233    0.02359
   594      58.9741    0.00861
   595      59.1651    0.01144
   596      59.1734    0.01191
   597      59.3428    0.00159
   598      59.3711    0.00451
   599      59.4529    0.01971
   600      59.6658    0.00738
   601      59.8930    0.02223
   602      59.8949    0.02871
   603      59.8976    0.00100
   604      59.9608    0.00295
   605      60.1536    0.02143
   606      60.2235    0.01148
   607      60.3674    0.00099
   608      60.5527    0.00484
   609      60.6261    0.00695
   610      60.9737    0.00007
   611      61.0816    0.00834
   612      61.1795    0.00747
   613      61.2289    0.00144
   614      61.2302    0.00870
   615      61.3581    0.00228
   616      61.5964    0.00369
   617      61.7022    0.00791
   618      61.8150    0.00946
   619      61.8174    0.00014
   620      62.0197    0.03773
   621      62.0678    0.00462
   622      62.2928    0.02987
   623      62.2942    0.00012
   624      62.3455    0.01620
   625      62.4534    0.00002
   626      62.5127    0.00678
   627      62.5639    0.00172
   628      62.7185    0.01289
   629      62.9114    0.06152
   630      63.0478    0.00582
   631      63.0483    0.00547
   632      63.2669    0.00505
   633      63.4929    0.01820
   634      63.6377    0.00058
   635      63.8700    0.00374
   636      64.2533    0.01585
   637      64.2962    0.00168
   638      64.3566    0.00378
   639      64.5761    0.02358
   640      64.6518    0.00429
   641      64.7278    0.00372
   642      64.7440    0.00305
   643      64.8163    0.06421
   644      64.9216    0.03370
   645      65.1256    0.00370
   646      65.1595    0.00251
   647      65.2617    0.00772
   648      65.4740    0.00087
   649      65.5142    0.00596
   650      65.6728    0.00195
   651      65.6837    0.00435
   652      66.1355    0.00028
   653      66.1539    0.00300
   654      66.2274    0.00138
   655      66.3295    0.00984
   656      66.4211    0.02601
   657      66.7032    0.00167
   658      66.8142    0.00869
   659      66.8712    0.00263
   660      66.8785    0.00411
   661      67.1600    0.00399
   662      67.2023    0.00209
   663      67.4946    0.00080
   664      67.7152    0.00195
   665      67.8093    0.01186
   666      67.9604    0.01106
   667      68.1284    0.00076
   668      68.1511    0.02473
   669      68.4445    0.00114
   670      68.4921    0.00001
   671      68.8178    0.00098
   672      68.9278    0.00755
   673      68.9574    0.01022
   674      69.0207    0.00090
   675      69.0770    0.00493
   676      69.1929    0.00367
   677      69.5232    0.00802
   678      69.5411    0.00166
   679      69.5520    0.09882
   680      69.7882    0.00012
   681      69.9806    0.00899
   682      70.1956    0.01484
   683      70.7385    0.00094
   684      70.7732    0.00061
   685      71.3172    0.00647
   686      71.5800    0.00182
   687      71.6985    0.00361
   688      72.1385    0.00106
   689      72.2219    0.00217
   690      72.2816    0.00101
   691      72.4305    0.03091
   692      72.6849    0.07861
   693      72.7691    0.00044
   694      73.1965    0.00041
   695      73.4855    0.01630
   696      73.9063    0.00000
   697      73.9391    0.01989
   698      74.2020    0.00872
   699      74.5431    0.05027
   700      74.6478    0.00015
   701      74.8770    0.00312
   702      74.9516    0.00049
   703      75.3851    0.00010
   704      75.6167    0.00505
   705      76.0427    0.01224
   706      76.3918    0.00837
   707      76.4450    0.00006
   708      76.6376    0.01392
   709      76.7236    0.00161
   710      76.8146    0.00309
   711      76.8896    0.00207
   712      77.3192    0.00142
   713      78.3467    0.00164
   714      78.4558    0.00209
   715      78.7951    0.00297
   716      78.8279    0.01472
   717      79.1695    0.00791
   718      79.3564    0.00249
   719      80.1086    0.02135
   720      80.1550    0.02106
   721      80.8370    0.00115
   722      81.0193    0.00105
   723      81.3660    0.01103
   724      81.3890    0.00561
   725      81.4721    0.00178
   726      81.8208    0.00119
   727      82.5297    0.02669
   728      82.5997    0.00888
   729      83.0160    0.00001
   730      83.0491    0.00119
   731      83.1515    0.00419
   732      83.2882    0.00195
   733      83.3946    0.00041
   734      83.8355    0.00767
   735      84.0063    0.05457
   736      84.2862    0.01632
   737      84.3811    0.01525
   738      84.7397    0.00032
   739      84.7734    0.00582
   740      84.8677    0.01458
   741      85.2230    0.00218
   742      85.4715    0.00133
   743      85.4720    0.00491
   744      85.6526    0.00006
   745      85.6937    0.00004
   746      85.7088    0.00116
   747      86.2736    0.01082
   748      86.3199    0.00059
   749      86.3888    0.00690
   750      86.5480    0.00604
   751      86.5775    0.00042
   752      86.7977    0.00880
   753      87.8901    0.00199
   754      88.0512    0.00148
   755      88.1134    0.01553
   756      88.4761    0.00015
   757      88.6120    0.00213
   758      88.7293    0.00479
   759      89.7138    0.01305
   760      89.9940    0.00056
   761      90.7151    0.00229
   762      91.1714    0.01549
   763      91.9263    0.00299
   764      92.2298    0.00643
   765      92.6128    0.00660
   766      93.6292    0.00912
   767      93.6970    0.01100
   768      93.8025    0.00898
   769      94.3532    0.01501
   770      94.5796    0.00750
   771      94.6638    0.01309
   772      94.8063    0.00000
   773      95.6221    0.00041
   774      95.8312    0.00227
   775      96.2829    0.00343
   776      97.0776    0.03498
   777      97.1267    0.02192
   778      98.1963    0.08741
   779      98.4320    0.04354
   780      99.3324    0.00316
   781      99.4189    0.00185
   782     100.4183    0.00141
   783     100.5545    0.00001
   784     101.3267    0.00418
   785     101.4885    0.04278
   786     101.7066    0.10221
   787     101.9215    0.00203
   788     101.9546    0.01214
   789     102.0673    0.00069
   790     102.3273    0.04133
   791     102.5752    0.02803
   792     102.7388    0.00612
   793     103.1774    0.01657
   794     103.8491    0.02415
   795     104.5660    0.00381
   796     104.8706    0.00596
   797     104.9636    0.00004
   798     105.0311    0.01617
   799     105.1178    0.00915
   800     105.8636    0.12517
   801     106.1679    0.00072
   802     106.5011    0.00027
   803     106.5206    0.00124
   804     106.8231    0.00235
   805     107.5563    0.00019
   806     107.7456    0.07165
   807     108.2770    0.19002
   808     108.8680    0.14129
   809     109.3678    0.01020
   810     109.4939    0.02127
   811     109.7546    0.01251
   812     109.7607    0.03587
   813     109.9920    0.00428
   814     110.9035    0.00298
   815     111.2306    0.00024
   816     111.2598    0.00064
   817     112.1954    0.16593
   818     112.8172    0.00246
   819     112.8908    0.01126
   820     114.2323    0.01968
   821     114.6797    0.13800
   822     115.6210    0.00151
   823     115.9460    0.00091
   824     117.2418    0.11882
   825     118.0654    0.01344
   826     118.5429    0.04796
   827     119.0564    0.00016
   828     119.8969    0.01116
   829     120.0829    0.00005
   830     120.1072    0.00227
   831     120.3137    0.00143
   832     120.5410    0.00034
   833     122.9465    0.00254
   834     123.7782    0.01270
   835     125.1678    0.00414
   836     129.1486    0.00009
   837     133.7415    0.00127
   838     296.4505    0.08559
   839     297.1619    0.00061
   840     297.3452    0.00714
   841     298.2671    0.02329
   842     298.4063    0.01350
   843     298.9666    0.00671
   844     299.5466    0.00406
   845     299.9757    0.00163
   846     300.0287    0.00182
   847     300.4324    0.00414
   848     300.6009    0.00501
   849     300.7287    0.01421
   850     300.7709    0.00326
   851     300.9400    0.01975
   852     301.0796    0.01300
   853     301.5354    0.01115
   854     301.7728    0.00229
   855     301.9749    0.00300
   856     302.3374    0.01269
   857     302.3547    0.00089
   858     302.5908    0.00537
   859     302.9718    0.00160
   860     303.1198    0.00302
   861     303.1488    0.00562
   862     303.6571    0.01072
   863     303.7711    0.00085
   864     303.8523    0.00083
   865     304.0739    0.00036
   866     304.1182    0.00091
   867     304.4467    0.00246
   868     304.6871    0.00012
   869     305.0087    0.00581
   870     305.0615    0.00168
   871     305.2476    0.00361
   872     305.4132    0.00036
   873     305.5726    0.01137
   874     305.6933    0.00250
   875     305.8160    0.00476
   876     305.9944    0.00375
   877     306.1217    0.01951
   878     306.2027    0.01961
   879     306.4236    0.00462
   880     306.7333    0.00828
   881     306.7435    0.00119
   882     306.8878    0.01938
   883     307.0846    0.00061
   884     307.4474    0.00156
   885     308.0719    0.00278
   886     308.3207    0.00025
   887     308.4658    0.01467
   888     308.5503    0.00804
   889     308.6820    0.00505
   890     308.8150    0.01259
   891     309.1232    0.00135
   892     309.4468    0.00679
   893     309.4876    0.02192
   894     309.9305    0.00738
   895     310.2672    0.00014
   896     310.2841    0.01169
   897     310.6153    0.00198
   898     310.8883    0.00476
   899     311.1519    0.00042
   900     311.4134    0.02120
   901     311.7986    0.01001
   902     311.9288    0.00164
   903     311.9730    0.00539
   904     312.1428    0.00673
   905     312.5395    0.00085
   906     312.6809    0.00787
   907     312.6905    0.01398
   908     313.1787    0.00091
   909     313.2750    0.00038
   910     313.6329    0.01384
   911     313.7365    0.00428
   912     313.8002    0.00320
   913     314.2774    0.00295
   914     314.4653    0.00260
   915     314.6609    0.00280
   916     314.6799    0.00439
   917     314.7985    0.00608
   918     315.6490    0.00803
   919     315.9898    0.00750
   920     316.3807    0.00157
   921     316.4713    0.00901
   922     316.7225    0.01037
   923     316.7526    0.02174
   924     318.2781    0.01577
   925     318.5248    0.03297
   926     318.5775    0.02569
   927     318.7429    0.03712
   928     319.3745    0.03654
   929     319.7829    0.00271
   930     320.3372    0.01539
   931     320.6668    0.02311
   932     320.8654    0.03085
   933     320.9944    0.01990
   934     322.0322    0.00022
   935     322.5487    0.00262
   936     323.7877    0.01443
   937     323.9131    0.02577
   938     324.8170    0.00288
   939     325.2983    0.00146
   940     326.2833    0.01054
   941     326.4663    0.00117
   942     327.7697    0.00198
   943     327.9452    0.00637
   944     327.9783    0.00791
   945     328.5818    0.02016
   946     328.6693    0.00157
   947     329.1449    0.01246
   948     329.8484    0.00479
   949     329.8866    0.00145
   950     330.1619    0.00499
   951     331.9675    0.01339
   952     332.0556    0.01122
   953     332.5694    0.00024
   954     332.6630    0.00068
   955     335.2808    0.00115
   956     335.5309    0.00032
   957     335.6615    0.00075
   958     336.6982    0.00078
   959     336.7358    0.00022
   960     337.4520    0.00007
   961     337.9387    0.00440
   962     338.6556    0.00450
   963     339.1630    0.00010
   964     339.3910    0.00049
   965     339.8343    0.00010
   966     340.6666    0.00190
   967     341.9600    0.00742
   968     342.8891    0.01110
   969     343.0963    0.00631
   970     343.8193    0.00534
   971     343.8428    0.00102
   972     344.3607    0.00061
   973     344.8052    0.00529
   974     345.2478    0.00003
   975     345.8117    0.00904
   976     346.0968    0.00077
   977     346.4137    0.00595
   978     346.4158    0.00043
   979     346.4864    0.00241
   980     347.1462    0.00042
   981     348.4656    0.00167
   982     348.7093    0.00013
   983     349.9962    0.01177
   984     350.2026    0.01146
   985     350.6526    0.02171
   986     351.6518    0.00113
   987     351.7549    0.02254
   988     352.0111    0.00306
   989     352.0401    0.00802
   990     353.1857    0.00005
   991     354.3276    0.01169
   992     354.4533    0.00986
   993     355.6100    0.00070
   994     356.3092    0.00958
   995     357.8366    0.00231
   996     358.2641    0.00886
   997     360.2217    0.00476
   998     361.9593    0.00313
   999     365.5650    0.02177
  1000     365.7078    0.00002
  1001     368.5907    0.03289
  1002     369.6548    0.00921
  1003     369.9644    0.05974
  1004     370.4480    0.01564
  1005     371.0167    0.00690
  1006     371.8579    0.00673
  1007     372.9180    0.00317
  1008     374.7876    0.00361
  1009     377.6356    0.00006
  1010     378.7061    0.01718
  1011     382.5304    0.00515
  1012     387.2497    0.00405
  1013     387.3169    0.00021
  1014     391.6411    0.00001
  1015     391.8898    0.00000
  1016     392.0336    0.00053
  1017     392.2037    0.00005
  1018     394.8365    0.00008
  1019     395.3186    0.00016
  1020     396.3117    0.00066
  1021     396.4594    0.00139
  1022     404.0582    0.02324
  1023     405.4133    0.00004
  1024     544.2396    0.04378
  1025     548.1050    0.00051
  1026     548.8686    0.00030
  1027     549.0338    0.00025
  1028     549.1302    0.00110
  1029     549.9228    0.00265
  1030     550.1419    0.00033
  1031     550.2693    0.00105
  1032     550.8529    0.00102
  1033     550.9157    0.00231
  1034     551.2178    0.00141
  1035     551.5200    0.00121
  1036     552.3064    0.00055
  1037     552.5396    0.00305
  1038     552.5474    0.00677
  1039     552.8922    0.00431
  1040     553.2636    0.00184
  1041     553.6149    0.00464
  1042     554.0624    0.00184
  1043     554.6410    0.00094
  1044     555.0261    0.00697
  1045     555.9357    0.00004
  1046     556.5064    0.00113
  1047     556.5624    0.00514
  1048     557.2898    0.00607
  1049     557.5314    0.00004
  1050     557.7497    0.00024
  1051     558.2528    0.01618
  1052     558.9514    0.00142
  1053     559.4122    0.00000
  1054     560.3058    0.00125
  1055     560.9047    0.00048
  1056     560.9995    0.00189
  1057     561.1734    0.00565
  1058     561.4455    0.01275
  1059     561.7546    0.00398
  1060     561.9171    0.00393
  1061     562.8829    0.00452
  1062     563.2305    0.00243
  1063     563.6029    0.00115
  1064     563.7150    0.00007
  1065     564.2594    0.00188
  1066     565.9786    0.00146
  1067     566.3214    0.00329
  1068     568.6153    0.00305
  1069     568.8652    0.00000
  1070     568.9261    0.00111
  1071     570.5724    0.00735
  1072     571.8618    0.01602
  1073     572.5159    0.00053
  1074     573.8882    0.00116
  1075     574.2353    0.00877
  1076     574.8594    0.00198
  1077     575.7593    0.00423
  1078     576.4548    0.00061
  1079     577.6108    0.04131
  1080     579.5069    0.00545
  1081     580.2818    0.00045
  1082     582.6678    0.00734
  1083     583.7286    0.00900
  1084     584.6326    0.06795
  1085     586.1834    0.00685
  1086     586.5899    0.00929
  1087     588.2907    0.06645
  1088     589.8611    0.00793
  1089     591.3801    0.02045
  1090     592.7936    0.00000
  1091     593.8938    0.00811
  1092     594.2238    0.00082
  1093     594.2905    0.00263
  1094     597.0017    0.00006
  1095     597.8944    0.00215
  1096     599.1661    0.00050
  1097     599.5743    0.00198
  1098     600.8864    0.00009
  1099     602.4687    0.00240
  1100     603.4981    0.00059
  1101     604.3472    0.00163
  1102     605.6082    0.00301
  1103     609.4394    0.00455
  1104     613.4401    0.00005
  1105     618.9971    0.00014
  1106     619.3859    0.00039
  1107     620.6406    0.00370
  1108     622.3862    0.00154
  1109     625.4003    0.00007
  1110     630.5793    0.00253
  1111     633.0808    0.01194
  1112     635.8350    0.00002
  1113     636.2379    0.00017
  1114     639.3082    0.00076
  1115     640.9363    0.00107
  1116     649.2964    0.00194
  lowest singlet excitation = 5.3113 eV  (f = 0.00016)
