[warning] method.kind = "bse-tda" is Smoke-grade (see docs/VALIDATION.md): only excitation ordering and a physicality gate are checked; the excitation-energy gap error is inherited directly from the underlying GW quasiparticle gap (also Smoke-grade).
[ferric] memory budget: 10.68 GiB  [source: auto (0.8 × available RAM)]
ferric-gw: redressed eigenpotentials, max |‖V_α‖² − 1| = 1.090e-13
ferric BSE diag: λ_max(0)=2.4130  GW gap=0.3629 Ha (9.875 eV)  IP=9.000 eV
BSE-TDA[G0W0@HF]/aug-cc-pvdz (aux: aug-cc-pvdz-rifit) on testdata/molecules/thiel_set/butadiene.xyz
  nbasis     = 146
  RHF energy = -154.9403947321 Hartree
  nocc = 15  nvir = 131  (1965 singlet states)
     n   Omega (eV)      f_osc
     1       6.3869    0.00000
     2       6.5164    0.78720
     3       6.7257    0.00198
     4       6.8763    0.05920
     5       7.5497    0.00000
     6       7.6131    0.00000
     7       7.6385    0.00000
     8       7.8729    0.26801
     9       8.4486    0.00000
    10       8.4697    0.01546
    11       8.6725    0.01011
    12       8.7476    0.00707
    13       8.7789    0.00000
    14       8.9756    0.00000
    15       9.1976    0.06234
    16       9.2623    0.00000
    17       9.2655    0.00094
    18       9.4626    0.00452
    19       9.4796    0.00000
    20       9.6962    0.00000
    21       9.7844    0.00198
    22       9.8438    0.00000
    23       9.8469    0.04589
    24      10.0125    0.00000
    25      10.0865    0.00000
    26      10.2320    0.00000
    27      10.3036    0.00000
    28      10.3656    0.00000
    29      10.4204    0.20401
    30      10.4814    0.00000
    31      10.5117    0.01231
    32      10.5292    0.02220
    33      10.5658    0.00000
    34      10.6089    0.19195
    35      10.7188    0.31468
    36      10.9791    0.10348
    37      11.0927    0.00000
    38      11.1501    0.00000
    39      11.2618    0.00000
    40      11.3052    0.01093
    41      11.3803    0.03363
    42      11.4195    0.00000
    43      11.4341    0.00000
    44      11.5257    0.01210
    45      11.5287    0.00000
    46      11.6072    0.00000
    47      11.6864    0.00313
    48      11.6977    0.00000
    49      11.7223    0.00359
    50      11.8888    0.12057
    51      11.8969    0.01684
    52      11.9827    0.13219
    53      11.9832    0.00000
    54      12.0459    0.00000
    55      12.0709    0.04703
    56      12.1416    0.00000
    57      12.2101    0.03103
    58      12.2194    0.00000
    59      12.3114    0.02121
    60      12.3314    0.00000
    61      12.3406    0.00000
    62      12.4319    0.00357
    63      12.6032    0.02262
    64      12.6108    0.00000
    65      12.7040    0.00573
    66      12.7140    0.10506
    67      12.7195    0.00000
    68      12.7245    0.00000
    69      12.7688    0.00000
    70      12.8099    0.03023
    71      12.8110    0.00000
    72      12.8722    0.08585
    73      12.8994    0.00000
    74      12.9341    0.00467
    75      12.9609    0.00000
    76      12.9806    0.00346
    77      13.1255    0.05607
    78      13.1347    0.00000
    79      13.1561    0.00206
    80      13.1930    0.15588
    81      13.2608    0.00000
    82      13.2921    0.09660
    83      13.4383    0.00000
    84      13.4505    0.00740
    85      13.4803    0.00091
    86      13.5354    0.00000
    87      13.5425    0.03265
    88      13.5431    0.00000
    89      13.5985    0.03182
    90      13.6043    0.00000
    91      13.6870    0.00000
    92      13.7460    0.00000
    93      13.7704    0.05350
    94      13.7976    0.00000
    95      13.8388    0.00502
    96      13.8634    0.00000
    97      13.9566    0.00000
    98      13.9657    0.02982
    99      13.9720    0.00013
   100      14.0339    0.00096
   101      14.1008    0.00000
   102      14.1941    0.03104
   103      14.2055    0.04567
   104      14.2720    0.00000
   105      14.3169    0.00000
   106      14.3407    0.03803
   107      14.3729    0.11802
   108      14.3928    0.00000
   109      14.4549    0.00000
   110      14.5202    0.00746
   111      14.5717    0.00000
   112      14.5960    0.00000
   113      14.6045    0.00951
   114      14.6120    0.21528
   115      14.6578    0.37765
   116      14.6678    0.00983
   117      14.6757    0.00000
   118      14.6879    0.00000
   119      14.8181    0.06684
   120      14.8246    0.00000
   121      14.8288    0.00492
   122      14.8508    0.00000
   123      14.8993    0.00000
   124      14.9688    0.00000
   125      15.0316    0.00000
   126      15.0547    0.01923
   127      15.0571    0.00737
   128      15.1081    0.00000
   129      15.1250    0.00000
   130      15.1511    0.00023
   131      15.1875    0.00000
   132      15.1940    0.00000
   133      15.1995    0.04186
   134      15.3245    0.00000
   135      15.3360    0.00141
   136      15.3393    0.00000
   137      15.3622    0.00000
   138      15.4368    0.00000
   139      15.4571    0.00000
   140      15.4662    0.07739
   141      15.4994    0.05522
   142      15.5472    0.00361
   143      15.5562    0.00000
   144      15.6198    0.12360
   145      15.8045    0.00000
   146      15.8644    0.11058
   147      15.9725    0.00645
   148      15.9804    0.00000
   149      16.0018    0.00000
   150      16.0244    0.15325
   151      16.0657    0.00000
   152      16.0821    0.00190
   153      16.0949    0.10882
   154      16.1392    0.00000
   155      16.1780    0.00000
   156      16.1795    0.04763
   157      16.2114    0.00000
   158      16.2237    0.27599
   159      16.2834    0.04932
   160      16.3212    0.00000
   161      16.3220    0.03581
   162      16.4291    0.04805
   163      16.4955    0.00000
   164      16.5519    0.01469
   165      16.5861    0.00689
   166      16.6113    0.00000
   167      16.6252    0.00000
   168      16.6686    0.00000
   169      16.7706    0.00000
   170      16.7751    0.00197
   171      16.7990    0.01737
   172      16.8053    0.00000
   173      16.8198    0.14101
   174      16.8383    0.00000
   175      16.8430    0.00923
   176      16.8671    0.19121
   177      16.9161    0.00000
   178      16.9313    0.00000
   179      17.0062    0.06063
   180      17.0538    0.00000
   181      17.0713    0.06968
   182      17.0912    0.01659
   183      17.1036    0.00000
   184      17.1408    0.00000
   185      17.1791    0.07985
   186      17.2226    0.00005
   187      17.2821    0.00000
   188      17.3012    0.00000
   189      17.3036    0.04951
   190      17.3759    0.00000
   191      17.3842    0.02867
   192      17.4283    0.00000
   193      17.4534    0.01972
   194      17.5245    0.00154
   195      17.5492    0.00000
   196      17.5809    0.23146
   197      17.6273    0.21511
   198      17.6400    0.00000
   199      17.6924    0.00000
   200      17.7000    0.00000
   201      17.7049    0.00000
   202      17.7450    0.14681
   203      17.7792    0.03449
   204      17.8219    0.31265
   205      17.8782    0.20152
   206      17.8903    0.10407
   207      17.9342    0.00000
   208      17.9484    0.17505
   209      17.9962    0.00000
   210      17.9996    0.00000
   211      18.0435    0.00626
   212      18.0982    0.12079
   213      18.1116    0.18343
   214      18.1601    0.02612
   215      18.2039    0.00000
   216      18.2354    0.00000
   217      18.2792    0.00000
   218      18.2845    0.01303
   219      18.3987    0.03205
   220      18.4479    0.00000
   221      18.4487    0.00916
   222      18.4586    0.02000
   223      18.4641    0.17052
   224      18.5635    0.00000
   225      18.6104    0.00456
   226      18.6317    0.00000
   227      18.6532    0.00000
   228      18.6541    0.00000
   229      18.7110    0.01498
   230      18.7119    0.00043
   231      18.8043    0.00000
   232      18.8054    0.00000
   233      18.8220    0.00395
   234      18.8587    0.00000
   235      18.8757    0.01883
   236      18.8905    0.00000
   237      18.9036    0.27602
   238      18.9370    0.00000
   239      19.0256    0.06824
   240      19.0724    0.00000
   241      19.1028    0.14067
   242      19.2151    0.00000
   243      19.2962    0.00000
   244      19.3173    0.00000
   245      19.3400    0.10281
   246      19.3565    0.00000
   247      19.3788    0.00229
   248      19.4050    0.00000
   249      19.4475    0.01468
   250      19.4842    0.21917
   251      19.4902    0.18023
   252      19.4956    0.00000
   253      19.5794    0.00000
   254      19.6306    0.00000
   255      19.6585    0.00006
   256      19.6708    0.00000
   257      19.7091    0.00000
   258      19.7154    0.00743
   259      19.7313    0.00000
   260      19.7755    0.00859
   261      19.8484    0.26147
   262      19.8535    0.00000
   263      19.9128    0.00000
   264      19.9457    0.00000
   265      19.9472    0.09874
   266      19.9933    0.00423
   267      20.0008    0.00000
   268      20.0481    0.02884
   269      20.0736    0.00000
   270      20.0994    0.00000
   271      20.1008    0.00000
   272      20.1200    0.04447
   273      20.1498    0.00906
   274      20.1987    0.14195
   275      20.2356    0.00000
   276      20.2409    0.00099
   277      20.2827    0.06034
   278      20.3554    0.00000
   279      20.3642    0.21857
   280      20.3805    0.00000
   281      20.4176    0.00000
   282      20.4660    0.01662
   283      20.4662    0.00000
   284      20.4879    0.02840
   285      20.5201    0.00000
   286      20.5725    0.00000
   287      20.6612    0.00536
   288      20.6863    0.23048
   289      20.6979    0.00000
   290      20.7308    0.24513
   291      20.7859    0.00000
   292      20.7999    0.64171
   293      20.8291    0.00000
   294      20.8532    0.00000
   295      20.8605    0.12767
   296      20.8944    0.07582
   297      20.8954    0.00000
   298      20.9329    0.00751
   299      20.9697    0.00857
   300      20.9950    0.04507
   301      21.0132    0.00000
   302      21.0174    0.00000
   303      21.1213    0.08802
   304      21.1515    0.00000
   305      21.1655    0.00000
   306      21.2051    0.04638
   307      21.2234    0.00000
   308      21.2272    0.07509
   309      21.2512    0.00000
   310      21.3165    0.01826
   311      21.3194    0.09817
   312      21.3377    0.00000
   313      21.3969    0.00736
   314      21.4175    0.00000
   315      21.4567    0.00460
   316      21.4638    0.00000
   317      21.4948    0.00000
   318      21.5016    0.00499
   319      21.5105    0.07910
   320      21.5944    0.00000
   321      21.5988    0.04399
   322      21.6345    0.00000
   323      21.7161    0.00000
   324      21.7334    0.36658
   325      21.7433    0.00220
   326      21.8415    0.00000
   327      21.9075    0.21181
   328      21.9295    0.28679
   329      22.0123    0.00000
   330      22.0750    0.05791
   331      22.0979    0.00000
   332      22.0997    0.00249
   333      22.1181    0.00000
   334      22.1456    0.00000
   335      22.1523    0.00586
   336      22.2182    0.00000
   337      22.2277    0.01688
   338      22.2738    0.02230
   339      22.2785    0.00000
   340      22.3156    0.01572
   341      22.3192    0.00000
   342      22.3335    0.01590
   343      22.3503    0.00000
   344      22.4344    0.11801
   345      22.4584    0.11547
   346      22.4813    0.00000
   347      22.5470    0.00000
   348      22.5512    0.00000
   349      22.5779    0.00000
   350      22.6401    0.02149
   351      22.6406    0.00000
   352      22.7087    0.00000
   353      22.7382    0.00603
   354      22.7825    0.00000
   355      22.8034    0.00000
   356      22.8135    0.00538
   357      22.8536    0.00460
   358      22.8767    0.00000
   359      22.9106    0.00000
   360      22.9138    0.05975
   361      22.9542    0.03256
   362      22.9666    0.03364
   363      22.9690    0.00000
   364      22.9706    0.00000
   365      23.0318    0.00171
   366      23.1012    0.01795
   367      23.1129    0.31928
   368      23.2023    0.08055
   369      23.2023    0.00000
   370      23.2190    0.00000
   371      23.2389    0.00000
   372      23.2641    0.00000
   373      23.2819    0.09345
   374      23.3382    0.02165
   375      23.4276    0.00000
   376      23.4445    0.00000
   377      23.4511    0.06746
   378      23.4512    0.06211
   379      23.5299    0.00000
   380      23.5309    0.00383
   381      23.5564    0.00000
   382      23.6019    0.00000
   383      23.6052    0.13979
   384      23.6780    0.00264
   385      23.7253    0.00000
   386      23.7777    0.02219
   387      23.7835    0.01495
   388      23.7932    0.00198
   389      23.8194    0.00540
   390      23.8427    0.00000
   391      23.8767    0.00000
   392      23.8931    0.04231
   393      23.9426    0.00000
   394      23.9735    0.00000
   395      23.9872    0.00000
   396      24.0331    0.03209
   397      24.0482    0.00000
   398      24.0494    0.01098
   399      24.0777    0.01901
   400      24.1258    0.00000
   401      24.1346    0.00078
   402      24.1349    0.00000
   403      24.2119    0.00000
   404      24.2396    0.00901
   405      24.2533    0.01406
   406      24.2997    0.00000
   407      24.3053    0.09910
   408      24.3135    0.22057
   409      24.3473    0.08523
   410      24.3713    0.00000
   411      24.3848    0.00000
   412      24.4038    0.20324
   413      24.4732    0.00000
   414      24.5037    0.00000
   415      24.5567    0.00000
   416      24.5683    0.00184
   417      24.5684    0.06469
   418      24.6311    0.00000
   419      24.6361    0.00000
   420      24.6431    0.00000
   421      24.6804    0.00000
   422      24.6946    0.01477
   423      24.6978    0.02611
   424      24.7003    0.00004
   425      24.7318    0.00000
   426      24.7502    0.05727
   427      24.7584    0.02617
   428      24.7616    0.00000
   429      24.7753    0.00000
   430      24.8595    0.00000
   431      24.8731    0.03107
   432      24.8748    0.00039
   433      24.9117    0.00000
   434      24.9582    0.07667
   435      24.9854    0.00000
   436      25.0353    0.00006
   437      25.0800    0.00000
   438      25.0894    0.00000
   439      25.1304    0.01945
   440      25.1310    0.00000
   441      25.1430    0.30040
   442      25.1668    0.00000
   443      25.2531    0.00000
   444      25.2569    0.00422
   445      25.2801    0.00514
   446      25.2952    0.00000
   447      25.3029    0.00000
   448      25.3370    0.00171
   449      25.3696    0.09535
   450      25.3735    0.00000
   451      25.3811    0.00967
   452      25.4985    0.00000
   453      25.5317    0.00000
   454      25.5518    0.00148
   455      25.5834    0.01152
   456      25.5982    0.00000
   457      25.6065    0.07189
   458      25.7015    0.03852
   459      25.7020    0.00003
   460      25.7409    0.00154
   461      25.7453    0.02625
   462      25.7726    0.00000
   463      25.7830    0.10540
   464      25.8001    0.00000
   465      25.8788    0.00310
   466      25.9370    0.00000
   467      25.9739    0.11909
   468      26.0188    0.00000
   469      26.0312    0.00000
   470      26.0409    0.07821
   471      26.0500    0.01716
   472      26.1092    0.00208
   473      26.1146    0.00000
   474      26.1210    0.00000
   475      26.1424    0.00000
   476      26.1686    0.20159
   477      26.1713    0.00499
   478      26.1823    0.00000
   479      26.2070    0.04298
   480      26.2175    0.00000
   481      26.2485    0.00142
   482      26.2732    0.00000
   483      26.2992    0.00000
   484      26.3127    0.00753
   485      26.3243    0.00767
   486      26.4534    0.05428
   487      26.4585    0.04298
   488      26.4934    0.00000
   489      26.5142    0.00000
   490      26.5266    0.11218
   491      26.5486    0.18462
   492      26.5781    0.00000
   493      26.6190    0.00000
   494      26.6200    0.03899
   495      26.6807    0.00000
   496      26.6882    0.02689
   497      26.7759    0.01992
   498      26.8033    0.00000
   499      26.8447    0.00000
   500      26.9292    0.00000
   501      26.9306    0.00000
   502      26.9423    0.00000
   503      26.9553    0.00379
   504      26.9560    0.12206
   505      27.0260    0.08303
   506      27.0806    0.00000
   507      27.0883    0.02694
   508      27.1227    0.00000
   509      27.1300    0.00000
   510      27.1362    0.01339
   511      27.1469    0.00723
   512      27.1934    0.01493
   513      27.2182    0.00000
   514      27.2626    0.00000
   515      27.3313    0.05685
   516      27.3360    0.00000
   517      27.3457    0.00000
   518      27.4083    0.00000
   519      27.4551    0.03487
   520      27.4720    0.00023
   521      27.4796    0.00000
   522      27.5440    0.06724
   523      27.5674    0.01960
   524      27.5931    0.00000
   525      27.6109    0.00000
   526      27.6320    0.00000
   527      27.6378    0.00000
   528      27.6582    0.18835
   529      27.7138    0.13637
   530      27.7317    0.00000
   531      27.7413    0.00000
   532      27.7629    0.01540
   533      27.7666    0.00512
   534      27.7941    0.02810
   535      27.8417    0.00876
   536      27.8510    0.00000
   537      27.8910    0.03996
   538      27.8991    0.00000
   539      27.9652    0.00214
   540      28.0183    0.01804
   541      28.0405    0.00000
   542      28.0545    0.00391
   543      28.0847    0.00000
   544      28.1233    0.00000
   545      28.1259    0.00980
   546      28.2141    0.00000
   547      28.2698    0.00000
   548      28.2754    0.04507
   549      28.2803    0.00000
   550      28.2965    0.00000
   551      28.3209    0.03147
   552      28.3650    0.00000
   553      28.4125    0.20924
   554      28.4717    0.00006
   555      28.4904    0.00000
   556      28.5695    0.00000
   557      28.5741    0.07426
   558      28.5926    0.01743
   559      28.5960    0.00000
   560      28.6087    0.00000
   561      28.6706    0.00000
   562      28.6722    0.09381
   563      28.6872    0.06179
   564      28.7471    0.09940
   565      28.7879    0.00000
   566      28.8017    0.00000
   567      28.8458    0.00000
   568      28.8613    0.18459
   569      28.9210    0.00000
   570      28.9545    0.19525
   571      28.9786    0.12063
   572      29.0001    0.00000
   573      29.0065    0.00000
   574      29.0435    0.00000
   575      29.1102    0.00000
   576      29.1134    0.02954
   577      29.1137    0.02527
   578      29.1296    0.00000
   579      29.1744    0.00003
   580      29.3015    0.00000
   581      29.3293    0.05019
   582      29.3660    0.00000
   583      29.3926    0.00959
   584      29.4222    0.00000
   585      29.4510    0.02950
   586      29.4529    0.01557
   587      29.5249    0.05087
   588      29.5440    0.00000
   589      29.6125    0.00000
   590      29.6174    0.00766
   591      29.6764    0.19588
   592      29.6774    0.00000
   593      29.7158    0.00000
   594      29.7254    0.00000
   595      29.7262    0.01115
   596      29.7638    0.16986
   597      29.7677    0.00000
   598      29.8211    0.00000
   599      29.9527    0.27683
   600      29.9885    0.01274
   601      30.0344    0.00000
   602      30.0615    0.00000
   603      30.0783    0.14616
   604      30.0933    0.00000
   605      30.1661    0.00775
   606      30.1825    0.00000
   607      30.1905    0.00000
   608      30.2283    0.00320
   609      30.2928    0.00000
   610      30.3531    0.00000
   611      30.3622    0.00680
   612      30.3977    0.23291
   613      30.4903    0.17522
   614      30.5322    0.06597
   615      30.5402    0.00000
   616      30.5831    0.04183
   617      30.6379    0.04883
   618      30.6392    0.00000
   619      30.6650    0.01539
   620      30.7597    0.01227
   621      30.7608    0.00000
   622      30.8283    0.05071
   623      30.8332    0.00000
   624      30.8423    0.04445
   625      30.9166    0.00939
   626      30.9278    0.00000
   627      30.9529    0.00045
   628      30.9639    0.00567
   629      31.0690    0.00000
   630      31.0778    0.04359
   631      31.0918    0.01358
   632      31.1017    0.10698
   633      31.1485    0.00000
   634      31.2107    0.00000
   635      31.2239    0.00205
   636      31.2551    0.00000
   637      31.2840    0.02538
   638      31.2896    0.00570
   639      31.3265    0.04486
   640      31.3282    0.00000
   641      31.3378    0.00000
   642      31.3934    0.00000
   643      31.4113    0.00000
   644      31.4166    0.00000
   645      31.4188    0.02987
   646      31.4614    0.07028
   647      31.5225    0.00000
   648      31.5280    0.03041
   649      31.6119    0.00303
   650      31.6738    0.00000
   651      31.6799    0.00021
   652      31.7358    0.00000
   653      31.7585    0.00879
   654      31.7733    0.00000
   655      31.8414    0.00014
   656      31.8506    0.00000
   657      31.9237    0.00000
   658      32.0204    0.00000
   659      32.0508    0.01275
   660      32.0576    0.16362
   661      32.0928    0.00000
   662      32.1738    0.00000
   663      32.2097    0.00000
   664      32.3170    0.00527
   665      32.3336    0.00000
   666      32.3651    0.03861
   667      32.3785    0.00000
   668      32.4243    0.00000
   669      32.4817    0.00000
   670      32.4830    0.00000
   671      32.5178    0.00000
   672      32.5477    0.09184
   673      32.5948    0.14745
   674      32.6634    0.14411
   675      32.6919    0.00000
   676      32.7504    0.03554
   677      32.7656    0.00000
   678      32.7999    0.00000
   679      32.8535    0.00462
   680      32.8625    0.00017
   681      32.8746    0.00000
   682      32.9849    0.00000
   683      32.9969    0.04466
   684      33.0220    0.00316
   685      33.0258    0.00000
   686      33.0292    0.00635
   687      33.1404    0.00000
   688      33.1424    0.02235
   689      33.1428    0.00000
   690      33.2629    0.00000
   691      33.3032    0.04571
   692      33.4139    0.00000
   693      33.4491    0.02772
   694      33.4527    0.00000
   695      33.4874    0.00380
   696      33.4910    0.00000
   697      33.5203    0.00000
   698      33.5401    0.01063
   699      33.6151    0.00000
   700      33.6592    0.01309
   701      33.6991    0.03639
   702      33.7100    0.00000
   703      33.7824    0.01619
   704      33.8322    0.00440
   705      33.8628    0.05094
   706      33.9874    0.01489
   707      34.0568    0.00000
   708      34.0979    0.01728
   709      34.1384    0.00000
   710      34.1494    0.00000
   711      34.2662    0.00000
   712      34.2960    0.00575
   713      34.3424    0.00000
   714      34.3626    0.01468
   715      34.3970    0.00000
   716      34.4541    0.00585
   717      34.5151    0.01038
   718      34.5578    0.00000
   719      34.5741    0.00000
   720      34.6241    0.00777
   721      34.7171    0.00000
   722      34.7353    0.00018
   723      34.8292    0.00440
   724      34.9283    0.00000
   725      34.9711    0.00315
   726      34.9903    0.00000
   727      35.0384    0.01300
   728      35.0639    0.00000
   729      35.0725    0.00201
   730      35.1652    0.05079
   731      35.1790    0.00000
   732      35.2248    0.00000
   733      35.2696    0.00378
   734      35.3142    0.00000
   735      35.3322    0.00000
   736      35.5005    0.00000
   737      35.5151    0.00004
   738      35.5804    0.05424
   739      35.6510    0.00840
   740      35.8559    0.00203
   741      35.8956    0.00000
   742      35.8990    0.00000
   743      35.9438    0.01565
   744      35.9768    0.00654
   745      35.9898    0.00000
   746      36.0830    0.00000
   747      36.1112    0.00000
   748      36.1252    0.00000
   749      36.1460    0.00291
   750      36.2166    0.00000
   751      36.2403    0.00071
   752      36.2624    0.00101
   753      36.4526    0.00197
   754      36.4566    0.00000
   755      36.5625    0.00275
   756      36.6030    0.00003
   757      36.6278    0.00629
   758      36.6582    0.00000
   759      36.7206    0.00000
   760      36.7800    0.00000
   761      36.9097    0.00000
   762      36.9861    0.00000
   763      37.0690    0.00000
   764      37.0724    0.00000
   765      37.1097    0.02117
   766      37.1475    0.00000
   767      37.1977    0.00062
   768      37.2495    0.00000
   769      37.3339    0.00000
   770      37.3415    0.00029
   771      37.3655    0.02156
   772      37.3961    0.00000
   773      37.5377    0.01505
   774      37.5810    0.01481
   775      37.5871    0.00000
   776      37.8032    0.00000
   777      37.8177    0.04190
   778      37.8758    0.00000
   779      37.9438    0.02349
   780      38.0498    0.00179
   781      38.0690    0.00000
   782      38.1980    0.03908
   783      38.2567    0.00282
   784      38.2577    0.00000
   785      38.4249    0.00000
   786      38.4476    0.01046
   787      38.5187    0.01416
   788      38.5214    0.00000
   789      38.6180    0.00000
   790      38.7227    0.00000
   791      38.7246    0.00000
   792      38.7754    0.00937
   793      38.8014    0.00087
   794      38.8863    0.02317
   795      38.9532    0.00236
   796      38.9863    0.02726
   797      39.0507    0.00250
   798      39.0947    0.00416
   799      39.1770    0.00000
   800      39.2178    0.00000
   801      39.2239    0.00093
   802      39.4355    0.00000
   803      39.4381    0.00782
   804      39.5340    0.00000
   805      39.5684    0.00658
   806      39.7623    0.05513
   807      39.7967    0.00000
   808      39.8272    0.06494
   809      40.0362    0.00000
   810      40.0471    0.03020
   811      40.1539    0.00000
   812      40.4095    0.00000
   813      40.4678    0.00000
   814      40.5301    0.00832
   815      40.5394    0.00000
   816      40.5702    0.03864
   817      40.5962    0.08875
   818      40.6002    0.00000
   819      40.6113    0.00000
   820      40.8036    0.00042
   821      40.9206    0.00000
   822      41.0631    0.01550
   823      41.2064    0.00000
   824      41.2121    0.00395
   825      41.2874    0.00081
   826      41.2988    0.00000
   827      41.4489    0.00000
   828      41.4987    0.01664
   829      41.5928    0.00000
   830      41.6587    0.00378
   831      41.6957    0.00000
   832      41.8426    0.00329
   833      41.9025    0.01819
   834      41.9331    0.00000
   835      41.9944    0.00000
   836      42.0001    0.02201
   837      42.0659    0.00000
   838      42.1888    0.00000
   839      42.4003    0.00000
   840      42.4207    0.08915
   841      42.5588    0.00000
   842      42.5678    0.00000
   843      42.6798    0.00000
   844      42.7078    0.03769
   845      42.7513    0.01857
   846      42.8863    0.00000
   847      42.9244    0.00195
   848      43.2009    0.00000
   849      43.3513    0.01202
   850      43.3920    0.00160
   851      43.4654    0.00000
   852      43.4847    0.00000
   853      43.5140    0.02098
   854      43.6276    0.01627
   855      43.6573    0.00016
   856      43.6966    0.03102
   857      43.7097    0.00000
   858      43.9687    0.00979
   859      44.0038    0.01851
   860      44.0511    0.00000
   861      44.0636    0.00000
   862      44.0738    0.00631
   863      44.1961    0.00019
   864      44.2967    0.00000
   865      44.3612    0.00000
   866      44.4549    0.04574
   867      44.5541    0.00023
   868      44.6464    0.00000
   869      44.6990    0.06823
   870      44.7040    0.00489
   871      44.7702    0.01386
   872      44.9497    0.00000
   873      45.0120    0.00000
   874      45.1885    0.03702
   875      45.1895    0.00000
   876      45.2791    0.00000
   877      45.4640    0.00000
   878      45.4833    0.00000
   879      45.6032    0.00000
   880      45.7378    0.00000
   881      45.7811    0.00000
   882      45.7822    0.00779
   883      45.8843    0.00009
   884      46.0379    0.00930
   885      46.0827    0.00000
   886      46.2866    0.00077
   887      46.3434    0.00000
   888      46.5696    0.02651
   889      46.6139    0.00000
   890      46.6350    0.12343
   891      46.7007    0.00366
   892      46.7661    0.00642
   893      46.9132    0.12765
   894      46.9396    0.00000
   895      46.9706    0.00240
   896      47.1213    0.02305
   897      47.1815    0.00000
   898      47.2802    0.00000
   899      47.3149    0.00000
   900      47.3499    0.00000
   901      47.4580    0.05101
   902      47.6487    0.02025
   903      47.7079    0.00000
   904      47.7743    0.00665
   905      47.8660    0.03050
   906      47.8902    0.00000
   907      47.8969    0.06073
   908      48.0001    0.00000
   909      48.0303    0.02028
   910      48.0934    0.00000
   911      48.3361    0.00000
   912      48.3554    0.22109
   913      48.5611    0.00000
   914      48.7457    0.00000
   915      48.7886    0.00913
   916      48.8256    0.00073
   917      48.8712    0.00000
   918      48.8785    0.12973
   919      48.9087    0.00000
   920      48.9237    0.02652
   921      48.9796    0.00000
   922      49.0374    0.00000
   923      49.1051    0.00000
   924      49.1199    0.04873
   925      49.1613    0.00844
   926      49.2218    0.00000
   927      49.3063    0.00000
   928      49.4919    0.07187
   929      49.6282    0.00000
   930      49.6461    0.29223
   931      49.6825    0.03175
   932      49.8160    0.00000
   933      49.8789    0.00000
   934      49.8872    0.00000
   935      50.0364    0.00000
   936      50.1049    0.08527
   937      50.2357    0.04735
   938      50.2931    0.02559
   939      50.3789    0.06671
   940      50.4418    0.00000
   941      50.4666    0.13740
   942      50.4973    0.00000
   943      50.6044    0.00000
   944      50.6895    0.02788
   945      50.9321    0.30706
   946      51.0241    0.02631
   947      51.0665    0.00000
   948      51.1436    0.04656
   949      51.1611    0.02511
   950      51.2121    0.00000
   951      51.3896    0.07318
   952      51.4029    0.00000
   953      51.4041    0.00000
   954      51.5164    0.00000
   955      51.5960    0.01468
   956      51.6429    0.00326
   957      51.6437    0.00161
   958      51.6741    0.00000
   959      51.7589    0.01083
   960      51.8628    0.00754
   961      51.8813    0.00000
   962      51.9547    0.00000
   963      52.0414    0.00000
   964      52.1232    0.07782
   965      52.1822    0.00000
   966      52.2726    0.00000
   967      52.2782    0.04954
   968      52.3783    0.00000
   969      52.4450    0.14291
   970      52.4575    0.00000
   971      52.4661    0.00238
   972      52.6505    0.00000
   973      52.7046    0.00000
   974      52.7266    0.00977
   975      52.7903    0.00000
   976      52.7956    0.17786
   977      52.8171    0.00470
   978      52.8410    0.00000
   979      52.9106    0.00000
   980      52.9213    0.01128
   981      52.9770    0.03462
   982      53.0687    0.00000
   983      53.1589    0.01407
   984      53.1774    0.00000
   985      53.3948    0.00000
   986      53.4138    0.63579
   987      53.4280    0.01543
   988      53.5498    0.00000
   989      53.5994    0.17352
   990      53.6754    0.04811
   991      53.8419    0.00000
   992      53.8446    0.03850
   993      53.9085    0.00199
   994      53.9546    0.00000
   995      53.9824    0.00000
   996      54.0452    0.00000
   997      54.1636    0.00000
   998      54.3968    0.00000
   999      54.4511    0.00000
  1000      54.4996    0.00000
  1001      54.5782    0.03476
  1002      54.5783    0.00000
  1003      54.6196    0.04266
  1004      54.6634    0.07140
  1005      54.6934    0.01134
  1006      54.7697    0.11893
  1007      54.8451    0.00000
  1008      54.8515    0.00425
  1009      54.9452    0.00000
  1010      54.9866    0.00000
  1011      55.2617    0.00704
  1012      55.2791    0.09163
  1013      55.3939    0.19791
  1014      55.4294    0.00000
  1015      55.4712    0.00847
  1016      55.5491    0.00028
  1017      55.6091    0.00000
  1018      55.6414    0.03083
  1019      55.7620    0.00851
  1020      55.7960    0.00000
  1021      55.9137    0.00000
  1022      56.0680    0.02744
  1023      56.0933    0.00000
  1024      56.1371    0.00000
  1025      56.2085    0.03184
  1026      56.3065    0.01422
  1027      56.3141    0.00000
  1028      56.3441    0.00000
  1029      56.3484    0.00022
  1030      56.4094    0.15485
  1031      56.4273    0.00000
  1032      56.4495    0.00000
  1033      56.5442    0.00000
  1034      56.6246    0.00758
  1035      56.6903    0.01308
  1036      56.7178    0.01168
  1037      56.7186    0.00000
  1038      56.7259    0.00000
  1039      56.8004    0.03490
  1040      56.8317    0.00000
  1041      56.8642    0.01037
  1042      56.9553    0.00000
  1043      57.0384    0.01142
  1044      57.0584    0.00000
  1045      57.1616    0.00000
  1046      57.3236    0.00000
  1047      57.3315    0.00000
  1048      57.3396    0.00254
  1049      57.3552    0.00000
  1050      57.5207    0.00000
  1051      57.5581    0.00057
  1052      57.6924    0.04104
  1053      57.6950    0.01624
  1054      57.7427    0.00000
  1055      57.8257    0.02962
  1056      57.8818    0.02427
  1057      57.9265    0.00000
  1058      58.0370    0.01874
  1059      58.1447    0.04657
  1060      58.2888    0.00000
  1061      58.3512    0.03660
  1062      58.3937    0.02221
  1063      58.5140    0.00000
  1064      58.5808    0.00282
  1065      58.5857    0.00000
  1066      58.7662    0.00000
  1067      58.7922    0.00000
  1068      58.8067    0.00048
  1069      58.8321    0.00000
  1070      58.8421    0.09832
  1071      58.8548    0.00000
  1072      58.9847    0.00000
  1073      59.0009    0.00706
  1074      59.1280    0.02234
  1075      59.1476    0.00000
  1076      59.2955    0.00000
  1077      59.3139    0.00342
  1078      59.3185    0.00000
  1079      59.4510    0.00520
  1080      59.5168    0.00892
  1081      59.5668    0.00000
  1082      59.6325    0.04012
  1083      59.6620    0.00156
  1084      59.7097    0.00000
  1085      59.7652    0.03892
  1086      59.8348    0.01317
  1087      59.8677    0.00000
  1088      59.8782    0.00417
  1089      59.8913    0.00000
  1090      60.0608    0.00987
  1091      60.1287    0.00000
  1092      60.2059    0.02108
  1093      60.2880    0.00000
  1094      60.2989    0.00164
  1095      60.3328    0.00000
  1096      60.3571    0.00000
  1097      60.5160    0.00917
  1098      60.5517    0.03093
  1099      60.6849    0.00000
  1100      60.7431    0.01397
  1101      60.7778    0.00000
  1102      60.7861    0.07828
  1103      60.8518    0.00000
  1104      60.8933    0.01413
  1105      61.0091    0.00000
  1106      61.0189    0.01234
  1107      61.0657    0.00000
  1108      61.1718    0.00000
  1109      61.2565    0.03305
  1110      61.2932    0.00000
  1111      61.3439    0.00550
  1112      61.4157    0.00000
  1113      61.5516    0.05024
  1114      61.5528    0.00000
  1115      61.6853    0.00000
  1116      61.7289    0.07758
  1117      61.7442    0.00000
  1118      61.7655    0.00000
  1119      61.7773    0.00586
  1120      61.9162    0.00000
  1121      61.9335    0.00050
  1122      61.9950    0.00000
  1123      62.0382    0.00000
  1124      62.0742    0.00870
  1125      62.1560    0.00088
  1126      62.2987    0.00000
  1127      62.3543    0.00000
  1128      62.4818    0.00147
  1129      62.4981    0.00000
  1130      62.5000    0.00000
  1131      62.5061    0.00378
  1132      62.5784    0.01633
  1133      62.5849    0.00000
  1134      62.6265    0.01474
  1135      62.7319    0.00000
  1136      62.7668    0.00000
  1137      62.8407    0.00253
  1138      62.9616    0.02167
  1139      63.0303    0.01840
  1140      63.0391    0.02416
  1141      63.1215    0.07381
  1142      63.1328    0.00352
  1143      63.2155    0.00000
  1144      63.4008    0.01046
  1145      63.4173    0.00000
  1146      63.4712    0.00000
  1147      63.5561    0.02400
  1148      63.6555    0.00000
  1149      63.6794    0.02705
  1150      63.7405    0.00530
  1151      63.7618    0.00748
  1152      63.7845    0.00000
  1153      63.8362    0.00000
  1154      63.8695    0.00904
  1155      63.9301    0.00000
  1156      64.0045    0.03193
  1157      64.0188    0.00000
  1158      64.2318    0.00000
  1159      64.2437    0.00522
  1160      64.3270    0.01458
  1161      64.3749    0.00000
  1162      64.3967    0.01359
  1163      64.3978    0.00000
  1164      64.5589    0.00357
  1165      64.5739    0.00100
  1166      64.6074    0.00000
  1167      64.7318    0.00000
  1168      64.7967    0.00000
  1169      64.8294    0.00860
  1170      64.9584    0.02317
  1171      64.9747    0.00245
  1172      65.0658    0.00000
  1173      65.1829    0.00333
  1174      65.2689    0.00000
  1175      65.2952    0.00702
  1176      65.3817    0.00000
  1177      65.4259    0.02680
  1178      65.4439    0.00602
  1179      65.5416    0.00000
  1180      65.5970    0.00000
  1181      65.6216    0.00000
  1182      65.7090    0.00000
  1183      65.8371    0.00000
  1184      65.9885    0.01066
  1185      66.0643    0.00036
  1186      66.1632    0.00000
  1187      66.2170    0.01893
  1188      66.2276    0.00522
  1189      66.2621    0.00000
  1190      66.3014    0.00106
  1191      66.4748    0.00000
  1192      66.6185    0.00000
  1193      66.6676    0.00000
  1194      66.6755    0.00000
  1195      66.7092    0.00459
  1196      66.7143    0.00709
  1197      66.7594    0.00000
  1198      66.8737    0.00435
  1199      66.9136    0.00005
  1200      66.9205    0.00433
  1201      66.9484    0.00000
  1202      67.0509    0.00831
  1203      67.2291    0.00000
  1204      67.3345    0.00043
  1205      67.3951    0.00000
  1206      67.4293    0.02142
  1207      67.5454    0.00257
  1208      67.5917    0.00000
  1209      67.8098    0.00000
  1210      67.8317    0.00569
  1211      67.8924    0.00270
  1212      67.9077    0.00000
  1213      67.9265    0.00982
  1214      68.0482    0.00000
  1215      68.2141    0.00000
  1216      68.3721    0.03257
  1217      68.4036    0.00000
  1218      68.4404    0.00135
  1219      68.6441    0.00000
  1220      68.7756    0.01628
  1221      68.7913    0.00000
  1222      68.9531    0.00000
  1223      69.0866    0.00104
  1224      69.1117    0.00000
  1225      69.1376    0.00000
  1226      69.1876    0.02579
  1227      69.2892    0.00000
  1228      69.2903    0.00255
  1229      69.3206    0.01478
  1230      69.3863    0.00140
  1231      69.8182    0.00000
  1232      69.9302    0.00000
  1233      69.9573    0.00903
  1234      69.9902    0.00000
  1235      69.9925    0.03759
  1236      70.0948    0.00000
  1237      70.1920    0.02520
  1238      70.2616    0.00767
  1239      70.3360    0.00000
  1240      70.4646    0.00873
  1241      70.5000    0.00000
  1242      70.7120    0.00000
  1243      70.8016    0.00012
  1244      70.8316    0.00049
  1245      71.0780    0.00000
  1246      71.1934    0.00116
  1247      71.2121    0.00765
  1248      71.2655    0.00000
  1249      71.3138    0.00000
  1250      71.4213    0.00239
  1251      71.4262    0.00000
  1252      71.4717    0.01556
  1253      71.5302    0.00000
  1254      71.6655    0.00000
  1255      71.6817    0.00000
  1256      71.7124    0.00280
  1257      71.7536    0.00858
  1258      71.7728    0.00380
  1259      71.8996    0.00000
  1260      71.9131    0.00254
  1261      71.9598    0.00062
  1262      72.1304    0.00000
  1263      72.3303    0.00000
  1264      72.4977    0.02105
  1265      72.9662    0.00276
  1266      73.0149    0.00000
  1267      73.0848    0.00000
  1268      73.1056    0.00000
  1269      73.1778    0.00000
  1270      73.4942    0.00445
  1271      73.7512    0.00000
  1272      73.7588    0.00000
  1273      73.8370    0.00000
  1274      73.9137    0.00000
  1275      74.0042    0.00000
  1276      74.0563    0.01352
  1277      74.1209    0.00009
  1278      74.1522    0.00669
  1279      74.2107    0.00000
  1280      74.2434    0.00000
  1281      74.3691    0.00490
  1282      74.4864    0.02327
  1283      74.4987    0.01933
  1284      74.5786    0.00756
  1285      74.5865    0.00000
  1286      74.7271    0.00000
  1287      74.8535    0.00000
  1288      74.9710    0.00088
  1289      75.0005    0.00000
  1290      75.0343    0.00558
  1291      75.0943    0.00000
  1292      75.3980    0.00308
  1293      76.1921    0.00587
  1294      76.3491    0.00503
  1295      76.3945    0.00000
  1296      76.4834    0.00000
  1297      76.5153    0.00491
  1298      76.5276    0.00000
  1299      76.5986    0.00007
  1300      76.6529    0.00019
  1301      76.6552    0.00425
  1302      76.7189    0.00000
  1303      76.9536    0.00000
  1304      77.0347    0.00256
  1305      77.0574    0.00000
  1306      77.0928    0.01758
  1307      77.1378    0.00000
  1308      77.1956    0.00000
  1309      77.4622    0.00176
  1310      77.5766    0.00000
  1311      78.1010    0.00000
  1312      78.1825    0.00739
  1313      78.1916    0.00000
  1314      78.1945    0.00000
  1315      78.3170    0.00000
  1316      78.4453    0.00157
  1317      78.4684    0.00000
  1318      78.5392    0.00038
  1319      78.7728    0.00439
  1320      78.9843    0.00335
  1321      79.0684    0.00000
  1322      79.1058    0.00323
  1323      79.3216    0.00165
  1324      79.4088    0.00000
  1325      79.6475    0.00000
  1326      79.6918    0.00245
  1327      79.9699    0.00026
  1328      80.0195    0.02121
  1329      80.1860    0.00000
  1330      81.1103    0.00000
  1331      81.2075    0.00122
  1332      81.3954    0.00011
  1333      81.4704    0.00907
  1334      81.6225    0.00000
  1335      81.7401    0.00576
  1336      81.7481    0.00533
  1337      81.7528    0.00000
  1338      81.7933    0.00000
  1339      81.8743    0.00000
  1340      81.9438    0.00362
  1341      82.1210    0.00000
  1342      82.2049    0.00133
  1343      82.4151    0.00000
  1344      83.2852    0.00591
  1345      83.4476    0.00043
  1346      83.4662    0.00000
  1347      83.4877    0.00526
  1348      83.5024    0.00000
  1349      83.5532    0.00012
  1350      83.7597    0.00000
  1351      83.9192    0.02448
  1352      83.9754    0.00000
  1353      84.1314    0.00000
  1354      84.3030    0.00000
  1355      84.4322    0.00324
  1356      84.9072    0.00000
  1357      84.9941    0.00819
  1358      85.4913    0.00000
  1359      85.8646    0.00024
  1360      85.8800    0.00000
  1361      86.0771    0.00532
  1362      86.3639    0.03617
  1363      86.4936    0.00000
  1364      86.6700    0.01218
  1365      86.8397    0.00000
  1366      86.9536    0.00000
  1367      87.0120    0.00380
  1368      87.2116    0.00370
  1369      88.0465    0.00011
  1370      88.1171    0.00000
  1371      88.3613    0.00777
  1372      88.7519    0.00000
  1373      89.0125    0.00791
  1374      89.2120    0.00000
  1375      89.3134    0.01368
  1376      89.4261    0.00000
  1377      89.5456    0.00000
  1378      89.7429    0.00000
  1379      90.7927    0.00317
  1380      90.8505    0.00000
  1381      91.0840    0.00037
  1382      91.3325    0.00000
  1383      92.0037    0.01401
  1384      92.0209    0.00000
  1385      92.1129    0.00952
  1386      92.5377    0.00036
  1387      93.0135    0.00000
  1388      93.2830    0.00000
  1389      93.7111    0.01287
  1390      93.8262    0.00000
  1391      94.8934    0.00000
  1392      95.5601    0.00415
  1393      96.0460    0.00023
  1394      96.3561    0.03952
  1395      96.3947    0.00000
  1396      97.6215    0.00000
  1397      97.8009    0.00000
  1398      98.3237    0.00024
  1399      98.8359    0.00000
  1400      98.8731    0.00785
  1401      98.9445    0.02247
  1402     100.5122    0.00000
  1403     100.6559    0.00030
  1404     100.8497    0.00000
  1405     100.8996    0.01186
  1406     101.9077    0.00207
  1407     102.4527    0.00000
  1408     103.2843    0.00071
  1409     103.4024    0.00000
  1410     103.7419    0.00079
  1411     103.9143    0.00000
  1412     104.1669    0.00008
  1413     104.6879    0.00000
  1414     105.4618    0.00790
  1415     105.8590    0.00000
  1416     106.7577    0.00028
  1417     107.0373    0.00000
  1418     107.7759    0.00000
  1419     107.8625    0.00768
  1420     108.0465    0.00000
  1421     108.3597    0.02552
  1422     108.9582    0.00000
  1423     109.0995    0.00253
  1424     109.4770    0.00653
  1425     109.6886    0.00000
  1426     109.8942    0.00035
  1427     110.6089    0.00000
  1428     111.2900    0.00000
  1429     111.4413    0.00144
  1430     111.9211    0.00047
  1431     112.0737    0.00000
  1432     113.3249    0.00000
  1433     114.1170    0.00003
  1434     114.2223    0.00000
  1435     114.9122    0.00191
  1436     115.7480    0.00000
  1437     115.9606    0.00118
  1438     119.0344    0.01284
  1439     119.2712    0.00000
  1440     121.2152    0.00000
  1441     121.4529    0.00222
  1442     295.5940    0.07628
  1443     295.7991    0.00000
  1444     295.9307    0.12534
  1445     296.0227    0.00001
  1446     298.4079    0.00000
  1447     298.4890    0.02007
  1448     298.6031    0.00000
  1449     298.6328    0.00915
  1450     299.0279    0.00333
  1451     299.0779    0.00000
  1452     299.0990    0.01784
  1453     299.1574    0.00000
  1454     299.1782    0.00000
  1455     299.3132    0.02313
  1456     299.4392    0.00027
  1457     299.5778    0.00428
  1458     299.6112    0.00000
  1459     299.7082    0.00000
  1460     299.7317    0.01604
  1461     299.7396    0.00232
  1462     299.8010    0.00000
  1463     299.8876    0.00000
  1464     300.0469    0.00000
  1465     300.0619    0.00000
  1466     300.1292    0.00000
  1467     300.1410    0.00076
  1468     300.3055    0.00327
  1469     300.3797    0.00000
  1470     300.3983    0.00420
  1471     300.4194    0.00001
  1472     300.4251    0.00579
  1473     300.4496    0.00117
  1474     300.4854    0.00000
  1475     300.7021    0.01851
  1476     300.8677    0.00463
  1477     300.9135    0.00000
  1478     300.9672    0.01009
  1479     301.0221    0.00000
  1480     301.0800    0.00006
  1481     301.1391    0.00000
  1482     301.1818    0.00000
  1483     301.2257    0.00688
  1484     301.2559    0.00000
  1485     301.2568    0.00512
  1486     301.2655    0.00002
  1487     301.2927    0.02099
  1488     301.3209    0.00193
  1489     301.3502    0.00000
  1490     301.3819    0.00000
  1491     301.4732    0.00234
  1492     301.5096    0.01861
  1493     301.5253    0.00000
  1494     301.5699    0.00000
  1495     301.5776    0.00761
  1496     301.6548    0.00298
  1497     301.7032    0.00398
  1498     301.7165    0.00000
  1499     301.8680    0.00000
  1500     301.8895    0.00000
  1501     301.9316    0.00493
  1502     301.9773    0.00000
  1503     301.9956    0.00045
  1504     302.1434    0.00000
  1505     302.2204    0.00263
  1506     302.2874    0.00007
  1507     302.4811    0.00000
  1508     302.5162    0.00000
  1509     302.6132    0.00000
  1510     302.6640    0.01574
  1511     302.7237    0.00942
  1512     302.7489    0.00000
  1513     302.7570    0.00071
  1514     302.8324    0.00002
  1515     302.8722    0.00000
  1516     302.9564    0.00117
  1517     302.9730    0.00000
  1518     302.9808    0.00000
  1519     302.9926    0.00270
  1520     303.0864    0.00012
  1521     303.0962    0.00000
  1522     303.1471    0.00476
  1523     303.1665    0.00000
  1524     303.2021    0.00000
  1525     303.2782    0.00085
  1526     303.3971    0.00000
  1527     303.4295    0.00449
  1528     303.7844    0.01416
  1529     303.7856    0.00000
  1530     303.8527    0.00000
  1531     303.8886    0.00181
  1532     303.9028    0.00000
  1533     303.9767    0.00039
  1534     304.1549    0.00061
  1535     304.1567    0.00432
  1536     304.4640    0.00704
  1537     304.4722    0.00006
  1538     304.5225    0.00000
  1539     304.8003    0.00000
  1540     304.8145    0.00014
  1541     304.8663    0.00000
  1542     304.8814    0.00000
  1543     304.9900    0.00028
  1544     305.0230    0.00025
  1545     305.0514    0.00000
  1546     305.1412    0.00044
  1547     305.1956    0.01269
  1548     305.2916    0.00000
  1549     305.3485    0.00001
  1550     305.3581    0.00324
  1551     305.3760    0.00000
  1552     305.5442    0.00419
  1553     305.5739    0.00000
  1554     305.5931    0.00499
  1555     305.6005    0.00000
  1556     305.7352    0.00706
  1557     305.9717    0.00000
  1558     306.0173    0.00017
  1559     306.0235    0.00000
  1560     306.0598    0.00964
  1561     306.1001    0.00000
  1562     306.1512    0.01573
  1563     306.2224    0.00000
  1564     306.5219    0.00000
  1565     306.6659    0.00649
  1566     306.6997    0.00000
  1567     306.7612    0.00150
  1568     306.7711    0.00000
  1569     306.7800    0.03798
  1570     307.1830    0.00003
  1571     307.1916    0.00639
  1572     307.2674    0.00000
  1573     307.2711    0.05811
  1574     307.3136    0.00000
  1575     307.3576    0.01280
  1576     307.5064    0.00000
  1577     307.5717    0.02289
  1578     307.7594    0.00000
  1579     307.8357    0.00000
  1580     307.8836    0.00365
  1581     308.0031    0.00002
  1582     308.0136    0.00608
  1583     308.0422    0.00240
  1584     308.1242    0.00531
  1585     308.1919    0.00000
  1586     308.3376    0.00000
  1587     308.3738    0.02016
  1588     308.4044    0.03866
  1589     308.4117    0.00000
  1590     308.4578    0.00000
  1591     308.4882    0.00486
  1592     308.6205    0.00000
  1593     308.6360    0.00472
  1594     308.8125    0.00000
  1595     308.9393    0.01116
  1596     309.1269    0.00760
  1597     309.1642    0.00000
  1598     309.1792    0.01665
  1599     309.2946    0.00000
  1600     309.6667    0.00553
  1601     309.7061    0.00000
  1602     309.7174    0.00104
  1603     309.7803    0.00000
  1604     309.9167    0.00468
  1605     309.9852    0.00007
  1606     310.0153    0.01570
  1607     310.0329    0.00002
  1608     310.0413    0.00000
  1609     310.1590    0.00000
  1610     310.2881    0.00919
  1611     310.3165    0.00000
  1612     310.4820    0.00015
  1613     310.4963    0.00000
  1614     310.9121    0.00000
  1615     310.9609    0.01065
  1616     311.1629    0.04296
  1617     311.1934    0.00000
  1618     311.2209    0.00000
  1619     311.2545    0.00794
  1620     311.3125    0.00000
  1621     311.4893    0.00540
  1622     311.5010    0.00580
  1623     311.5171    0.00000
  1624     311.5629    0.00015
  1625     311.5699    0.03090
  1626     311.6650    0.00007
  1627     311.7340    0.00000
  1628     311.7612    0.00000
  1629     311.8235    0.00007
  1630     311.8748    0.00000
  1631     311.9586    0.00069
  1632     311.9927    0.01636
  1633     312.1967    0.00686
  1634     312.1989    0.00055
  1635     312.2279    0.00000
  1636     312.3524    0.00576
  1637     312.3573    0.00585
  1638     312.4318    0.00000
  1639     312.5182    0.00000
  1640     312.7334    0.00000
  1641     312.8168    0.00546
  1642     312.9298    0.00000
  1643     312.9908    0.00000
  1644     313.0495    0.00230
  1645     313.0718    0.00000
  1646     313.1175    0.00666
  1647     313.1602    0.02373
  1648     313.4297    0.00000
  1649     313.4637    0.00086
  1650     313.5024    0.00403
  1651     313.5381    0.00000
  1652     313.5955    0.00465
  1653     313.6388    0.00000
  1654     313.7145    0.00002
  1655     313.7309    0.01558
  1656     313.7357    0.00921
  1657     313.7403    0.00000
  1658     314.0665    0.00008
  1659     314.0676    0.00017
  1660     314.0688    0.00549
  1661     314.2456    0.00595
  1662     314.2624    0.01578
  1663     314.2717    0.00000
  1664     314.2998    0.00000
  1665     314.3022    0.00000
  1666     314.4314    0.00009
  1667     314.5260    0.00001
  1668     314.5323    0.00090
  1669     314.6246    0.00000
  1670     314.6332    0.00000
  1671     314.6429    0.00000
  1672     314.6757    0.00332
  1673     314.6966    0.00000
  1674     315.0287    0.07661
  1675     315.0424    0.00000
  1676     315.0633    0.05862
  1677     315.0858    0.00004
  1678     315.1717    0.04706
  1679     315.1917    0.00000
  1680     315.3435    0.00000
  1681     315.6034    0.00816
  1682     315.6124    0.00000
  1683     315.6436    0.00000
  1684     315.7023    0.00571
  1685     315.7374    0.01770
  1686     315.8540    0.00000
  1687     315.9056    0.02485
  1688     316.1001    0.00002
  1689     316.1034    0.00069
  1690     316.4558    0.00000
  1691     316.6631    0.02557
  1692     316.8052    0.00000
  1693     316.8387    0.00000
  1694     316.8561    0.01259
  1695     316.9200    0.00001
  1696     316.9436    0.02238
  1697     317.1038    0.00000
  1698     317.2460    0.00003
  1699     317.2550    0.00666
  1700     317.8981    0.00000
  1701     317.9738    0.00017
  1702     318.1152    0.00336
  1703     318.1372    0.00000
  1704     318.1733    0.01607
  1705     318.3254    0.00000
  1706     318.3483    0.00923
  1707     318.4316    0.00912
  1708     318.4705    0.00000
  1709     318.5504    0.00004
  1710     318.5590    0.00833
  1711     318.6862    0.00000
  1712     318.7004    0.00833
  1713     318.7414    0.00000
  1714     318.7634    0.00168
  1715     319.0308    0.00000
  1716     319.0338    0.02938
  1717     319.0999    0.00000
  1718     319.1704    0.00851
  1719     319.2219    0.00000
  1720     319.2543    0.01330
  1721     319.3255    0.00000
  1722     319.3955    0.00011
  1723     319.7002    0.00000
  1724     319.9586    0.00906
  1725     319.9884    0.00000
  1726     319.9953    0.00000
  1727     320.2418    0.00315
  1728     320.3715    0.00001
  1729     320.4045    0.02093
  1730     320.5356    0.01088
  1731     320.5682    0.00000
  1732     320.6640    0.02481
  1733     320.7209    0.00000
  1734     321.3629    0.00000
  1735     321.4343    0.01227
  1736     322.2616    0.00000
  1737     322.2789    0.00100
  1738     322.5991    0.00000
  1739     322.6990    0.00001
  1740     322.7629    0.08855
  1741     322.9144    0.03217
  1742     324.3881    0.08460
  1743     324.4417    0.00001
  1744     324.9181    0.00000
  1745     325.2207    0.02455
  1746     325.2337    0.02363
  1747     325.5518    0.00000
  1748     326.1456    0.00000
  1749     326.2612    0.00423
  1750     327.0096    0.04430
  1751     327.2725    0.00000
  1752     328.2508    0.01261
  1753     328.3369    0.00000
  1754     328.3426    0.00000
  1755     328.3774    0.03141
  1756     328.8370    0.00002
  1757     328.8488    0.00854
  1758     329.2898    0.01962
  1759     329.3180    0.00000
  1760     330.4423    0.00040
  1761     330.5168    0.00000
  1762     330.8675    0.00001
  1763     331.2182    0.00000
  1764     331.3669    0.00000
  1765     331.4738    0.00091
  1766     331.5864    0.00000
  1767     331.6212    0.02787
  1768     332.4932    0.00000
  1769     332.5806    0.01239
  1770     333.1913    0.00000
  1771     333.2832    0.00000
  1772     333.4249    0.00599
  1773     333.4339    0.00000
  1774     333.5069    0.02759
  1775     333.5467    0.00000
  1776     333.6077    0.00000
  1777     333.6531    0.00168
  1778     333.7105    0.00066
  1779     333.9059    0.00000
  1780     334.2794    0.00232
  1781     334.3228    0.00000
  1782     335.0347    0.00165
  1783     335.0537    0.00000
  1784     335.9873    0.00012
  1785     336.1009    0.00000
  1786     336.8580    0.00000
  1787     337.0265    0.00028
  1788     337.1412    0.00000
  1789     337.2476    0.00000
  1790     337.2903    0.00000
  1791     337.3176    0.00345
  1792     337.3406    0.00009
  1793     337.3741    0.00018
  1794     337.4207    0.00000
  1795     337.4758    0.00588
  1796     337.7257    0.00000
  1797     337.7410    0.00290
  1798     338.2748    0.00126
  1799     338.2898    0.00000
  1800     338.3112    0.00005
  1801     338.4806    0.00016
  1802     338.5562    0.00000
  1803     338.6181    0.00000
  1804     338.6293    0.00406
  1805     338.7491    0.00000
  1806     338.9340    0.00158
  1807     339.0232    0.00000
  1808     339.0818    0.00022
  1809     339.1249    0.00000
  1810     339.6133    0.00000
  1811     339.7532    0.00900
  1812     339.8395    0.00260
  1813     339.9771    0.00000
  1814     340.4589    0.00000
  1815     340.5185    0.00000
  1816     340.5478    0.00494
  1817     340.6057    0.00168
  1818     340.6536    0.00000
  1819     340.6670    0.00100
  1820     340.9315    0.00749
  1821     341.1268    0.00000
  1822     341.4048    0.00000
  1823     341.4945    0.00069
  1824     341.5902    0.00000
  1825     341.6306    0.00811
  1826     341.7198    0.00014
  1827     341.7342    0.00000
  1828     342.0989    0.01763
  1829     342.1067    0.00010
  1830     343.2832    0.00000
  1831     343.5518    0.00531
  1832     343.6368    0.00000
  1833     343.6458    0.00069
  1834     343.6579    0.00020
  1835     343.8956    0.00000
  1836     344.1305    0.00606
  1837     344.1588    0.00000
  1838     344.2532    0.00000
  1839     344.4341    0.00000
  1840     344.4789    0.00824
  1841     344.5502    0.00194
  1842     345.4787    0.00521
  1843     345.4984    0.00000
  1844     345.5902    0.00000
  1845     345.6297    0.01049
  1846     345.9583    0.00000
  1847     346.2537    0.00677
  1848     346.4237    0.00007
  1849     346.4303    0.00855
  1850     346.5014    0.00000
  1851     346.6706    0.00407
  1852     346.8393    0.00000
  1853     346.9018    0.00380
  1854     347.2229    0.01971
  1855     347.3659    0.00000
  1856     347.3824    0.00000
  1857     347.4013    0.00258
  1858     347.9989    0.00000
  1859     348.1967    0.00000
  1860     348.3669    0.00000
  1861     348.4938    0.00000
  1862     348.5103    0.00959
  1863     348.5404    0.00017
  1864     348.6734    0.01417
  1865     348.6961    0.00000
  1866     349.1041    0.00000
  1867     349.1860    0.01796
  1868     349.5315    0.00821
  1869     349.5509    0.00000
  1870     349.7870    0.00444
  1871     349.8951    0.00266
  1872     349.9194    0.00000
  1873     349.9361    0.00000
  1874     350.1495    0.00644
  1875     350.1809    0.00000
  1876     350.3080    0.00005
  1877     350.3239    0.00000
  1878     350.7051    0.00024
  1879     350.7447    0.00000
  1880     351.1087    0.00055
  1881     351.4086    0.00236
  1882     351.4378    0.00000
  1883     351.4593    0.00000
  1884     351.8414    0.01471
  1885     351.9432    0.00000
  1886     352.3535    0.00000
  1887     352.4200    0.00093
  1888     353.1733    0.00000
  1889     353.3021    0.00217
  1890     353.3276    0.00000
  1891     353.3449    0.00081
  1892     353.3841    0.00071
  1893     353.4692    0.00000
  1894     353.5743    0.00000
  1895     353.5999    0.00017
  1896     353.6647    0.00111
  1897     353.7476    0.00000
  1898     354.6064    0.01286
  1899     354.9516    0.00000
  1900     355.1363    0.01498
  1901     355.2380    0.00000
  1902     357.0039    0.00001
  1903     357.0337    0.01767
  1904     357.8980    0.00000
  1905     357.9183    0.00036
  1906     358.0753    0.00000
  1907     358.3003    0.00569
  1908     358.5398    0.00001
  1909     358.5485    0.00000
  1910     358.8619    0.00000
  1911     358.8798    0.00000
  1912     359.3481    0.00433
  1913     359.3952    0.00164
  1914     359.4135    0.00000
  1915     359.5854    0.00000
  1916     360.0048    0.01998
  1917     360.0550    0.00000
  1918     361.5753    0.03143
  1919     361.5864    0.00008
  1920     362.4337    0.02897
  1921     362.5040    0.00000
  1922     363.6263    0.00001
  1923     363.6751    0.05332
  1924     364.5452    0.00000
  1925     364.6356    0.03304
  1926     364.8836    0.00000
  1927     364.9736    0.00835
  1928     365.7467    0.00001
  1929     365.7573    0.00194
  1930     366.7286    0.00000
  1931     366.7624    0.01148
  1932     367.5281    0.00000
  1933     367.6458    0.02185
  1934     368.0997    0.00091
  1935     368.1534    0.00000
  1936     369.2580    0.00000
  1937     369.3596    0.00602
  1938     370.8428    0.01237
  1939     371.0864    0.00000
  1940     371.7826    0.01654
  1941     371.8668    0.00000
  1942     373.3802    0.03237
  1943     373.4916    0.00000
  1944     374.0621    0.00263
  1945     374.4094    0.00000
  1946     377.0041    0.00000
  1947     377.3362    0.00584
  1948     377.8895    0.00000
  1949     377.9906    0.01316
  1950     385.2380    0.00000
  1951     385.2930    0.00000
  1952     385.3633    0.02037
  1953     385.5922    0.00576
  1954     389.4655    0.01588
  1955     389.7998    0.00000
  1956     390.4333    0.00408
  1957     390.5255    0.00000
  1958     394.6648    0.00000
  1959     394.7072    0.01955
  1960     395.5453    0.00000
  1961     395.5893    0.00919
  1962     396.3828    0.00050
  1963     396.4241    0.00000
  1964     397.5332    0.00811
  1965     397.5813    0.00000
  lowest singlet excitation = 6.3869 eV  (f = 0.00000)
