[warning] method.kind = "bse-tda" is Smoke-grade (see docs/VALIDATION.md): only excitation ordering and a physicality gate are checked; the excitation-energy gap error is inherited directly from the underlying GW quasiparticle gap (also Smoke-grade).
[ferric] memory budget: 10.68 GiB  [source: auto (0.8 × available RAM)]
ferric-gw: redressed eigenpotentials, max |‖V_α‖² − 1| = 1.582e-13
ferric BSE diag: λ_max(0)=2.3899  GW gap=0.4183 Ha (11.381 eV)  IP=10.422 eV
BSE-TDA[G0W0@HF]/aug-cc-pvdz (aux: aug-cc-pvdz-rifit) on testdata/molecules/thiel_set/ethylene.xyz
  nbasis     = 82
  RHF energy = -78.0435693540 Hartree
  nocc = 8  nvir = 74  (592 singlet states)
     n   Omega (eV)      f_osc
     1       7.3402    0.08684
     2       8.0094    0.00000
     3       8.0668    0.00000
     4       8.2889    0.43793
     5       9.0030    0.00000
     6       9.1568    0.00000
     7       9.3446    0.01291
     8       9.3984    0.00000
     9      10.2350    0.00000
    10      10.5590    0.00000
    11      10.5920    0.20729
    12      10.6451    0.19296
    13      10.6853    0.00000
    14      10.7564    0.00000
    15      10.8385    0.10619
    16      10.9337    0.09309
    17      11.1646    0.00012
    18      11.6159    0.00000
    19      11.7425    0.00000
    20      11.7788    0.00000
    21      11.8018    0.00000
    22      12.1338    0.00000
    23      12.1686    0.00000
    24      12.1737    0.00000
    25      12.5000    0.00000
    26      12.6309    0.00110
    27      12.6994    0.12438
    28      12.8817    0.21163
    29      12.9803    0.00000
    30      13.2827    0.00000
    31      13.4107    0.00490
    32      13.4680    0.00000
    33      13.4804    0.02867
    34      13.6286    0.15428
    35      13.7033    0.00000
    36      13.7904    0.01430
    37      13.8308    0.00000
    38      13.9712    0.00000
    39      14.4134    0.00000
    40      14.4265    0.00000
    41      14.6069    0.00000
    42      14.8104    0.25440
    43      14.9743    0.00000
    44      15.0457    0.31064
    45      15.0613    0.00000
    46      15.0698    0.00000
    47      15.1991    0.00475
    48      15.2335    0.52671
    49      15.3058    0.00000
    50      15.3664    0.00000
    51      15.4225    0.04042
    52      15.5478    0.15959
    53      15.6020    0.00000
    54      15.6334    0.00595
    55      15.6411    0.00000
    56      16.1318    0.07223
    57      16.1631    0.00000
    58      16.2680    0.00000
    59      16.4008    0.00000
    60      16.4529    0.00865
    61      16.7343    0.45924
    62      16.7714    0.16527
    63      16.7733    0.00000
    64      16.8003    0.00559
    65      16.8859    0.00000
    66      16.8997    0.00000
    67      17.1252    0.00000
    68      17.1359    0.00000
    69      17.1814    0.00688
    70      17.3523    0.50350
    71      17.7382    0.00000
    72      17.7896    0.00000
    73      17.8366    0.01523
    74      17.8558    0.00000
    75      17.9065    0.16708
    76      18.1634    0.00049
    77      18.2359    0.00000
    78      18.3544    0.25790
    79      18.3829    0.00000
    80      18.5105    0.00000
    81      18.7714    0.06587
    82      18.7883    0.00000
    83      18.8280    0.41155
    84      18.9020    0.04339
    85      18.9621    0.04548
    86      19.0833    0.00000
    87      19.1884    0.00000
    88      19.3225    0.27116
    89      19.5818    0.00000
    90      19.6736    0.00000
    91      19.8086    0.05859
    92      19.8765    0.00000
    93      19.9163    0.11724
    94      20.0082    0.00000
    95      20.0610    0.19145
    96      20.0837    0.00000
    97      20.2109    0.00000
    98      20.3237    0.00000
    99      20.3837    0.00000
   100      20.3849    0.02904
   101      20.5171    0.26591
   102      20.5388    0.02538
   103      20.5462    0.00000
   104      20.9186    0.13745
   105      20.9568    0.00000
   106      20.9705    0.00000
   107      21.1041    0.71348
   108      21.1675    0.00000
   109      21.2827    0.02612
   110      21.4486    0.00000
   111      21.5134    0.06552
   112      21.5155    0.00000
   113      21.5780    0.00000
   114      21.5823    0.00000
   115      21.6257    0.01066
   116      21.6322    0.00000
   117      21.7255    0.06534
   118      21.9038    0.00000
   119      22.0324    0.00000
   120      22.0392    0.00000
   121      22.1254    0.00000
   122      22.2118    0.00000
   123      22.4220    0.10072
   124      22.4873    0.00000
   125      22.7011    0.00000
   126      22.8809    0.00000
   127      22.9185    0.00000
   128      22.9489    0.00012
   129      22.9574    0.00295
   130      22.9801    0.00000
   131      23.1302    0.00000
   132      23.1436    0.00000
   133      23.1830    0.07547
   134      23.2139    0.03625
   135      23.2927    0.17814
   136      23.3396    0.00000
   137      23.4964    0.00000
   138      23.6816    0.17397
   139      23.6964    0.00093
   140      23.7655    0.00000
   141      23.7872    0.03292
   142      24.0600    0.00000
   143      24.2060    0.00000
   144      24.2885    0.00000
   145      24.3977    0.25894
   146      24.4160    0.00000
   147      24.6093    0.00056
   148      24.6239    0.00000
   149      24.7246    0.00000
   150      24.8062    0.00086
   151      24.8407    0.00000
   152      24.8746    0.13771
   153      24.9524    0.00000
   154      24.9968    0.00000
   155      25.1554    0.01643
   156      25.1610    0.00000
   157      25.2276    0.00000
   158      25.3114    0.26252
   159      25.3249    0.00000
   160      25.3567    0.00000
   161      25.4089    0.00005
   162      25.6011    0.02189
   163      25.6363    0.00000
   164      25.6770    0.00487
   165      25.7437    0.00000
   166      25.8269    0.00000
   167      25.8845    0.00000
   168      25.9903    0.29173
   169      26.1249    0.00000
   170      26.1881    0.00000
   171      26.1901    0.00000
   172      26.2386    0.00000
   173      26.2680    0.08730
   174      26.4606    0.01031
   175      26.6227    0.00000
   176      26.6453    0.00000
   177      26.6562    0.01160
   178      26.6711    0.00000
   179      26.7800    0.00020
   180      26.8099    0.00000
   181      26.8895    0.01079
   182      27.3887    0.00000
   183      27.4269    0.00000
   184      27.5134    0.70881
   185      27.6843    0.25279
   186      27.7517    0.00000
   187      27.8284    0.06570
   188      27.8613    0.00000
   189      27.9574    0.11835
   190      28.0922    0.01007
   191      28.0927    0.00000
   192      28.0932    0.00019
   193      28.2846    0.35912
   194      28.5322    0.20730
   195      28.6878    0.00476
   196      28.8196    0.00356
   197      28.9805    0.00000
   198      29.3118    0.00336
   199      29.3595    0.00000
   200      29.4396    0.20625
   201      29.5301    0.00000
   202      29.5729    0.00000
   203      29.6631    0.41294
   204      29.8806    0.00000
   205      29.8994    0.00000
   206      30.0077    0.00000
   207      30.0598    0.06780
   208      30.2548    0.00000
   209      30.3124    0.00023
   210      30.3706    0.00416
   211      30.5856    0.00000
   212      30.6206    0.00000
   213      30.8736    0.00673
   214      30.9141    0.00000
   215      30.9916    0.00000
   216      31.2435    0.00000
   217      31.2677    0.00000
   218      31.3774    0.00527
   219      31.4884    0.29876
   220      31.7240    0.00859
   221      31.8127    0.00000
   222      31.8594    0.00000
   223      31.9291    0.00000
   224      32.5426    0.00000
   225      32.8301    0.00001
   226      32.9177    0.00000
   227      33.1318    0.00000
   228      33.1441    0.01215
   229      33.1516    0.00000
   230      33.2566    0.00000
   231      33.5023    0.00000
   232      33.8886    0.00000
   233      33.9524    0.00000
   234      34.0155    0.00277
   235      34.2229    0.00000
   236      34.3160    0.00000
   237      34.3948    0.00330
   238      34.6293    0.00000
   239      34.7593    0.00728
   240      35.0843    0.00129
   241      35.0924    0.00818
   242      35.2149    0.00000
   243      35.2982    0.00000
   244      35.8482    0.00000
   245      35.8923    0.00000
   246      36.0792    0.05148
   247      36.1547    0.00000
   248      36.3032    0.00784
   249      36.4973    0.00000
   250      36.5073    0.00000
   251      36.6027    0.01238
   252      37.2246    0.00044
   253      37.4161    0.00000
   254      37.7917    0.00077
   255      38.1169    0.00000
   256      38.1314    0.03252
   257      38.7524    0.12022
   258      39.3432    0.05595
   259      39.7006    0.00018
   260      40.1408    0.00017
   261      40.1512    0.00000
   262      40.4621    0.00640
   263      40.5418    0.00000
   264      40.6828    0.00000
   265      40.9048    0.00000
   266      40.9999    0.00000
   267      41.0627    0.00000
   268      41.7251    0.04578
   269      41.7628    0.00000
   270      41.8890    0.00000
   271      41.9712    0.11720
   272      43.2242    0.00000
   273      43.3050    0.00000
   274      43.4270    0.00000
   275      43.7575    0.00000
   276      43.9894    0.01425
   277      44.3909    0.00000
   278      44.7546    0.00000
   279      44.8645    0.00000
   280      45.2032    0.06006
   281      45.4150    0.00000
   282      45.5863    0.00000
   283      45.7575    0.07387
   284      45.7706    0.13830
   285      46.0336    0.00000
   286      46.4406    0.00000
   287      46.6950    0.09466
   288      46.9480    0.35464
   289      47.2272    0.01163
   290      47.5067    0.00000
   291      48.0632    0.01841
   292      48.7065    0.00000
   293      48.8372    0.09424
   294      48.9202    0.00000
   295      48.9990    0.18579
   296      49.2322    0.81991
   297      49.4953    0.00047
   298      49.5311    0.00000
   299      49.8080    0.08500
   300      50.5213    0.00000
   301      50.5225    0.02629
   302      50.6550    0.00000
   303      50.9533    0.00000
   304      51.0322    0.00875
   305      51.3160    0.00000
   306      51.7479    0.00000
   307      52.1248    0.00000
   308      52.3683    0.32621
   309      52.4233    0.00000
   310      52.5853    0.00000
   311      53.0237    0.00000
   312      53.4400    0.00000
   313      53.5583    0.00000
   314      53.7802    0.00000
   315      53.8228    0.29946
   316      53.9991    0.00000
   317      54.6481    0.00000
   318      54.6814    0.00000
   319      54.9507    0.00000
   320      55.0739    0.00000
   321      55.4035    0.07140
   322      55.4122    0.02080
   323      55.5018    0.00000
   324      55.6288    0.01527
   325      55.6507    0.00000
   326      56.0951    0.05602
   327      56.2410    0.00000
   328      56.2696    0.00097
   329      56.2949    0.00000
   330      56.3202    0.00000
   331      56.5310    0.00000
   332      56.5528    0.00000
   333      56.8202    0.13734
   334      57.3570    0.09244
   335      57.8480    0.00000
   336      57.8651    0.00000
   337      57.8764    0.00000
   338      58.1678    0.00109
   339      58.3537    0.02498
   340      58.7370    0.00000
   341      58.7478    0.07249
   342      58.9335    0.00210
   343      59.1917    0.00000
   344      59.5512    0.00000
   345      59.6139    0.00600
   346      59.7229    0.04816
   347      59.7801    0.01703
   348      59.9052    0.06278
   349      59.9957    0.00046
   350      59.9970    0.00000
   351      61.1469    0.11048
   352      61.1889    0.00000
   353      61.2002    0.00000
   354      61.2139    0.00370
   355      61.4202    0.00000
   356      61.5432    0.00411
   357      61.6519    0.00000
   358      61.9905    0.00000
   359      62.0692    0.00000
   360      62.7670    0.00000
   361      62.9094    0.01291
   362      63.0768    0.08757
   363      63.2910    0.02819
   364      63.3738    0.01478
   365      63.4160    0.00000
   366      63.6584    0.00000
   367      63.8515    0.00000
   368      63.8905    0.00000
   369      64.3638    0.05115
   370      64.6212    0.00000
   371      64.6243    0.00000
   372      64.8894    0.00000
   373      65.1239    0.00000
   374      65.6822    0.00000
   375      65.9067    0.00000
   376      65.9533    0.00000
   377      66.3885    0.00000
   378      66.4488    0.00000
   379      66.9904    0.00744
   380      67.6356    0.00000
   381      67.7365    0.00000
   382      68.0729    0.00022
   383      68.1265    0.00000
   384      68.7819    0.00258
   385      68.7967    0.00393
   386      68.9669    0.00000
   387      69.3983    0.00052
   388      69.9031    0.03867
   389      70.1258    0.00000
   390      70.5742    0.00222
   391      70.6477    0.05553
   392      70.9792    0.00000
   393      71.5496    0.00000
   394      71.7305    0.03156
   395      71.8135    0.00000
   396      71.8794    0.00000
   397      72.5900    0.00000
   398      72.6555    0.00939
   399      72.7436    0.01850
   400      73.7037    0.00000
   401      74.9501    0.00000
   402      75.0988    0.00000
   403      75.3468    0.00000
   404      75.5495    0.00000
   405      76.2988    0.00000
   406      76.3501    0.00000
   407      76.5083    0.00226
   408      77.3601    0.00000
   409      77.9791    0.00000
   410      78.0906    0.00367
   411      79.1471    0.00093
   412      79.3286    0.01868
   413      79.7551    0.00152
   414      80.0313    0.01093
   415      80.0673    0.00000
   416      81.0177    0.00669
   417      81.4612    0.01232
   418      82.0596    0.00019
   419      82.2326    0.00000
   420      82.6611    0.00000
   421      82.8446    0.04411
   422      83.8349    0.00000
   423      84.4930    0.00000
   424      85.0141    0.00000
   425      85.4298    0.00422
   426      86.1365    0.00000
   427      86.5755    0.00000
   428      88.0120    0.00000
   429      88.9687    0.01157
   430      91.2114    0.01167
   431      92.6066    0.07495
   432      93.7532    0.00000
   433      97.6747    0.00000
   434      99.2201    0.00000
   435     100.8934    0.00922
   436     102.3101    0.00296
   437     102.5301    0.00000
   438     103.7733    0.00000
   439     104.0158    0.00000
   440     105.6125    0.01118
   441     107.4686    0.00000
   442     108.9993    0.00305
   443     112.1733    0.01386
   444     113.7504    0.00000
   445     294.8127    0.00000
   446     295.1407    0.11490
   447     297.3530    0.00000
   448     297.5883    0.00946
   449     298.0069    0.02800
   450     298.2761    0.00000
   451     298.3640    0.00005
   452     298.5876    0.00000
   453     298.8119    0.01386
   454     299.0753    0.00000
   455     299.4812    0.00000
   456     299.5517    0.00000
   457     299.7495    0.00851
   458     299.8418    0.00136
   459     300.1444    0.00000
   460     300.3560    0.00000
   461     300.4206    0.01062
   462     300.5063    0.03452
   463     300.5750    0.01527
   464     300.6208    0.00000
   465     300.7204    0.00098
   466     300.7348    0.00000
   467     301.1137    0.00465
   468     301.1949    0.00000
   469     301.4976    0.00301
   470     301.7877    0.00000
   471     301.9817    0.00093
   472     302.1319    0.00000
   473     302.2297    0.00000
   474     302.3679    0.00535
   475     302.5673    0.00000
   476     302.8723    0.00000
   477     303.3543    0.00036
   478     303.6538    0.00000
   479     304.9442    0.00495
   480     304.9655    0.00000
   481     305.3657    0.04014
   482     305.3738    0.00000
   483     305.5341    0.00000
   484     305.8231    0.01931
   485     305.8387    0.00000
   486     306.0916    0.00000
   487     306.4732    0.00000
   488     306.5423    0.04964
   489     307.2804    0.00298
   490     307.3318    0.00000
   491     308.1663    0.00000
   492     308.2287    0.00000
   493     308.4242    0.04226
   494     308.5241    0.00343
   495     309.0145    0.00660
   496     309.0740    0.00000
   497     309.5852    0.00196
   498     309.6208    0.00000
   499     309.6629    0.00144
   500     309.7162    0.04137
   501     309.7525    0.00000
   502     309.8849    0.00000
   503     309.9188    0.01221
   504     310.1988    0.00000
   505     310.4322    0.00000
   506     310.5527    0.00186
   507     310.6673    0.00000
   508     310.7853    0.00015
   509     311.2880    0.00000
   510     311.5501    0.00237
   511     311.6030    0.00000
   512     311.7670    0.00000
   513     311.9834    0.00000
   514     312.2779    0.00154
   515     312.3894    0.02950
   516     312.6905    0.00000
   517     312.9366    0.00000
   518     312.9776    0.09575
   519     314.0912    0.00000
   520     314.1191    0.01435
   521     315.0333    0.00411
   522     315.3478    0.00000
   523     315.5977    0.00000
   524     315.9014    0.05322
   525     316.2263    0.00000
   526     316.5413    0.00000
   527     317.4879    0.00000
   528     317.7159    0.07913
   529     319.4217    0.00000
   530     319.7127    0.04829
   531     322.0434    0.09017
   532     322.2775    0.00000
   533     322.8670    0.06172
   534     323.1637    0.00000
   535     327.0248    0.00000
   536     327.2992    0.03104
   537     329.4471    0.00156
   538     329.7604    0.00000
   539     329.9643    0.00000
   540     330.2655    0.00475
   541     330.3347    0.00161
   542     330.6466    0.00000
   543     330.9613    0.00000
   544     331.2680    0.00000
   545     334.8322    0.00008
   546     334.9985    0.00000
   547     335.7508    0.00000
   548     335.9232    0.00061
   549     338.3935    0.00000
   550     338.7008    0.00000
   551     338.7614    0.00000
   552     339.0731    0.00000
   553     339.1620    0.00000
   554     339.4667    0.00191
   555     339.8662    0.00000
   556     340.1747    0.01972
   557     342.5680    0.00000
   558     342.8782    0.00021
   559     343.1621    0.00485
   560     343.4419    0.00000
   561     344.2224    0.00172
   562     344.5284    0.00000
   563     345.5242    0.00886
   564     345.8220    0.00000
   565     345.8758    0.01912
   566     346.1911    0.00000
   567     346.4801    0.00000
   568     346.7897    0.00000
   569     347.2765    0.00665
   570     347.4069    0.00000
   571     347.9740    0.00000
   572     348.0770    0.00909
   573     352.1807    0.00000
   574     352.4917    0.00279
   575     353.5354    0.06673
   576     353.8686    0.00000
   577     355.1235    0.00000
   578     355.4335    0.00000
   579     359.6977    0.00000
   580     359.9930    0.01465
   581     360.5916    0.00000
   582     360.8813    0.08198
   583     365.6526    0.01902
   584     365.9688    0.00000
   585     366.7612    0.05970
   586     367.0247    0.00000
   587     368.3296    0.00000
   588     368.6327    0.01060
   589     386.9244    0.02190
   590     387.2483    0.00000
   591     388.3981    0.00000
   592     388.7136    0.01469
  lowest singlet excitation = 7.3402 eV  (f = 0.08684)
