[warning] method.kind = "bse-tda" is Smoke-grade (see docs/VALIDATION.md): only excitation ordering and a physicality gate are checked; the excitation-energy gap error is inherited directly from the underlying GW quasiparticle gap (also Smoke-grade).
[ferric] memory budget: 10.64 GiB  [source: auto (0.8 × available RAM)]
ferric-gw: redressed eigenpotentials, max |‖V_α‖² − 1| = 2.141e-13
ferric BSE diag: λ_max(0)=2.5006  GW gap=0.3569 Ha (9.712 eV)  IP=8.887 eV
BSE-TDA[G0W0@HF]/aug-cc-pvdz (aux: aug-cc-pvdz-rifit) on testdata/molecules/thiel_set/furan.xyz
  nbasis     = 151
  RHF energy = -228.6542289109 Hartree
  nocc = 18  nvir = 133  (2394 singlet states)
     n   Omega (eV)      f_osc
     1       6.1904    0.00000
     2       6.6957    0.04721
     3       6.8510    0.23753
     4       6.8861    0.00000
     5       7.4395    0.00074
     6       7.5222    0.00000
     7       7.5531    0.00382
     8       7.6933    0.00005
     9       7.7183    0.02805
    10       7.9293    0.00000
    11       8.3059    0.00000
    12       8.3466    0.00192
    13       8.5379    0.02873
    14       8.6863    0.00094
    15       8.6933    0.06845
    16       8.8209    0.00000
    17       8.8225    0.29935
    18       8.8693    0.12122
    19       9.0168    0.00000
    20       9.1144    0.01375
    21       9.2272    0.00000
    22       9.3300    0.00016
    23       9.4644    0.12822
    24       9.5396    0.16217
    25       9.5458    0.00000
    26       9.6784    0.01181
    27       9.9606    0.00002
    28       9.9918    0.01834
    29      10.0364    0.00285
    30      10.1269    0.00293
    31      10.2924    0.00000
    32      10.3055    0.02395
    33      10.5085    0.39084
    34      10.7106    0.02575
    35      10.7419    0.00000
    36      10.7784    0.00000
    37      10.8896    0.00013
    38      10.9011    0.00000
    39      11.0779    0.03046
    40      11.0993    0.00000
    41      11.1904    0.00000
    42      11.2510    0.00000
    43      11.2730    0.09901
    44      11.3108    0.01487
    45      11.3855    0.02967
    46      11.4203    0.01171
    47      11.4413    0.00000
    48      11.6196    0.05648
    49      11.7504    0.00000
    50      11.7836    0.07123
    51      11.8113    0.01038
    52      11.9607    0.00000
    53      11.9815    0.00169
    54      12.0003    0.00532
    55      12.0179    0.00012
    56      12.0861    0.00159
    57      12.2115    0.03843
    58      12.2480    0.00622
    59      12.2911    0.00000
    60      12.3304    0.03383
    61      12.4732    0.00000
    62      12.5167    0.00007
    63      12.5732    0.00003
    64      12.5971    0.09391
    65      12.6026    0.00000
    66      12.6060    0.00000
    67      12.6203    0.00246
    68      12.6238    0.00002
    69      12.6687    0.00000
    70      12.6964    0.00403
    71      12.7376    0.05961
    72      12.8455    0.10339
    73      12.9934    0.00583
    74      13.0248    0.00000
    75      13.0930    0.01319
    76      13.0962    0.10459
    77      13.0982    0.00001
    78      13.1016    0.12734
    79      13.1722    0.02713
    80      13.2055    0.00000
    81      13.2307    0.00000
    82      13.2537    0.00506
    83      13.2580    0.00000
    84      13.2897    0.00102
    85      13.2940    0.00066
    86      13.2975    0.00632
    87      13.4577    0.04859
    88      13.5028    0.00826
    89      13.5439    0.02509
    90      13.5653    0.09799
    91      13.5769    0.00743
    92      13.6089    0.02439
    93      13.6240    0.00000
    94      13.6701    0.04879
    95      13.7347    0.00000
    96      13.7685    0.02675
    97      13.7957    0.00035
    98      13.8502    0.00067
    99      13.8563    0.02075
   100      13.9139    0.00000
   101      13.9349    0.01043
   102      13.9791    0.00257
   103      13.9989    0.00234
   104      14.0038    0.00037
   105      14.0341    0.00334
   106      14.0387    0.00000
   107      14.0896    0.05505
   108      14.1933    0.02146
   109      14.1937    0.04092
   110      14.2271    0.18947
   111      14.2844    0.00006
   112      14.3139    0.00000
   113      14.3351    0.02839
   114      14.3654    0.00100
   115      14.3840    0.00000
   116      14.3975    0.13487
   117      14.4140    0.05310
   118      14.4415    0.00000
   119      14.5151    0.02817
   120      14.5213    0.02047
   121      14.5622    0.07034
   122      14.6476    0.04110
   123      14.6495    0.00000
   124      14.6899    0.00012
   125      14.7371    0.01194
   126      14.8124    0.00010
   127      14.8378    0.00106
   128      14.8440    0.00713
   129      14.8631    0.15734
   130      14.8771    0.01773
   131      14.9098    0.00654
   132      14.9125    0.00000
   133      14.9465    0.00000
   134      15.1032    0.01279
   135      15.1252    0.00000
   136      15.1621    0.03696
   137      15.2695    0.00093
   138      15.2808    0.00000
   139      15.3271    0.00251
   140      15.3548    0.00000
   141      15.3832    0.00430
   142      15.3832    0.00000
   143      15.4042    0.00232
   144      15.4407    0.18453
   145      15.4948    0.06761
   146      15.5200    0.02069
   147      15.5540    0.00461
   148      15.6642    0.00001
   149      15.6874    0.01711
   150      15.7079    0.01385
   151      15.7333    0.02347
   152      15.7523    0.00000
   153      15.8706    0.00438
   154      15.8763    0.00545
   155      15.8976    0.00000
   156      15.9272    0.06349
   157      15.9291    0.00221
   158      16.0027    0.00001
   159      16.0206    0.00001
   160      16.0385    0.00230
   161      16.1083    0.00041
   162      16.1209    0.02375
   163      16.1765    0.00000
   164      16.1876    0.05747
   165      16.2196    0.00153
   166      16.2982    0.04217
   167      16.3821    0.00013
   168      16.3900    0.16945
   169      16.3987    0.01603
   170      16.4239    0.00060
   171      16.4394    0.02529
   172      16.4952    0.03258
   173      16.5053    0.06030
   174      16.5094    0.00000
   175      16.5526    0.00128
   176      16.5645    0.03022
   177      16.6079    0.04924
   178      16.6397    0.00105
   179      16.7222    0.00000
   180      16.8144    0.04949
   181      16.8351    0.00000
   182      16.8529    0.05643
   183      16.8791    0.00059
   184      16.8888    0.03329
   185      16.9129    0.04741
   186      16.9450    0.00019
   187      17.0087    0.07578
   188      17.0109    0.00020
   189      17.0800    0.02546
   190      17.0818    0.00316
   191      17.1040    0.00000
   192      17.1080    0.01964
   193      17.1640    0.00048
   194      17.2113    0.05640
   195      17.2272    0.02643
   196      17.2342    0.00011
   197      17.2822    0.01363
   198      17.3188    0.00020
   199      17.3719    0.00000
   200      17.4069    0.00383
   201      17.4533    0.01255
   202      17.4739    0.02338
   203      17.5126    0.00143
   204      17.5588    0.00601
   205      17.6514    0.01121
   206      17.6655    0.00006
   207      17.7454    0.00462
   208      17.7478    0.00000
   209      17.7646    0.00530
   210      17.7692    0.13491
   211      17.8242    0.06393
   212      17.8536    0.01221
   213      17.9019    0.04480
   214      17.9304    0.00385
   215      17.9592    0.03475
   216      17.9807    0.00000
   217      18.0101    0.06634
   218      18.0496    0.06304
   219      18.0581    0.02515
   220      18.0632    0.00000
   221      18.0707    0.02946
   222      18.1008    0.00000
   223      18.1275    0.03557
   224      18.1681    0.01229
   225      18.1829    0.07148
   226      18.1973    0.00000
   227      18.2159    0.00082
   228      18.2823    0.00000
   229      18.2984    0.02914
   230      18.3061    0.35428
   231      18.3142    0.23420
   232      18.3262    0.03117
   233      18.3528    0.00134
   234      18.3754    0.00000
   235      18.4541    0.00163
   236      18.5097    0.00000
   237      18.5209    0.02234
   238      18.5424    0.00443
   239      18.5489    0.00000
   240      18.5600    0.14861
   241      18.5800    0.00206
   242      18.5828    0.09170
   243      18.6234    0.01286
   244      18.6248    0.20542
   245      18.6879    0.00000
   246      18.6939    0.44407
   247      18.7283    0.08780
   248      18.7636    0.01448
   249      18.7773    0.04814
   250      18.7985    0.10245
   251      18.8555    0.00000
   252      18.8967    0.22464
   253      18.9309    0.01234
   254      18.9946    0.00561
   255      18.9975    0.00000
   256      19.0105    0.02565
   257      19.0674    0.01266
   258      19.0789    0.04720
   259      19.1026    0.00000
   260      19.1247    0.19256
   261      19.1302    0.01328
   262      19.1606    0.01147
   263      19.2151    0.06151
   264      19.2541    0.03902
   265      19.2781    0.00278
   266      19.3065    0.00000
   267      19.3283    0.00491
   268      19.3757    0.00155
   269      19.4334    0.00000
   270      19.4450    0.00032
   271      19.4474    0.00001
   272      19.4834    0.00409
   273      19.4927    0.04862
   274      19.5074    0.00351
   275      19.5860    0.13074
   276      19.6407    0.00000
   277      19.6842    0.03840
   278      19.7077    0.01802
   279      19.7185    0.00000
   280      19.7450    0.30756
   281      19.7471    0.02165
   282      19.7497    0.00046
   283      19.7947    0.00000
   284      19.7954    0.03678
   285      19.8820    0.00735
   286      19.9371    0.05305
   287      19.9451    0.09685
   288      19.9592    0.02626
   289      20.0186    0.09080
   290      20.0289    0.00000
   291      20.0804    0.05933
   292      20.1086    0.00538
   293      20.1138    0.00000
   294      20.1611    0.00224
   295      20.1669    0.00964
   296      20.1764    0.08415
   297      20.1836    0.00001
   298      20.1935    0.03890
   299      20.2983    0.00212
   300      20.3731    0.00000
   301      20.3766    0.12708
   302      20.3865    0.03351
   303      20.4075    0.00000
   304      20.4565    0.00796
   305      20.5032    0.17859
   306      20.5259    0.17919
   307      20.5441    0.00044
   308      20.5839    0.00000
   309      20.5896    0.00107
   310      20.6280    0.00877
   311      20.6803    0.06526
   312      20.7216    0.00104
   313      20.7630    0.02833
   314      20.8144    0.00630
   315      20.8276    0.07903
   316      20.8450    0.00000
   317      20.8775    0.04781
   318      20.8954    0.02575
   319      20.9205    0.00000
   320      20.9240    0.00000
   321      20.9629    0.06618
   322      21.0115    0.00000
   323      21.0137    0.01137
   324      21.0886    0.00063
   325      21.1616    0.23846
   326      21.2029    0.00000
   327      21.2178    0.16394
   328      21.2482    0.00651
   329      21.2611    0.00007
   330      21.2824    0.07681
   331      21.3389    0.02732
   332      21.4013    0.00000
   333      21.4083    0.02649
   334      21.4392    0.00094
   335      21.4958    0.00000
   336      21.5106    0.00000
   337      21.5198    0.08351
   338      21.5260    0.01273
   339      21.6201    0.00394
   340      21.6278    0.02359
   341      21.6319    0.00000
   342      21.6563    0.00153
   343      21.6590    0.11480
   344      21.6789    0.00026
   345      21.6884    0.00000
   346      21.7855    0.33673
   347      21.7975    0.00035
   348      21.8223    0.04980
   349      21.8880    0.07308
   350      21.8948    0.01010
   351      21.9165    0.02653
   352      21.9292    0.03154
   353      22.0238    0.00344
   354      22.0401    0.02278
   355      22.1105    0.00127
   356      22.1136    0.00000
   357      22.1385    0.00000
   358      22.1652    0.07196
   359      22.2386    0.03692
   360      22.2581    0.00069
   361      22.3244    0.00758
   362      22.3592    0.02514
   363      22.4086    0.00129
   364      22.4378    0.00512
   365      22.4788    0.04556
   366      22.5093    0.21505
   367      22.5186    0.00284
   368      22.5409    0.00000
   369      22.5720    0.00006
   370      22.5725    0.08812
   371      22.5953    0.00000
   372      22.5991    0.00739
   373      22.5992    0.02913
   374      22.6090    0.12964
   375      22.6927    0.01389
   376      22.6966    0.15159
   377      22.7726    0.04580
   378      22.8200    0.02848
   379      22.8618    0.00000
   380      22.8636    0.00058
   381      22.9628    0.00876
   382      22.9845    0.00845
   383      23.0007    0.00000
   384      23.0165    0.00005
   385      23.0348    0.07604
   386      23.0619    0.00063
   387      23.0712    0.00000
   388      23.0787    0.02256
   389      23.0917    0.30899
   390      23.1297    0.06046
   391      23.1596    0.00825
   392      23.1654    0.00243
   393      23.1877    0.00214
   394      23.1915    0.00000
   395      23.2067    0.00044
   396      23.2144    0.04742
   397      23.2694    0.07169
   398      23.2744    0.00000
   399      23.3237    0.00382
   400      23.3532    0.02695
   401      23.3637    0.00000
   402      23.3802    0.00212
   403      23.4023    0.02090
   404      23.4401    0.00000
   405      23.4688    0.07603
   406      23.5232    0.02485
   407      23.5445    0.01116
   408      23.5527    0.03296
   409      23.5738    0.00108
   410      23.6029    0.00245
   411      23.6222    0.02537
   412      23.6317    0.00120
   413      23.6878    0.09076
   414      23.7175    0.01269
   415      23.7376    0.02513
   416      23.7922    0.00000
   417      23.8140    0.00020
   418      23.8438    0.01695
   419      23.8885    0.00108
   420      23.9051    0.11868
   421      23.9065    0.00000
   422      23.9541    0.02780
   423      23.9929    0.02848
   424      23.9944    0.00000
   425      24.0452    0.00160
   426      24.0646    0.02966
   427      24.0976    0.00000
   428      24.1357    0.01041
   429      24.1589    0.03624
   430      24.1785    0.00148
   431      24.2287    0.03835
   432      24.2783    0.10311
   433      24.2910    0.05036
   434      24.3210    0.00098
   435      24.3508    0.00000
   436      24.3925    0.00536
   437      24.4075    0.03513
   438      24.4407    0.02548
   439      24.4554    0.00000
   440      24.4794    0.00468
   441      24.4988    0.01796
   442      24.5177    0.00270
   443      24.5184    0.00000
   444      24.5195    0.00578
   445      24.5256    0.00063
   446      24.5728    0.03937
   447      24.6227    0.03979
   448      24.6420    0.00773
   449      24.6618    0.09882
   450      24.6933    0.01364
   451      24.6998    0.08993
   452      24.7887    0.00000
   453      24.7923    0.07333
   454      24.8165    0.00281
   455      24.8649    0.00984
   456      24.8659    0.05034
   457      24.9425    0.00000
   458      24.9641    0.01631
   459      24.9825    0.00455
   460      25.0425    0.00484
   461      25.0589    0.00482
   462      25.0748    0.00685
   463      25.0808    0.00604
   464      25.1290    0.00364
   465      25.1389    0.03013
   466      25.1668    0.00759
   467      25.1990    0.04496
   468      25.2145    0.00418
   469      25.2178    0.00656
   470      25.2314    0.00000
   471      25.2467    0.00389
   472      25.2922    0.00000
   473      25.3227    0.10268
   474      25.3291    0.08086
   475      25.3383    0.05337
   476      25.4005    0.00118
   477      25.4152    0.00010
   478      25.4159    0.00567
   479      25.5169    0.05255
   480      25.6007    0.04561
   481      25.6187    0.00562
   482      25.6201    0.00000
   483      25.6910    0.00477
   484      25.7121    0.00866
   485      25.7207    0.02086
   486      25.7365    0.22156
   487      25.7489    0.01109
   488      25.7850    0.00000
   489      25.7945    0.00000
   490      25.8138    0.02135
   491      25.9114    0.01513
   492      25.9374    0.01127
   493      25.9779    0.02859
   494      25.9873    0.00797
   495      26.0055    0.00000
   496      26.0254    0.02732
   497      26.0665    0.00000
   498      26.1125    0.15473
   499      26.1632    0.00367
   500      26.1802    0.00457
   501      26.1911    0.01270
   502      26.2171    0.00005
   503      26.2954    0.00032
   504      26.3033    0.02089
   505      26.3116    0.02054
   506      26.3410    0.05983
   507      26.3515    0.08188
   508      26.4321    0.00943
   509      26.4361    0.00035
   510      26.4899    0.01825
   511      26.5063    0.00000
   512      26.5193    0.00221
   513      26.5213    0.02167
   514      26.5263    0.00000
   515      26.5664    0.00662
   516      26.5817    0.01669
   517      26.5858    0.00049
   518      26.6177    0.00000
   519      26.6796    0.14829
   520      26.6976    0.08887
   521      26.7390    0.00723
   522      26.7486    0.00393
   523      26.7656    0.00004
   524      26.7977    0.00126
   525      26.8053    0.04540
   526      26.8308    0.00000
   527      26.8718    0.00000
   528      26.8902    0.01385
   529      26.9051    0.00054
   530      26.9171    0.00500
   531      26.9320    0.07558
   532      26.9775    0.08105
   533      27.0470    0.21850
   534      27.0584    0.00000
   535      27.1243    0.04126
   536      27.1783    0.08940
   537      27.2262    0.00000
   538      27.2368    0.12821
   539      27.2984    0.05033
   540      27.3258    0.00748
   541      27.3739    0.00078
   542      27.4295    0.00002
   543      27.4380    0.06860
   544      27.4476    0.00000
   545      27.4819    0.22498
   546      27.5017    0.00000
   547      27.5109    0.00207
   548      27.5425    0.00000
   549      27.5691    0.00000
   550      27.5829    0.00000
   551      27.6214    0.00000
   552      27.6586    0.01349
   553      27.6624    0.24551
   554      27.7590    0.00001
   555      27.7983    0.05944
   556      27.8178    0.09199
   557      27.8874    0.05934
   558      27.9288    0.00032
   559      27.9356    0.39711
   560      27.9765    0.00026
   561      27.9814    0.00500
   562      28.0391    0.10207
   563      28.0392    0.00947
   564      28.0669    0.00787
   565      28.0928    0.00000
   566      28.1124    0.00210
   567      28.1211    0.00501
   568      28.1252    0.00004
   569      28.1422    0.00313
   570      28.1646    0.19812
   571      28.2167    0.00907
   572      28.2329    0.02691
   573      28.2515    0.00000
   574      28.2724    0.00000
   575      28.2883    0.02045
   576      28.3069    0.00674
   577      28.3152    0.00042
   578      28.3710    0.02401
   579      28.4111    0.00111
   580      28.4123    0.02290
   581      28.4603    0.10507
   582      28.4862    0.07493
   583      28.5477    0.00078
   584      28.6032    0.02707
   585      28.6774    0.00932
   586      28.6868    0.00000
   587      28.6973    0.09782
   588      28.7210    0.08403
   589      28.7583    0.00000
   590      28.7775    0.09749
   591      28.7785    0.00000
   592      28.8462    0.00840
   593      28.8867    0.00255
   594      28.9186    0.01646
   595      28.9653    0.01455
   596      28.9744    0.10429
   597      29.0368    0.00345
   598      29.0531    0.00000
   599      29.0850    0.00904
   600      29.1273    0.00636
   601      29.1983    0.00017
   602      29.2097    0.00096
   603      29.2191    0.00210
   604      29.2557    0.00109
   605      29.2745    0.05583
   606      29.3154    0.08716
   607      29.3702    0.06764
   608      29.3731    0.02725
   609      29.4161    0.01050
   610      29.4421    0.00101
   611      29.4872    0.00910
   612      29.5030    0.00000
   613      29.5949    0.00000
   614      29.5984    0.00000
   615      29.6492    0.06945
   616      29.6711    0.03809
   617      29.6895    0.00052
   618      29.6897    0.02534
   619      29.7140    0.00104
   620      29.7737    0.02945
   621      29.7793    0.01416
   622      29.8233    0.12263
   623      29.8717    0.00000
   624      29.9283    0.00000
   625      29.9346    0.03163
   626      30.0027    0.07069
   627      30.0045    0.00165
   628      30.0488    0.00005
   629      30.0669    0.03948
   630      30.1489    0.00000
   631      30.1626    0.00686
   632      30.1713    0.02162
   633      30.2389    0.03541
   634      30.2527    0.00015
   635      30.2698    0.04955
   636      30.3876    0.00527
   637      30.3993    0.02138
   638      30.4012    0.00834
   639      30.4106    0.00283
   640      30.4546    0.00000
   641      30.4817    0.00000
   642      30.5277    0.00009
   643      30.5561    0.03076
   644      30.6364    0.01396
   645      30.7092    0.00632
   646      30.7197    0.00155
   647      30.7605    0.01043
   648      30.7862    0.00000
   649      30.7906    0.00210
   650      30.8443    0.00012
   651      30.9189    0.00001
   652      30.9491    0.02177
   653      30.9908    0.00000
   654      31.0019    0.00011
   655      31.0242    0.02024
   656      31.0769    0.09554
   657      31.0941    0.04395
   658      31.1862    0.00526
   659      31.1904    0.00000
   660      31.1951    0.04851
   661      31.2462    0.00000
   662      31.2792    0.00264
   663      31.3033    0.00305
   664      31.3256    0.02275
   665      31.3571    0.00241
   666      31.3793    0.04888
   667      31.4100    0.11742
   668      31.4974    0.00016
   669      31.4993    0.00000
   670      31.5549    0.00139
   671      31.5565    0.03215
   672      31.5624    0.00000
   673      31.6255    0.00000
   674      31.6335    0.00031
   675      31.6414    0.01661
   676      31.6843    0.10333
   677      31.6942    0.00000
   678      31.7574    0.18594
   679      31.8274    0.01792
   680      31.8492    0.00382
   681      31.8653    0.00000
   682      31.9509    0.01651
   683      32.0628    0.01468
   684      32.1216    0.00002
   685      32.1241    0.00018
   686      32.1352    0.00001
   687      32.1809    0.06438
   688      32.2210    0.00635
   689      32.2717    0.02074
   690      32.2791    0.10461
   691      32.3179    0.02018
   692      32.3276    0.01570
   693      32.3819    0.00147
   694      32.4201    0.01124
   695      32.4342    0.00000
   696      32.4910    0.00000
   697      32.4981    0.00000
   698      32.5438    0.00008
   699      32.5490    0.00000
   700      32.5564    0.00022
   701      32.5671    0.00920
   702      32.5956    0.00914
   703      32.6238    0.00482
   704      32.6416    0.00000
   705      32.6775    0.03572
   706      32.6876    0.00094
   707      32.7187    0.00000
   708      32.7637    0.00326
   709      32.7899    0.00000
   710      32.8227    0.00091
   711      32.8541    0.00004
   712      32.8985    0.00232
   713      32.9149    0.01175
   714      32.9728    0.00239
   715      33.0205    0.00000
   716      33.0303    0.00155
   717      33.0723    0.00617
   718      33.0806    0.00738
   719      33.1145    0.00912
   720      33.1409    0.02250
   721      33.1519    0.00582
   722      33.1869    0.00954
   723      33.2833    0.00000
   724      33.2867    0.00886
   725      33.3331    0.02329
   726      33.3825    0.07785
   727      33.3975    0.00000
   728      33.4041    0.03466
   729      33.4138    0.03348
   730      33.5267    0.00000
   731      33.5490    0.00435
   732      33.5842    0.02173
   733      33.5861    0.00135
   734      33.6320    0.00000
   735      33.6431    0.01778
   736      33.7327    0.00361
   737      33.7387    0.00000
   738      33.7407    0.00012
   739      33.7914    0.00000
   740      33.8125    0.00255
   741      33.8582    0.02937
   742      33.8596    0.02063
   743      33.8745    0.00000
   744      33.9688    0.00090
   745      34.0593    0.00379
   746      34.0741    0.00494
   747      34.1258    0.00136
   748      34.1277    0.00000
   749      34.1469    0.00001
   750      34.1620    0.03712
   751      34.3094    0.01507
   752      34.3268    0.00521
   753      34.3313    0.00039
   754      34.3800    0.04035
   755      34.3842    0.00056
   756      34.4165    0.00030
   757      34.5068    0.00240
   758      34.5605    0.01809
   759      34.5804    0.12238
   760      34.6039    0.00321
   761      34.6208    0.32884
   762      34.6604    0.00499
   763      34.6606    0.00544
   764      34.6803    0.00254
   765      34.7500    0.07031
   766      34.7753    0.02848
   767      34.8360    0.02787
   768      34.8629    0.00515
   769      34.9027    0.03991
   770      34.9186    0.03264
   771      34.9658    0.04742
   772      34.9749    0.00000
   773      35.0001    0.02352
   774      35.0666    0.00002
   775      35.0843    0.00166
   776      35.0899    0.01247
   777      35.1069    0.00000
   778      35.1383    0.00277
   779      35.1526    0.03750
   780      35.1744    0.00164
   781      35.2723    0.00000
   782      35.2851    0.00004
   783      35.4370    0.00010
   784      35.4513    0.00667
   785      35.4678    0.00000
   786      35.4916    0.02091
   787      35.5827    0.00219
   788      35.6174    0.05075
   789      35.6787    0.00351
   790      35.7754    0.00000
   791      35.7980    0.00064
   792      35.8126    0.01140
   793      35.8834    0.00000
   794      35.9002    0.00727
   795      35.9634    0.02285
   796      36.0357    0.00000
   797      36.0415    0.00845
   798      36.0749    0.00000
   799      36.1335    0.00365
   800      36.1575    0.05552
   801      36.1963    0.00708
   802      36.2460    0.00495
   803      36.2770    0.03178
   804      36.2864    0.01848
   805      36.3158    0.00439
   806      36.3373    0.00000
   807      36.3620    0.00187
   808      36.3705    0.01017
   809      36.4482    0.01229
   810      36.4738    0.03347
   811      36.4911    0.01022
   812      36.6969    0.01133
   813      36.7456    0.01175
   814      36.7813    0.02499
   815      36.8343    0.00282
   816      36.8400    0.00019
   817      36.8878    0.00124
   818      36.9423    0.01873
   819      37.0006    0.00000
   820      37.0066    0.01644
   821      37.0152    0.02378
   822      37.0681    0.00000
   823      37.0681    0.00114
   824      37.0704    0.00302
   825      37.1701    0.00000
   826      37.1703    0.01551
   827      37.1963    0.01547
   828      37.3090    0.00039
   829      37.3441    0.00286
   830      37.3839    0.00000
   831      37.3990    0.02214
   832      37.4123    0.00000
   833      37.4327    0.00044
   834      37.4961    0.00906
   835      37.5824    0.00463
   836      37.5950    0.00005
   837      37.6139    0.00295
   838      37.6367    0.00163
   839      37.7332    0.00595
   840      37.7823    0.00000
   841      37.8019    0.00038
   842      37.8192    0.00020
   843      37.8521    0.08471
   844      37.8782    0.00000
   845      37.9455    0.00000
   846      38.0434    0.00982
   847      38.1096    0.01734
   848      38.1163    0.00035
   849      38.2503    0.00497
   850      38.2557    0.03423
   851      38.2784    0.00074
   852      38.4037    0.00577
   853      38.4294    0.00225
   854      38.6016    0.06472
   855      38.6470    0.00000
   856      38.6628    0.07898
   857      38.6817    0.00469
   858      38.7298    0.00163
   859      38.7660    0.02601
   860      38.7707    0.00000
   861      38.7774    0.00008
   862      38.7996    0.00698
   863      38.8316    0.12797
   864      38.9348    0.05949
   865      38.9556    0.00071
   866      38.9573    0.00000
   867      39.0029    0.00632
   868      39.0156    0.17899
   869      39.0181    0.01386
   870      39.0348    0.00000
   871      39.0546    0.00519
   872      39.1431    0.15908
   873      39.1869    0.05196
   874      39.2969    0.13612
   875      39.3739    0.01674
   876      39.4002    0.05673
   877      39.5071    0.00000
   878      39.6014    0.01502
   879      39.6752    0.03173
   880      39.6798    0.02770
   881      39.6892    0.00000
   882      39.6985    0.00322
   883      39.7965    0.00468
   884      39.8027    0.03816
   885      39.9087    0.00000
   886      39.9100    0.00025
   887      39.9827    0.00809
   888      40.0421    0.01781
   889      40.1977    0.00077
   890      40.2577    0.00824
   891      40.3424    0.00000
   892      40.3803    0.00001
   893      40.4163    0.01877
   894      40.4256    0.05182
   895      40.5057    0.05378
   896      40.5657    0.10555
   897      40.6272    0.06435
   898      40.6759    0.00305
   899      40.6847    0.00262
   900      40.7982    0.01387
   901      40.8033    0.00000
   902      40.8611    0.07005
   903      40.9362    0.07064
   904      40.9371    0.00000
   905      40.9942    0.00397
   906      41.0093    0.00894
   907      41.0579    0.00000
   908      41.1299    0.01661
   909      41.1499    0.01863
   910      41.1861    0.00000
   911      41.2012    0.05882
   912      41.2529    0.00203
   913      41.5430    0.08116
   914      41.5487    0.06889
   915      41.5809    0.00257
   916      41.6757    0.12740
   917      41.7494    0.04641
   918      41.8121    0.01232
   919      41.8676    0.13260
   920      41.8911    0.09967
   921      41.9383    0.00000
   922      41.9792    0.00316
   923      42.0416    0.05927
   924      42.0652    0.00078
   925      42.0897    0.00000
   926      42.1038    0.01452
   927      42.1335    0.00156
   928      42.1585    0.00000
   929      42.1983    0.00332
   930      42.2626    0.00091
   931      42.3326    0.03370
   932      42.3772    0.01700
   933      42.3827    0.00000
   934      42.5011    0.03308
   935      42.5752    0.00000
   936      42.6867    0.04044
   937      42.7320    0.05530
   938      42.7347    0.01550
   939      42.8476    0.05486
   940      42.8490    0.00129
   941      42.9968    0.00223
   942      43.1149    0.01658
   943      43.1502    0.02008
   944      43.2160    0.00000
   945      43.2631    0.00000
   946      43.2713    0.02326
   947      43.3043    0.00833
   948      43.3662    0.00050
   949      43.3980    0.00000
   950      43.4248    0.02959
   951      43.4534    0.00273
   952      43.5399    0.00149
   953      43.5459    0.00000
   954      43.5851    0.00076
   955      43.6009    0.00014
   956      43.6799    0.00000
   957      43.7120    0.00002
   958      43.7731    0.01493
   959      43.8168    0.00000
   960      43.8758    0.02001
   961      43.9333    0.00000
   962      43.9743    0.00000
   963      44.0148    0.02501
   964      44.0267    0.00513
   965      44.0302    0.00000
   966      44.1707    0.00269
   967      44.2760    0.00020
   968      44.3011    0.00111
   969      44.4381    0.01030
   970      44.4789    0.00014
   971      44.5070    0.00000
   972      44.5697    0.00571
   973      44.5840    0.00000
   974      44.6917    0.06101
   975      44.7200    0.02377
   976      44.7894    0.03369
   977      44.8221    0.00019
   978      44.8394    0.15555
   979      44.8931    0.03169
   980      44.9220    0.00000
   981      44.9636    0.03485
   982      45.0031    0.00004
   983      45.0694    0.03487
   984      45.1399    0.01020
   985      45.1668    0.00151
   986      45.2745    0.06359
   987      45.3868    0.00335
   988      45.4008    0.00196
   989      45.4574    0.00263
   990      45.4635    0.00000
   991      45.4965    0.00129
   992      45.5182    0.02437
   993      45.5361    0.00000
   994      45.6061    0.00000
   995      45.6201    0.00733
   996      45.6649    0.13241
   997      45.7162    0.01397
   998      45.8335    0.03031
   999      46.0281    0.00332
  1000      46.0867    0.01627
  1001      46.0979    0.05943
  1002      46.1226    0.00008
  1003      46.2235    0.00321
  1004      46.2392    0.00000
  1005      46.3591    0.02279
  1006      46.4294    0.00068
  1007      46.4295    0.00000
  1008      46.4760    0.00242
  1009      46.5948    0.40838
  1010      46.7186    0.00452
  1011      46.7319    0.00000
  1012      46.8676    0.00171
  1013      46.9043    0.00364
  1014      46.9615    0.01236
  1015      46.9768    0.00002
  1016      46.9826    0.00238
  1017      47.0003    0.00231
  1018      47.0143    0.00000
  1019      47.0156    0.04063
  1020      47.0636    0.00152
  1021      47.1629    0.00050
  1022      47.1776    0.00000
  1023      47.1887    0.00000
  1024      47.1980    0.00887
  1025      47.2396    0.00015
  1026      47.3807    0.00285
  1027      47.4338    0.02430
  1028      47.5038    0.00971
  1029      47.5862    0.03395
  1030      47.6158    0.00000
  1031      47.6913    0.00914
  1032      47.7807    0.04749
  1033      47.7827    0.00955
  1034      47.8501    0.01075
  1035      47.8678    0.05400
  1036      47.9702    0.01102
  1037      48.0695    0.00000
  1038      48.1090    0.00003
  1039      48.1599    0.12869
  1040      48.2171    0.00626
  1041      48.2364    0.00001
  1042      48.3780    0.03221
  1043      48.4153    0.00007
  1044      48.4289    0.00163
  1045      48.4630    0.02434
  1046      48.5188    0.00109
  1047      48.5442    0.00000
  1048      48.6339    0.00086
  1049      48.7528    0.04919
  1050      48.7803    0.00005
  1051      48.8162    0.00000
  1052      48.8276    0.00106
  1053      48.8904    0.00035
  1054      48.9337    0.05385
  1055      48.9766    0.01222
  1056      49.0192    0.00000
  1057      49.0521    0.00837
  1058      49.0628    0.01199
  1059      49.0678    0.00000
  1060      49.1077    0.00000
  1061      49.1094    0.00859
  1062      49.1254    0.00864
  1063      49.1763    0.01389
  1064      49.2539    0.00530
  1065      49.3029    0.00000
  1066      49.3733    0.01596
  1067      49.3978    0.00040
  1068      49.4381    0.02290
  1069      49.4549    0.01851
  1070      49.5079    0.00000
  1071      49.6337    0.03100
  1072      49.6487    0.05439
  1073      49.6637    0.02353
  1074      49.7001    0.02817
  1075      49.7462    0.00228
  1076      49.8030    0.00000
  1077      49.8235    0.01343
  1078      49.8643    0.00000
  1079      49.9437    0.01888
  1080      49.9687    0.02157
  1081      50.0849    0.00531
  1082      50.1146    0.00000
  1083      50.1899    0.00956
  1084      50.1946    0.00091
  1085      50.2165    0.11782
  1086      50.2734    0.00007
  1087      50.2888    0.00963
  1088      50.4272    0.00152
  1089      50.5211    0.00061
  1090      50.5441    0.15388
  1091      50.6414    0.24829
  1092      50.7825    0.00383
  1093      50.8591    0.00407
  1094      50.8848    0.03144
  1095      51.0546    0.01439
  1096      51.0779    0.03869
  1097      51.0946    0.03847
  1098      51.1695    0.00517
  1099      51.1820    0.00402
  1100      51.1973    0.03293
  1101      51.2169    0.00127
  1102      51.2933    0.00000
  1103      51.3842    0.20610
  1104      51.5019    0.00595
  1105      51.5106    0.00000
  1106      51.5530    0.00000
  1107      51.5834    0.00459
  1108      51.6318    0.02969
  1109      51.7102    0.01896
  1110      51.7744    0.00000
  1111      51.8010    0.00662
  1112      51.8209    0.00000
  1113      51.8395    0.00157
  1114      51.8751    0.00377
  1115      51.9428    0.00000
  1116      51.9661    0.00689
  1117      52.0284    0.03204
  1118      52.0687    0.00012
  1119      52.0733    0.00000
  1120      52.0751    0.01263
  1121      52.0921    0.23753
  1122      52.2560    0.00890
  1123      52.3963    0.00336
  1124      52.5194    0.00260
  1125      52.5994    0.00106
  1126      52.6411    0.49690
  1127      52.7262    0.00492
  1128      52.8407    0.00142
  1129      52.9536    0.00493
  1130      52.9650    0.01806
  1131      52.9758    0.00000
  1132      53.1061    0.00000
  1133      53.1093    0.00167
  1134      53.1414    0.04249
  1135      53.1557    0.00535
  1136      53.1588    0.00000
  1137      53.1961    0.06955
  1138      53.3221    0.00000
  1139      53.3455    0.00341
  1140      53.3557    0.01186
  1141      53.3812    0.00258
  1142      53.4293    0.00127
  1143      53.4410    0.01085
  1144      53.5800    0.00109
  1145      53.6757    0.00196
  1146      53.7703    0.61941
  1147      53.7838    0.00000
  1148      53.8587    0.00057
  1149      53.9462    0.04835
  1150      53.9642    0.00000
  1151      53.9709    0.04506
  1152      54.0368    0.00097
  1153      54.0650    0.00173
  1154      54.0853    0.01431
  1155      54.1091    0.00000
  1156      54.1213    0.00002
  1157      54.1605    0.00000
  1158      54.1620    0.00868
  1159      54.3079    0.00001
  1160      54.4066    0.00047
  1161      54.5070    0.04222
  1162      54.5076    0.00118
  1163      54.6307    0.00000
  1164      54.6407    0.00416
  1165      54.7239    0.00000
  1166      54.7337    0.00413
  1167      54.7634    0.00433
  1168      54.7904    0.00507
  1169      54.8428    0.00000
  1170      54.8561    0.02273
  1171      54.8902    0.00472
  1172      54.9916    0.02022
  1173      55.0320    0.08593
  1174      55.0367    0.01675
  1175      55.0821    0.00000
  1176      55.1435    0.00011
  1177      55.2110    0.02644
  1178      55.2339    0.01946
  1179      55.3492    0.04106
  1180      55.3967    0.00227
  1181      55.4297    0.00000
  1182      55.4305    0.00081
  1183      55.4873    0.00858
  1184      55.5072    0.00018
  1185      55.5190    0.00000
  1186      55.6662    0.01935
  1187      55.7136    0.00479
  1188      55.7739    0.00972
  1189      55.8554    0.00115
  1190      55.9109    0.00000
  1191      55.9478    0.00593
  1192      56.0835    0.04863
  1193      56.0971    0.00000
  1194      56.1817    0.00827
  1195      56.2777    0.00447
  1196      56.3416    0.06697
  1197      56.3800    0.01659
  1198      56.3832    0.00000
  1199      56.5203    0.00070
  1200      56.6264    0.02203
  1201      56.6497    0.01399
  1202      56.6708    0.19564
  1203      56.6731    0.00000
  1204      56.7479    0.00000
  1205      56.7729    0.00111
  1206      56.7978    0.00014
  1207      56.8729    0.00850
  1208      56.9751    0.00816
  1209      57.0116    0.00543
  1210      57.1560    0.00016
  1211      57.2172    0.00446
  1212      57.2421    0.01946
  1213      57.2686    0.00020
  1214      57.3273    0.00011
  1215      57.3850    0.06250
  1216      57.5121    0.02033
  1217      57.5229    0.01547
  1218      57.5539    0.00265
  1219      57.6251    0.00114
  1220      57.7031    0.00183
  1221      57.7529    0.00741
  1222      57.7917    0.01907
  1223      57.8217    0.00000
  1224      57.8311    0.01450
  1225      57.9100    0.06858
  1226      58.0174    0.00518
  1227      58.0603    0.07176
  1228      58.1031    0.00000
  1229      58.1434    0.00439
  1230      58.2154    0.00111
  1231      58.2197    0.00656
  1232      58.3336    0.00239
  1233      58.3880    0.04368
  1234      58.4013    0.00277
  1235      58.4426    0.02750
  1236      58.4833    0.00000
  1237      58.5210    0.00197
  1238      58.6453    0.00651
  1239      58.6517    0.00081
  1240      58.6933    0.00000
  1241      58.6960    0.03676
  1242      58.7421    0.00076
  1243      58.7460    0.00396
  1244      58.7713    0.00007
  1245      58.7881    0.00043
  1246      59.0328    0.00002
  1247      59.0953    0.00000
  1248      59.1223    0.01910
  1249      59.1684    0.00530
  1250      59.2368    0.00279
  1251      59.2452    0.00000
  1252      59.2476    0.02879
  1253      59.3488    0.00080
  1254      59.4959    0.00000
  1255      59.5355    0.02995
  1256      59.5553    0.01347
  1257      59.5633    0.00000
  1258      59.5842    0.03615
  1259      59.6636    0.00000
  1260      59.6853    0.00016
  1261      59.7786    0.00016
  1262      59.8348    0.00842
  1263      59.8651    0.00860
  1264      59.9828    0.00000
  1265      59.9906    0.00373
  1266      60.0574    0.00279
  1267      60.1062    0.02321
  1268      60.1709    0.00000
  1269      60.2291    0.00878
  1270      60.2946    0.00411
  1271      60.3726    0.00154
  1272      60.4292    0.01104
  1273      60.4690    0.00102
  1274      60.4744    0.00000
  1275      60.4899    0.05086
  1276      60.6981    0.00000
  1277      60.7206    0.00119
  1278      60.7330    0.00001
  1279      60.7595    0.00554
  1280      60.8457    0.00000
  1281      60.8471    0.07033
  1282      60.9844    0.01320
  1283      60.9881    0.00000
  1284      61.0051    0.00036
  1285      61.0747    0.00067
  1286      61.1126    0.00000
  1287      61.2816    0.00000
  1288      61.4212    0.00016
  1289      61.4492    0.01079
  1290      61.4994    0.00000
  1291      61.5048    0.04865
  1292      61.5802    0.00007
  1293      61.6596    0.00000
  1294      61.7475    0.00058
  1295      61.7550    0.01042
  1296      61.9134    0.01492
  1297      62.0594    0.00000
  1298      62.1811    0.01110
  1299      62.2019    0.00256
  1300      62.2632    0.00000
  1301      62.3920    0.00061
  1302      62.4169    0.02517
  1303      62.4657    0.00000
  1304      62.4960    0.00004
  1305      62.5917    0.04368
  1306      62.6254    0.00000
  1307      62.6302    0.00542
  1308      62.7547    0.00003
  1309      62.8034    0.00000
  1310      62.8173    0.00188
  1311      62.8494    0.00266
  1312      62.9438    0.00000
  1313      62.9959    0.01336
  1314      63.0130    0.02740
  1315      63.0434    0.08628
  1316      63.3945    0.01551
  1317      63.4329    0.00052
  1318      63.4610    0.00028
  1319      63.4790    0.01952
  1320      63.5867    0.00697
  1321      63.5889    0.00000
  1322      63.6106    0.00126
  1323      63.6930    0.00009
  1324      63.8945    0.00160
  1325      63.9899    0.01435
  1326      64.1457    0.00000
  1327      64.1473    0.00861
  1328      64.1477    0.01755
  1329      64.1718    0.09491
  1330      64.2431    0.00434
  1331      64.3595    0.04453
  1332      64.3816    0.01595
  1333      64.4391    0.00891
  1334      64.4401    0.00005
  1335      64.5655    0.00278
  1336      64.5820    0.00824
  1337      64.7662    0.00248
  1338      64.7997    0.03249
  1339      64.8623    0.00102
  1340      64.9227    0.01718
  1341      64.9800    0.00215
  1342      65.0361    0.00083
  1343      65.1198    0.00000
  1344      65.1835    0.01344
  1345      65.2056    0.00488
  1346      65.3633    0.01277
  1347      65.4197    0.05293
  1348      65.4246    0.01310
  1349      65.4977    0.01115
  1350      65.6630    0.00647
  1351      65.6666    0.00000
  1352      65.7729    0.03427
  1353      65.7758    0.02533
  1354      65.8235    0.03542
  1355      65.9074    0.00507
  1356      65.9770    0.00001
  1357      66.0309    0.01542
  1358      66.0761    0.00387
  1359      66.0854    0.00322
  1360      66.1536    0.00000
  1361      66.1957    0.00279
  1362      66.2750    0.00395
  1363      66.2990    0.00000
  1364      66.3310    0.00000
  1365      66.4092    0.00022
  1366      66.5458    0.00000
  1367      66.6078    0.00027
  1368      66.7528    0.00000
  1369      66.7872    0.00000
  1370      66.8113    0.01101
  1371      67.0546    0.06007
  1372      67.1307    0.00226
  1373      67.2309    0.00656
  1374      67.2446    0.00232
  1375      67.3196    0.00139
  1376      67.3993    0.00165
  1377      67.4256    0.01409
  1378      67.6011    0.00017
  1379      67.6152    0.01199
  1380      67.6156    0.00000
  1381      67.6400    0.00000
  1382      67.7412    0.00120
  1383      67.8511    0.02949
  1384      68.0469    0.00047
  1385      68.0522    0.01551
  1386      68.1692    0.01819
  1387      68.2228    0.00000
  1388      68.2454    0.00054
  1389      68.2868    0.00203
  1390      68.5213    0.00042
  1391      68.6564    0.01523
  1392      68.8282    0.00250
  1393      68.8367    0.00000
  1394      68.8825    0.00009
  1395      68.9887    0.00040
  1396      69.0181    0.00095
  1397      69.0701    0.00019
  1398      69.2054    0.00576
  1399      69.2486    0.00285
  1400      69.2862    0.00130
  1401      69.3445    0.00000
  1402      69.5239    0.00269
  1403      69.5322    0.00000
  1404      69.6195    0.00423
  1405      69.8046    0.00000
  1406      69.8751    0.00126
  1407      69.8815    0.00459
  1408      69.9891    0.00384
  1409      70.0026    0.00007
  1410      70.0883    0.02498
  1411      70.1934    0.01588
  1412      70.2990    0.00000
  1413      70.4350    0.00036
  1414      70.5760    0.00006
  1415      70.6021    0.00480
  1416      70.6879    0.00312
  1417      70.7972    0.05954
  1418      70.8097    0.00008
  1419      70.8731    0.00013
  1420      70.8896    0.00000
  1421      71.0302    0.00000
  1422      71.0355    0.00000
  1423      71.1551    0.00262
  1424      71.1841    0.00852
  1425      71.4277    0.00019
  1426      71.6685    0.00028
  1427      71.7838    0.00774
  1428      71.8929    0.08936
  1429      71.9191    0.01548
  1430      71.9942    0.00000
  1431      72.1535    0.00000
  1432      72.2501    0.00715
  1433      72.2733    0.00054
  1434      72.4937    0.00038
  1435      72.5538    0.00077
  1436      72.6751    0.01056
  1437      72.8236    0.00113
  1438      72.9875    0.00000
  1439      72.9952    0.00523
  1440      73.0520    0.00880
  1441      73.4922    0.00529
  1442      73.7082    0.00000
  1443      73.7241    0.00931
  1444      73.8261    0.01493
  1445      73.8464    0.00000
  1446      73.9614    0.00000
  1447      74.0018    0.01287
  1448      74.0190    0.00000
  1449      74.0827    0.00000
  1450      74.2893    0.00000
  1451      74.4049    0.02243
  1452      74.4254    0.00000
  1453      74.4656    0.00027
  1454      74.7518    0.00692
  1455      74.8075    0.00730
  1456      74.8834    0.00000
  1457      74.8940    0.01882
  1458      75.1367    0.00703
  1459      75.3031    0.00797
  1460      75.4499    0.00268
  1461      75.4992    0.00000
  1462      75.6657    0.00010
  1463      75.7959    0.00000
  1464      75.8182    0.00000
  1465      75.9965    0.03613
  1466      76.1550    0.00226
  1467      76.1788    0.00315
  1468      76.2290    0.02216
  1469      76.6064    0.00214
  1470      76.6375    0.00001
  1471      76.7200    0.00004
  1472      76.8075    0.00171
  1473      76.8347    0.01120
  1474      76.9688    0.00013
  1475      76.9707    0.00000
  1476      77.0565    0.00012
  1477      77.0626    0.00584
  1478      77.1590    0.00179
  1479      77.3758    0.00478
  1480      77.3987    0.00438
  1481      77.4192    0.00001
  1482      77.6132    0.00000
  1483      77.6425    0.00102
  1484      78.1437    0.00045
  1485      78.1668    0.00057
  1486      78.2227    0.00000
  1487      78.6396    0.00154
  1488      78.8210    0.00693
  1489      78.8463    0.00049
  1490      78.9314    0.00073
  1491      79.0615    0.03064
  1492      79.1413    0.00000
  1493      79.1556    0.00065
  1494      79.4002    0.00000
  1495      79.5764    0.00004
  1496      79.6739    0.00661
  1497      79.7234    0.01452
  1498      79.8872    0.00248
  1499      80.0531    0.00000
  1500      80.3022    0.00050
  1501      80.3279    0.00000
  1502      80.4402    0.00052
  1503      80.5824    0.00031
  1504      80.8525    0.00000
  1505      80.9012    0.00388
  1506      81.0825    0.00000
  1507      81.2308    0.00000
  1508      81.4200    0.00195
  1509      81.4330    0.01096
  1510      81.6377    0.00139
  1511      81.8234    0.00034
  1512      82.1689    0.00009
  1513      82.2634    0.00002
  1514      82.3469    0.00000
  1515      82.3719    0.00000
  1516      82.4164    0.02551
  1517      82.6683    0.00473
  1518      82.7881    0.00463
  1519      82.7907    0.00034
  1520      83.0828    0.00114
  1521      83.2612    0.00018
  1522      83.3982    0.00029
  1523      83.6479    0.00706
  1524      83.7684    0.01090
  1525      83.9195    0.00170
  1526      83.9711    0.00270
  1527      84.1901    0.00860
  1528      84.3266    0.00000
  1529      84.4758    0.02038
  1530      84.4878    0.00116
  1531      84.9803    0.00247
  1532      85.0325    0.00164
  1533      85.4296    0.00092
  1534      85.4504    0.00019
  1535      85.7688    0.00001
  1536      85.8791    0.00208
  1537      86.1140    0.00264
  1538      86.1508    0.00108
  1539      86.6747    0.00218
  1540      86.7668    0.00000
  1541      86.9406    0.00000
  1542      86.9524    0.00447
  1543      87.2793    0.00371
  1544      87.3897    0.01234
  1545      87.4481    0.00001
  1546      87.6599    0.00015
  1547      87.8301    0.00255
  1548      88.1537    0.00053
  1549      88.2292    0.00373
  1550      88.5996    0.00146
  1551      88.7920    0.01242
  1552      89.0383    0.00444
  1553      89.1911    0.00394
  1554      89.3202    0.00003
  1555      89.3528    0.00067
  1556      89.4851    0.00000
  1557      89.4947    0.00248
  1558      89.6549    0.00065
  1559      89.7737    0.02160
  1560      89.9209    0.00000
  1561      89.9374    0.00071
  1562      90.0821    0.00229
  1563      90.4532    0.00389
  1564      90.4800    0.00251
  1565      90.5751    0.00074
  1566      90.8253    0.00139
  1567      90.9702    0.00080
  1568      91.0375    0.00005
  1569      91.1679    0.01893
  1570      91.2216    0.00428
  1571      91.2275    0.00172
  1572      91.5454    0.00000
  1573      91.8410    0.00005
  1574      92.0780    0.00816
  1575      92.2499    0.00151
  1576      92.3221    0.00061
  1577      92.5138    0.00060
  1578      93.3141    0.00237
  1579      93.3923    0.00000
  1580      93.5936    0.00001
  1581      94.0399    0.00173
  1582      94.0942    0.01190
  1583      95.0186    0.00001
  1584      95.0633    0.00027
  1585      95.0754    0.00017
  1586      95.4057    0.04209
  1587      95.5305    0.00000
  1588      95.6045    0.00513
  1589      96.0074    0.00012
  1590      96.0968    0.00090
  1591      96.3681    0.01946
  1592      96.5425    0.01024
  1593      96.6057    0.00300
  1594      96.6231    0.00056
  1595      97.1089    0.00338
  1596      97.3405    0.00013
  1597      97.8764    0.00138
  1598      97.9181    0.00000
  1599      97.9683    0.00107
  1600      98.1243    0.00075
  1601      98.2768    0.00045
  1602      98.5385    0.00000
  1603      98.6942    0.00070
  1604      99.0021    0.00052
  1605      99.1431    0.01790
  1606      99.2405    0.00135
  1607      99.2553    0.01565
  1608      99.5507    0.00783
  1609      99.8179    0.00040
  1610      99.9811    0.00215
  1611     100.6399    0.00081
  1612     100.9293    0.00081
  1613     100.9788    0.00037
  1614     101.1237    0.00512
  1615     101.4167    0.00144
  1616     101.4466    0.00000
  1617     101.7000    0.00861
  1618     101.8664    0.00709
  1619     102.2992    0.01193
  1620     102.6069    0.00001
  1621     102.8614    0.02748
  1622     103.3189    0.00935
  1623     103.3491    0.00108
  1624     103.5906    0.02092
  1625     104.0926    0.00345
  1626     104.3687    0.00220
  1627     104.5287    0.10464
  1628     104.6349    0.00652
  1629     104.7850    0.00003
  1630     105.2321    0.00058
  1631     105.2546    0.00096
  1632     105.8907    0.00465
  1633     106.1680    0.01313
  1634     106.2244    0.05165
  1635     106.2397    0.01499
  1636     106.3069    0.00000
  1637     106.4134    0.00177
  1638     106.4374    0.00000
  1639     106.9119    0.00025
  1640     107.0322    0.00868
  1641     107.1872    0.00000
  1642     107.3201    0.00000
  1643     107.3562    0.00000
  1644     107.5297    0.00003
  1645     107.6565    0.01264
  1646     107.9370    0.02223
  1647     108.7718    0.02253
  1648     108.7792    0.01051
  1649     108.7972    0.01973
  1650     109.0262    0.00405
  1651     109.0624    0.00028
  1652     109.2915    0.00000
  1653     109.7718    0.02334
  1654     109.8062    0.00000
  1655     109.8573    0.00002
  1656     110.1670    0.00000
  1657     110.2399    0.00936
  1658     110.4387    0.00046
  1659     110.6925    0.00127
  1660     110.8605    0.05426
  1661     110.9690    0.01695
  1662     111.2348    0.01357
  1663     111.2942    0.00507
  1664     111.3969    0.00000
  1665     111.7529    0.00000
  1666     111.8431    0.00030
  1667     112.3698    0.00686
  1668     112.7246    0.00534
  1669     112.8291    0.00088
  1670     113.0940    0.03429
  1671     113.6477    0.00879
  1672     113.8807    0.06498
  1673     113.9259    0.00000
  1674     114.0236    0.14456
  1675     114.2953    0.00000
  1676     114.4870    0.00109
  1677     114.7168    0.00687
  1678     114.9801    0.03972
  1679     115.1101    0.00401
  1680     115.5133    0.00189
  1681     115.5787    0.00000
  1682     115.5961    0.00008
  1683     115.9352    0.02459
  1684     116.1697    0.00000
  1685     116.3878    0.04833
  1686     116.6916    0.00220
  1687     116.7912    0.00300
  1688     117.1229    0.23267
  1689     117.3039    0.00153
  1690     117.4860    0.09799
  1691     117.5949    0.00005
  1692     118.0600    0.00436
  1693     118.2250    0.00426
  1694     118.2404    0.00000
  1695     118.3385    0.03043
  1696     119.3298    0.09653
  1697     119.3354    0.00000
  1698     120.1193    0.01344
  1699     120.2130    0.04830
  1700     120.4869    0.03652
  1701     120.6524    0.00000
  1702     121.1169    0.02309
  1703     121.9262    0.00000
  1704     122.1454    0.00084
  1705     122.3894    0.00349
  1706     122.5489    0.00606
  1707     122.8289    0.06296
  1708     123.8905    0.00259
  1709     124.0927    0.01106
  1710     124.4790    0.00020
  1711     124.5630    0.02046
  1712     124.6446    0.00442
  1713     125.1074    0.00925
  1714     125.2004    0.00109
  1715     125.7814    0.00000
  1716     126.3735    0.00463
  1717     126.4103    0.00014
  1718     126.7929    0.01428
  1719     127.8353    0.00000
  1720     128.4487    0.00010
  1721     129.0625    0.00139
  1722     130.0064    0.00026
  1723     130.5260    0.00044
  1724     130.7424    0.00024
  1725     132.4546    0.00111
  1726     134.6565    0.00179
  1727     135.0911    0.00088
  1728     136.0298    0.00000
  1729     144.5947    0.00084
  1730     296.4443    0.00000
  1731     296.9604    0.12278
  1732     297.5144    0.09194
  1733     297.6986    0.00000
  1734     298.6075    0.01073
  1735     298.8939    0.00211
  1736     299.0074    0.00720
  1737     299.3338    0.00350
  1738     299.4193    0.00388
  1739     299.7044    0.00000
  1740     299.7478    0.00005
  1741     299.8071    0.00025
  1742     299.8788    0.00025
  1743     299.9135    0.00000
  1744     299.9305    0.00103
  1745     299.9501    0.00115
  1746     300.0315    0.04261
  1747     300.0665    0.00042
  1748     300.2577    0.01409
  1749     300.2998    0.00366
  1750     300.3107    0.00102
  1751     300.3607    0.00866
  1752     300.3753    0.00090
  1753     300.3997    0.00012
  1754     300.4647    0.00000
  1755     300.4720    0.00000
  1756     300.6171    0.00601
  1757     300.7273    0.00000
  1758     300.7674    0.00032
  1759     300.7681    0.00015
  1760     300.8427    0.00680
  1761     300.8769    0.00069
  1762     300.9686    0.00148
  1763     300.9832    0.00000
  1764     301.1607    0.00037
  1765     301.1870    0.00280
  1766     301.2364    0.00053
  1767     301.3159    0.00061
  1768     301.4042    0.00165
  1769     301.4142    0.01328
  1770     301.5697    0.00009
  1771     301.6014    0.00497
  1772     301.6369    0.00035
  1773     301.6598    0.00388
  1774     301.6616    0.00000
  1775     301.8361    0.00000
  1776     301.8465    0.00478
  1777     301.8829    0.00000
  1778     301.8880    0.00000
  1779     301.8944    0.00174
  1780     301.9592    0.00194
  1781     302.0532    0.01163
  1782     302.1259    0.00007
  1783     302.1383    0.00241
  1784     302.1634    0.00915
  1785     302.2807    0.01809
  1786     302.3812    0.00348
  1787     302.4140    0.00000
  1788     302.4262    0.00063
  1789     302.4542    0.00029
  1790     302.4569    0.01356
  1791     302.6699    0.00030
  1792     302.6815    0.00250
  1793     302.7823    0.00222
  1794     302.7942    0.00000
  1795     302.8539    0.00294
  1796     302.8855    0.00456
  1797     302.8961    0.01120
  1798     303.0640    0.00093
  1799     303.0915    0.00421
  1800     303.1048    0.00000
  1801     303.1251    0.00000
  1802     303.1365    0.00041
  1803     303.2992    0.00608
  1804     303.3937    0.00193
  1805     303.4044    0.00405
  1806     303.4068    0.00029
  1807     303.5104    0.00421
  1808     303.7034    0.00015
  1809     303.7748    0.00090
  1810     303.8098    0.02385
  1811     303.8337    0.00138
  1812     304.0562    0.00205
  1813     304.1168    0.00214
  1814     304.1281    0.00753
  1815     304.3702    0.00575
  1816     304.3904    0.00292
  1817     304.3933    0.00927
  1818     304.5131    0.00000
  1819     304.5369    0.00744
  1820     304.6861    0.00139
  1821     304.7022    0.00140
  1822     304.7499    0.00531
  1823     304.7563    0.00001
  1824     304.8694    0.00009
  1825     305.0589    0.00530
  1826     305.2007    0.00011
  1827     305.2060    0.00805
  1828     305.3218    0.00100
  1829     305.3830    0.00065
  1830     305.4368    0.00000
  1831     305.4931    0.00184
  1832     305.5859    0.00013
  1833     305.5964    0.00265
  1834     305.7154    0.00026
  1835     305.8742    0.00086
  1836     305.9019    0.00311
  1837     305.9102    0.00128
  1838     305.9484    0.00000
  1839     305.9563    0.00101
  1840     306.1013    0.00123
  1841     306.1281    0.00471
  1842     306.1471    0.00187
  1843     306.1696    0.01025
  1844     306.2834    0.00452
  1845     306.3873    0.03391
  1846     306.3967    0.00000
  1847     306.4450    0.01392
  1848     306.6105    0.00038
  1849     306.7816    0.00329
  1850     306.8403    0.00037
  1851     306.8448    0.00576
  1852     306.9162    0.00033
  1853     307.0516    0.00037
  1854     307.3550    0.00368
  1855     307.4343    0.00001
  1856     307.4424    0.00727
  1857     307.5721    0.00775
  1858     307.6351    0.00143
  1859     307.8492    0.00483
  1860     307.8635    0.00103
  1861     307.9142    0.00002
  1862     307.9267    0.02125
  1863     307.9331    0.00931
  1864     307.9743    0.01912
  1865     308.2217    0.01074
  1866     308.2571    0.02608
  1867     308.4624    0.00330
  1868     308.4912    0.00433
  1869     308.5734    0.01700
  1870     308.5971    0.00000
  1871     308.8658    0.00599
  1872     308.8675    0.00772
  1873     309.0287    0.00000
  1874     309.0641    0.00000
  1875     309.2111    0.00494
  1876     309.3390    0.00050
  1877     309.3989    0.00017
  1878     309.5893    0.00674
  1879     309.6648    0.00091
  1880     309.6805    0.01590
  1881     309.7814    0.01096
  1882     309.7872    0.00607
  1883     309.8395    0.00341
  1884     309.8997    0.00000
  1885     309.9673    0.00180
  1886     310.0613    0.00000
  1887     310.1709    0.00694
  1888     310.2616    0.00747
  1889     310.3931    0.00472
  1890     310.5120    0.00082
  1891     310.6014    0.01450
  1892     310.6342    0.00229
  1893     310.6527    0.00000
  1894     310.8066    0.00067
  1895     310.8537    0.01100
  1896     310.8843    0.00171
  1897     310.9310    0.00517
  1898     311.0358    0.00000
  1899     311.1789    0.00116
  1900     311.2169    0.00024
  1901     311.2797    0.01528
  1902     311.4269    0.00000
  1903     311.4535    0.00119
  1904     311.5594    0.00440
  1905     311.8045    0.01023
  1906     311.8244    0.00069
  1907     311.8557    0.05189
  1908     311.8724    0.01212
  1909     311.8771    0.00000
  1910     311.9850    0.00523
  1911     312.1206    0.00075
  1912     312.1607    0.00000
  1913     312.2571    0.00015
  1914     312.3241    0.00028
  1915     312.4914    0.00305
  1916     312.5183    0.00796
  1917     312.6054    0.00709
  1918     312.7322    0.00035
  1919     312.8026    0.00308
  1920     312.8714    0.00253
  1921     312.8931    0.02578
  1922     312.9945    0.00086
  1923     313.0276    0.00112
  1924     313.0795    0.01963
  1925     313.1167    0.00076
  1926     313.2517    0.00066
  1927     313.2916    0.00000
  1928     313.5198    0.01827
  1929     313.5609    0.00286
  1930     313.7309    0.04041
  1931     313.9633    0.00017
  1932     313.9800    0.00000
  1933     314.0507    0.03904
  1934     314.0987    0.00021
  1935     314.2176    0.00035
  1936     314.3101    0.00000
  1937     314.3477    0.00702
  1938     314.3991    0.00911
  1939     314.4382    0.00150
  1940     314.4987    0.00000
  1941     314.6482    0.01315
  1942     314.7030    0.00052
  1943     314.7306    0.00315
  1944     314.8944    0.00001
  1945     314.9527    0.00375
  1946     315.0305    0.00085
  1947     315.1900    0.00000
  1948     315.1954    0.00494
  1949     315.2455    0.00001
  1950     315.3222    0.02239
  1951     315.3749    0.00001
  1952     315.5239    0.00255
  1953     315.6767    0.00212
  1954     315.6877    0.00508
  1955     315.7247    0.00339
  1956     315.9147    0.00708
  1957     315.9247    0.02887
  1958     316.2018    0.01038
  1959     316.4373    0.00365
  1960     316.4542    0.00000
  1961     316.4708    0.00079
  1962     316.6074    0.00873
  1963     316.8852    0.00028
  1964     316.9101    0.00947
  1965     316.9988    0.02160
  1966     317.0757    0.01181
  1967     317.1282    0.00159
  1968     317.1765    0.00011
  1969     317.3376    0.00000
  1970     317.6286    0.00668
  1971     318.0981    0.00700
  1972     318.1057    0.00012
  1973     318.1064    0.00198
  1974     318.1450    0.02981
  1975     318.4310    0.00195
  1976     318.7770    0.00041
  1977     318.8163    0.00000
  1978     319.0501    0.00008
  1979     319.0875    0.03999
  1980     319.1116    0.00016
  1981     319.2221    0.01048
  1982     319.2641    0.00000
  1983     319.5365    0.00008
  1984     319.6332    0.00011
  1985     319.7190    0.00000
  1986     319.7758    0.00001
  1987     319.7837    0.01012
  1988     319.8533    0.00447
  1989     319.8556    0.00083
  1990     320.3244    0.03500
  1991     320.3487    0.00571
  1992     320.5382    0.05737
  1993     320.5487    0.04339
  1994     320.5776    0.00000
  1995     320.7956    0.00616
  1996     320.8145    0.00664
  1997     320.8324    0.00000
  1998     321.0267    0.01616
  1999     321.1227    0.00000
  2000     321.2100    0.00000
  2001     321.2198    0.00765
  2002     321.2360    0.00730
  2003     321.4320    0.00385
  2004     321.5322    0.01359
  2005     321.8756    0.00048
  2006     322.0126    0.01059
  2007     322.2813    0.02391
  2008     322.3754    0.01598
  2009     322.6260    0.00851
  2010     322.6830    0.02028
  2011     322.8539    0.00588
  2012     323.2348    0.00007
  2013     323.7084    0.00117
  2014     323.9494    0.00083
  2015     324.3221    0.00408
  2016     324.3589    0.00396
  2017     324.4958    0.01038
  2018     324.5442    0.00079
  2019     324.8175    0.02762
  2020     325.1555    0.00123
  2021     325.1797    0.00026
  2022     325.2726    0.00021
  2023     325.4634    0.00049
  2024     325.5134    0.00075
  2025     325.6616    0.00509
  2026     326.7073    0.00014
  2027     326.7226    0.01398
  2028     327.2519    0.00000
  2029     327.6688    0.00003
  2030     327.6792    0.00113
  2031     327.7452    0.01742
  2032     327.9828    0.00263
  2033     328.0977    0.00406
  2034     328.3400    0.01975
  2035     328.6095    0.00000
  2036     328.7349    0.00796
  2037     328.8530    0.00032
  2038     329.6783    0.00265
  2039     329.9251    0.01366
  2040     330.3590    0.00121
  2041     330.4081    0.00044
  2042     330.5087    0.00219
  2043     331.2735    0.00000
  2044     331.4273    0.00246
  2045     331.5575    0.01668
  2046     331.5776    0.00000
  2047     331.9652    0.00302
  2048     332.0607    0.00060
  2049     332.1398    0.01053
  2050     332.2049    0.00000
  2051     332.5691    0.00019
  2052     332.8890    0.00000
  2053     332.8952    0.00611
  2054     333.0119    0.00043
  2055     333.0485    0.00000
  2056     333.2888    0.01070
  2057     333.4864    0.00017
  2058     333.5186    0.00000
  2059     333.6431    0.00106
  2060     333.6619    0.02567
  2061     333.8612    0.01452
  2062     334.1065    0.00000
  2063     334.1731    0.00009
  2064     334.4684    0.00430
  2065     334.4985    0.00664
  2066     334.8735    0.00357
  2067     335.0234    0.00028
  2068     335.1611    0.00251
  2069     335.2327    0.00047
  2070     335.2985    0.00194
  2071     335.4612    0.00000
  2072     335.6494    0.00077
  2073     335.9590    0.01018
  2074     336.0110    0.00040
  2075     336.1376    0.00092
  2076     336.1468    0.01097
  2077     336.2833    0.00059
  2078     336.5124    0.00018
  2079     336.6267    0.00020
  2080     336.6494    0.00054
  2081     336.7270    0.00210
  2082     336.8416    0.00089
  2083     336.8583    0.00279
  2084     336.9500    0.00008
  2085     337.0456    0.00056
  2086     337.3270    0.00010
  2087     337.4092    0.00000
  2088     337.4931    0.00000
  2089     337.8670    0.00031
  2090     337.9185    0.00023
  2091     338.5092    0.00075
  2092     338.9620    0.00041
  2093     339.2679    0.00000
  2094     339.4770    0.00031
  2095     339.8160    0.00121
  2096     339.9118    0.00613
  2097     340.2282    0.00023
  2098     340.3330    0.00000
  2099     340.3486    0.00000
  2100     340.6139    0.00084
  2101     340.8023    0.02034
  2102     340.8511    0.00129
  2103     341.0524    0.00447
  2104     341.1327    0.00041
  2105     341.5851    0.00098
  2106     341.7969    0.00356
  2107     341.8243    0.00762
  2108     341.9097    0.00024
  2109     341.9218    0.00017
  2110     342.1120    0.00000
  2111     342.1958    0.00122
  2112     342.2953    0.00000
  2113     342.3953    0.00000
  2114     342.4130    0.00120
  2115     342.4147    0.00890
  2116     342.7316    0.00467
  2117     342.7787    0.01166
  2118     343.5067    0.00064
  2119     343.5680    0.00340
  2120     343.8541    0.00000
  2121     343.8911    0.00096
  2122     343.8928    0.00120
  2123     344.0254    0.00073
  2124     344.0291    0.00056
  2125     344.2420    0.01424
  2126     344.2814    0.00047
  2127     344.3560    0.01996
  2128     344.4407    0.02369
  2129     344.6542    0.00338
  2130     344.7002    0.00000
  2131     344.7255    0.01244
  2132     345.0951    0.00008
  2133     345.3811    0.00072
  2134     345.9502    0.00755
  2135     346.0965    0.00000
  2136     346.3713    0.00638
  2137     346.4383    0.00576
  2138     346.7440    0.00044
  2139     346.8253    0.00002
  2140     346.8465    0.00000
  2141     347.2300    0.00170
  2142     347.2771    0.00000
  2143     347.5531    0.00025
  2144     347.7467    0.00377
  2145     348.0201    0.00000
  2146     348.4540    0.00007
  2147     348.9257    0.03243
  2148     348.9921    0.01348
  2149     349.3730    0.00260
  2150     349.4413    0.00448
  2151     349.7091    0.00158
  2152     349.7454    0.00363
  2153     350.0467    0.00768
  2154     350.1552    0.00000
  2155     350.1958    0.00000
  2156     350.2340    0.00031
  2157     350.6448    0.00076
  2158     351.1862    0.01337
  2159     351.3379    0.00580
  2160     351.3812    0.01116
  2161     351.4121    0.00014
  2162     351.7262    0.00323
  2163     351.7451    0.00140
  2164     351.7634    0.00011
  2165     352.1048    0.00023
  2166     352.5308    0.00001
  2167     352.6674    0.00352
  2168     352.7415    0.00070
  2169     352.9849    0.00079
  2170     353.2831    0.00586
  2171     353.8188    0.00102
  2172     354.0244    0.00752
  2173     354.3394    0.00000
  2174     356.1432    0.00000
  2175     356.3462    0.00032
  2176     356.3892    0.00000
  2177     356.9395    0.00010
  2178     357.0890    0.00096
  2179     357.1266    0.00012
  2180     357.3376    0.00000
  2181     357.6614    0.00000
  2182     357.6634    0.00760
  2183     358.4224    0.01627
  2184     359.1775    0.00024
  2185     359.7403    0.00152
  2186     362.6011    0.00000
  2187     362.6050    0.00004
  2188     363.1426    0.00084
  2189     363.1474    0.00380
  2190     363.3759    0.00000
  2191     363.4319    0.00966
  2192     363.4590    0.04821
  2193     363.8843    0.03979
  2194     364.6955    0.00986
  2195     365.1029    0.00249
  2196     365.2744    0.00147
  2197     365.6327    0.00215
  2198     365.7939    0.00016
  2199     365.8168    0.01348
  2200     365.8709    0.00237
  2201     365.8815    0.03303
  2202     366.4837    0.00019
  2203     366.6826    0.00007
  2204     366.8721    0.01266
  2205     367.4306    0.00050
  2206     372.5360    0.03919
  2207     373.2572    0.00490
  2208     374.1410    0.00055
  2209     374.2823    0.00007
  2210     374.3111    0.00316
  2211     374.6756    0.00231
  2212     374.8658    0.00688
  2213     374.9842    0.00510
  2214     376.1333    0.00000
  2215     376.9024    0.00017
  2216     377.0887    0.00802
  2217     377.5150    0.00038
  2218     377.5390    0.02109
  2219     378.0836    0.00100
  2220     378.1856    0.00734
  2221     378.5207    0.00391
  2222     381.9419    0.00539
  2223     382.5066    0.01843
  2224     382.7249    0.00076
  2225     382.9545    0.01155
  2226     384.0930    0.00014
  2227     384.2716    0.00636
  2228     384.7228    0.00923
  2229     384.8729    0.00702
  2230     389.6939    0.00021
  2231     390.4524    0.00552
  2232     391.2074    0.00039
  2233     391.7719    0.00242
  2234     391.8964    0.00000
  2235     392.2676    0.00142
  2236     392.6583    0.02807
  2237     392.8187    0.00000
  2238     392.8326    0.00114
  2239     393.6278    0.00006
  2240     394.5098    0.00000
  2241     395.0783    0.00000
  2242     396.5303    0.00019
  2243     397.3394    0.00000
  2244     398.3388    0.00000
  2245     398.9072    0.00010
  2246     399.0987    0.00161
  2247     399.8748    0.00396
  2248     400.7551    0.00129
  2249     400.9159    0.00175
  2250     401.3221    0.00008
  2251     401.6754    0.00186
  2252     402.7574    0.00007
  2253     403.0887    0.00234
  2254     403.3218    0.00114
  2255     403.8754    0.00002
  2256     404.7567    0.00002
  2257     405.3170    0.00039
  2258     411.4178    0.00004
  2259     411.5629    0.00002
  2260     411.9802    0.00057
  2261     412.3680    0.00038
  2262     550.7871    0.02534
  2263     552.4498    0.00011
  2264     553.1572    0.00033
  2265     553.2106    0.00075
  2266     553.6046    0.00000
  2267     553.6197    0.00124
  2268     553.6403    0.00006
  2269     553.8753    0.00017
  2270     554.2263    0.00000
  2271     554.7702    0.00001
  2272     554.8245    0.00000
  2273     554.9851    0.00930
  2274     555.3254    0.00120
  2275     555.5895    0.00503
  2276     555.6678    0.00062
  2277     555.8016    0.00750
  2278     556.1043    0.00141
  2279     556.1382    0.00000
  2280     556.2851    0.00599
  2281     556.4298    0.00633
  2282     556.7440    0.02038
  2283     557.3213    0.00014
  2284     557.4250    0.00777
  2285     557.8018    0.00479
  2286     557.9172    0.00217
  2287     558.2271    0.00261
  2288     559.0041    0.00000
  2289     559.4145    0.00111
  2290     559.7425    0.00289
  2291     559.7987    0.00231
  2292     560.0011    0.00232
  2293     560.4864    0.00566
  2294     560.9635    0.00000
  2295     561.3910    0.00029
  2296     561.9849    0.00000
  2297     562.2101    0.01209
  2298     562.2570    0.01136
  2299     562.2743    0.00013
  2300     563.1313    0.00009
  2301     563.3678    0.00000
  2302     564.1768    0.00432
  2303     564.2692    0.00081
  2304     564.6709    0.00148
  2305     564.9503    0.00000
  2306     565.1968    0.00092
  2307     565.3326    0.00679
  2308     565.8622    0.00073
  2309     566.0397    0.00012
  2310     566.2792    0.00118
  2311     566.8915    0.00519
  2312     567.1180    0.00666
  2313     567.8052    0.00549
  2314     567.8414    0.00011
  2315     568.0133    0.00002
  2316     568.2121    0.00000
  2317     568.4180    0.00010
  2318     569.3544    0.00158
  2319     569.8229    0.00379
  2320     569.9641    0.00137
  2321     570.2751    0.00009
  2322     570.9288    0.00642
  2323     572.5120    0.00020
  2324     572.6619    0.00236
  2325     572.8040    0.00000
  2326     573.1057    0.00000
  2327     573.4638    0.00002
  2328     574.2353    0.00000
  2329     574.5253    0.00002
  2330     575.5871    0.00616
  2331     575.7644    0.00030
  2332     576.0908    0.00215
  2333     577.4179    0.00766
  2334     578.0109    0.00146
  2335     578.6618    0.00058
  2336     578.6839    0.01161
  2337     580.4893    0.00000
  2338     582.0350    0.00134
  2339     583.0476    0.00521
  2340     583.6343    0.00000
  2341     584.6681    0.05940
  2342     585.4049    0.00347
  2343     586.6002    0.02815
  2344     586.8344    0.00033
  2345     587.7961    0.00478
  2346     588.5860    0.00036
  2347     588.6138    0.00055
  2348     589.3025    0.00021
  2349     589.9055    0.02701
  2350     590.1030    0.00199
  2351     590.1729    0.00060
  2352     590.8246    0.00000
  2353     591.7339    0.02841
  2354     593.9001    0.00297
  2355     594.1716    0.01224
  2356     594.3341    0.00230
  2357     595.2081    0.00000
  2358     595.9955    0.00025
  2359     597.1734    0.01450
  2360     598.0061    0.00013
  2361     598.0502    0.00273
  2362     598.0629    0.00000
  2363     599.4507    0.00667
  2364     600.0691    0.00043
  2365     601.7267    0.00030
  2366     603.1546    0.00290
  2367     603.1684    0.00737
  2368     603.4340    0.00000
  2369     605.0855    0.00865
  2370     605.5944    0.00003
  2371     606.1207    0.00000
  2372     606.9407    0.00438
  2373     610.3803    0.00126
  2374     610.5636    0.00000
  2375     611.8038    0.00491
  2376     616.6505    0.00000
  2377     617.4359    0.02073
  2378     619.0283    0.00158
  2379     619.4556    0.00019
  2380     619.7454    0.01016
  2381     627.2107    0.00249
  2382     628.4113    0.00392
  2383     630.0065    0.00117
  2384     630.6851    0.01503
  2385     633.8080    0.00384
  2386     638.4022    0.00026
  2387     641.8500    0.00543
  2388     642.5875    0.00069
  2389     646.3118    0.00051
  2390     646.4738    0.00000
  2391     649.6806    0.00001
  2392     651.0399    0.00308
  2393     654.0909    0.00005
  2394     665.6859    0.00014
  lowest singlet excitation = 6.1904 eV  (f = 0.00000)
