# ACONF / PySCF RI-MP2 / cc-pVDZ  (18 conformers)
  B_G          E = -157.90726829 Ha  (RHF -157.30798633, MP2corr -0.59928196)
  B_T          E = -157.90831669 Ha  (RHF -157.30983101, MP2corr -0.59848568)
  H_g+t+g-     E = -236.27255781 Ha  (RHF -235.38067129, MP2corr -0.89188652)
  H_g+x-g-     E = -236.26902017 Ha  (RHF -235.37574309, MP2corr -0.89327708)
  H_g+x-t+     E = -236.27013292 Ha  (RHF -235.37769529, MP2corr -0.89243764)
  H_ggg        E = -236.27271599 Ha  (RHF -235.37875942, MP2corr -0.89395658)
  H_gtg        E = -236.27289093 Ha  (RHF -235.38080333, MP2corr -0.89208760)
  H_gtt        E = -236.27372497 Ha  (RHF -235.38270854, MP2corr -0.89101643)
  H_t+g+x-     E = -236.27007938 Ha  (RHF -235.37768735, MP2corr -0.89239203)
  H_tgg        E = -236.27327406 Ha  (RHF -235.38068205, MP2corr -0.89259201)
  H_tgt        E = -236.27377231 Ha  (RHF -235.38267432, MP2corr -0.89109799)
  H_ttt        E = -236.27460841 Ha  (RHF -235.38461161, MP2corr -0.88999681)
  H_x+g-g-     E = -236.26933653 Ha  (RHF -235.37552774, MP2corr -0.89380879)
  H_x+g-x+     E = -236.26598811 Ha  (RHF -235.37206364, MP2corr -0.89392447)
  P_GG         E = -197.08991199 Ha  (RHF -196.34339807, MP2corr -0.74651392)
  P_GX         E = -197.08658014 Ha  (RHF -196.34029903, MP2corr -0.74628111)
  P_TG         E = -197.09050219 Ha  (RHF -196.34531849, MP2corr -0.74518370)
  P_TT         E = -197.09146315 Ha  (RHF -196.34721544, MP2corr -0.74424771)

# reactions (kcal/mol): PySCF vs CCSD(T)/CBS ref
rxn   reactant    product     pyscf       ref      err
  1        B_T        B_G     0.658     0.598    0.060
  2       P_TT       P_TG     0.603     0.614   -0.011
  3       P_TT       P_GG     0.973     0.961    0.012
  4       P_TT       P_GX     3.064     2.813    0.251
  5      H_ttt      H_gtt     0.554     0.595   -0.041
  6      H_ttt      H_tgt     0.525     0.604   -0.079
  7      H_ttt      H_tgg     0.837     0.934   -0.097
  8      H_ttt      H_gtg     1.078     1.178   -0.100
  9      H_ttt   H_g+t+g-     1.287     1.302   -0.015
 10      H_ttt      H_ggg     1.188     1.250   -0.062
 11      H_ttt   H_g+x-t+     2.808     2.632    0.176
 12      H_ttt   H_t+g+x-     2.842     2.740    0.102
 13      H_ttt   H_g+x-g-     3.507     3.283    0.224
 14      H_ttt   H_x+g-g-     3.308     3.083    0.225
 15      H_ttt   H_x+g-x+     5.409     4.925    0.484

# 15/15 reactions | MAE=0.129  MD=+0.075  RMSD=0.178  MAX=0.484 kcal/mol | 34.6s
