# ACONF / ferric  method=rs-mp2-rpa@0.42  basis=cc-pvdz  (18 conformers)
  B_G          E = -157.90712767 Ha
  B_T          E = -157.90818254 Ha
  H_g+t+g-     E = -236.27226282 Ha
  H_g+x-g-     E = -236.26870915 Ha
  H_g+x-t+     E = -236.26983043 Ha
  H_ggg        E = -236.27239310 Ha
  H_gtg        E = -236.27259139 Ha
  H_gtt        E = -236.27343984 Ha
  H_t+g+x-     E = -236.26977555 Ha
  H_tgg        E = -236.27296799 Ha
  H_tgt        E = -236.27348481 Ha
  H_ttt        E = -236.27437973 Ha
  H_x+g-g-     E = -236.26901433 Ha
  H_x+g-x+     E = -236.26566268 Ha
  P_GG         E = -197.08968661 Ha
  P_GX         E = -197.08635811 Ha
  P_TG         E = -197.09029047 Ha
  P_TT         E = -197.09126224 Ha

# reactions (kcal/mol):  ferric vs CCSD(T)/CBS W1h-val ref
rxn   reactant    product    ferric       ref      err
  1        B_T        B_G     0.662     0.598    0.064
  2       P_TT       P_TG     0.610     0.614   -0.004
  3       P_TT       P_GG     0.989     0.961    0.028
  4       P_TT       P_GX     3.077     2.813    0.264
  5      H_ttt      H_gtt     0.590     0.595   -0.005
  6      H_ttt      H_tgt     0.562     0.604   -0.042
  7      H_ttt      H_tgg     0.886     0.934   -0.048
  8      H_ttt      H_gtg     1.122     1.178   -0.056
  9      H_ttt   H_g+t+g-     1.328     1.302    0.026
 10      H_ttt      H_ggg     1.247     1.250   -0.003
 11      H_ttt   H_g+x-t+     2.855     2.632    0.223
 12      H_ttt   H_t+g+x-     2.889     2.740    0.149
 13      H_ttt   H_g+x-g-     3.558     3.283    0.275
 14      H_ttt   H_x+g-g-     3.367     3.083    0.284
 15      H_ttt   H_x+g-x+     5.470     4.925    0.545

# 15/15 reactions | MAE=0.135  MD=+0.113  RMSD=0.201  MAX=0.545 kcal/mol | 1845.7s
